Archive member included to satisfy reference by file (symbol)

/usr/lib/gcc/arm-none-eabi/9.2.1/../../../arm-none-eabi/lib/thumb/v7-m/nofp/libc_nano.a(lib_a-atexit.o)
                              /usr/lib/gcc/arm-none-eabi/9.2.1/../../../arm-none-eabi/lib/thumb/v7-m/nofp/crt0.o (atexit)
/usr/lib/gcc/arm-none-eabi/9.2.1/../../../arm-none-eabi/lib/thumb/v7-m/nofp/libc_nano.a(lib_a-exit.o)
                              /usr/lib/gcc/arm-none-eabi/9.2.1/../../../arm-none-eabi/lib/thumb/v7-m/nofp/crt0.o (exit)
/usr/lib/gcc/arm-none-eabi/9.2.1/../../../arm-none-eabi/lib/thumb/v7-m/nofp/libc_nano.a(lib_a-fini.o)
                              /usr/lib/gcc/arm-none-eabi/9.2.1/../../../arm-none-eabi/lib/thumb/v7-m/nofp/crt0.o (__libc_fini_array)
/usr/lib/gcc/arm-none-eabi/9.2.1/../../../arm-none-eabi/lib/thumb/v7-m/nofp/libc_nano.a(lib_a-impure.o)
                              /usr/lib/gcc/arm-none-eabi/9.2.1/../../../arm-none-eabi/lib/thumb/v7-m/nofp/libc_nano.a(lib_a-exit.o) (_global_impure_ptr)
/usr/lib/gcc/arm-none-eabi/9.2.1/../../../arm-none-eabi/lib/thumb/v7-m/nofp/libc_nano.a(lib_a-init.o)
                              /usr/lib/gcc/arm-none-eabi/9.2.1/../../../arm-none-eabi/lib/thumb/v7-m/nofp/crt0.o (__libc_init_array)
/usr/lib/gcc/arm-none-eabi/9.2.1/../../../arm-none-eabi/lib/thumb/v7-m/nofp/libc_nano.a(lib_a-memset.o)
                              /usr/lib/gcc/arm-none-eabi/9.2.1/../../../arm-none-eabi/lib/thumb/v7-m/nofp/crt0.o (memset)
/usr/lib/gcc/arm-none-eabi/9.2.1/../../../arm-none-eabi/lib/thumb/v7-m/nofp/libc_nano.a(lib_a-nano-vfprintf_float.o)
                              (_printf_float)
/usr/lib/gcc/arm-none-eabi/9.2.1/../../../arm-none-eabi/lib/thumb/v7-m/nofp/libc_nano.a(lib_a-nano-vfprintf_i.o)
                              /usr/lib/gcc/arm-none-eabi/9.2.1/../../../arm-none-eabi/lib/thumb/v7-m/nofp/libc_nano.a(lib_a-nano-vfprintf_float.o) (_printf_common)
/usr/lib/gcc/arm-none-eabi/9.2.1/../../../arm-none-eabi/lib/thumb/v7-m/nofp/libc_nano.a(lib_a-strlen-stub.o)
                              /usr/lib/gcc/arm-none-eabi/9.2.1/../../../arm-none-eabi/lib/thumb/v7-m/nofp/libc_nano.a(lib_a-nano-vfprintf_float.o) (strlen)
/usr/lib/gcc/arm-none-eabi/9.2.1/../../../arm-none-eabi/lib/thumb/v7-m/nofp/libc_nano.a(lib_a-__atexit.o)
                              /usr/lib/gcc/arm-none-eabi/9.2.1/../../../arm-none-eabi/lib/thumb/v7-m/nofp/libc_nano.a(lib_a-atexit.o) (__register_exitproc)
/usr/lib/gcc/arm-none-eabi/9.2.1/../../../arm-none-eabi/lib/thumb/v7-m/nofp/libc_nano.a(lib_a-__call_atexit.o)
                              /usr/lib/gcc/arm-none-eabi/9.2.1/../../../arm-none-eabi/lib/thumb/v7-m/nofp/libc_nano.a(lib_a-__atexit.o) (__call_exitprocs)
/usr/lib/gcc/arm-none-eabi/9.2.1/../../../arm-none-eabi/lib/thumb/v7-m/nofp/libc_nano.a(lib_a-dtoa.o)
                              /usr/lib/gcc/arm-none-eabi/9.2.1/../../../arm-none-eabi/lib/thumb/v7-m/nofp/libc_nano.a(lib_a-nano-vfprintf_float.o) (_dtoa_r)
/usr/lib/gcc/arm-none-eabi/9.2.1/../../../arm-none-eabi/lib/thumb/v7-m/nofp/libc_nano.a(lib_a-localeconv.o)
                              /usr/lib/gcc/arm-none-eabi/9.2.1/../../../arm-none-eabi/lib/thumb/v7-m/nofp/libc_nano.a(lib_a-nano-vfprintf_float.o) (_localeconv_r)
/usr/lib/gcc/arm-none-eabi/9.2.1/../../../arm-none-eabi/lib/thumb/v7-m/nofp/libc_nano.a(lib_a-malloc.o)
                              /usr/lib/gcc/arm-none-eabi/9.2.1/../../../arm-none-eabi/lib/thumb/v7-m/nofp/libc_nano.a(lib_a-dtoa.o) (malloc)
/usr/lib/gcc/arm-none-eabi/9.2.1/../../../arm-none-eabi/lib/thumb/v7-m/nofp/libc_nano.a(lib_a-memchr-stub.o)
                              /usr/lib/gcc/arm-none-eabi/9.2.1/../../../arm-none-eabi/lib/thumb/v7-m/nofp/libc_nano.a(lib_a-nano-vfprintf_i.o) (memchr)
/usr/lib/gcc/arm-none-eabi/9.2.1/../../../arm-none-eabi/lib/thumb/v7-m/nofp/libc_nano.a(lib_a-memcpy.o)
                              /usr/lib/gcc/arm-none-eabi/9.2.1/../../../arm-none-eabi/lib/thumb/v7-m/nofp/libc_nano.a(lib_a-dtoa.o) (memcpy)
/usr/lib/gcc/arm-none-eabi/9.2.1/../../../arm-none-eabi/lib/thumb/v7-m/nofp/libc_nano.a(lib_a-mprec.o)
                              /usr/lib/gcc/arm-none-eabi/9.2.1/../../../arm-none-eabi/lib/thumb/v7-m/nofp/libc_nano.a(lib_a-dtoa.o) (_Balloc)
/usr/lib/gcc/arm-none-eabi/9.2.1/../../../arm-none-eabi/lib/thumb/v7-m/nofp/libc_nano.a(lib_a-nano-callocr.o)
                              /usr/lib/gcc/arm-none-eabi/9.2.1/../../../arm-none-eabi/lib/thumb/v7-m/nofp/libc_nano.a(lib_a-mprec.o) (_calloc_r)
/usr/lib/gcc/arm-none-eabi/9.2.1/../../../arm-none-eabi/lib/thumb/v7-m/nofp/libc_nano.a(lib_a-nano-freer.o)
                              /usr/lib/gcc/arm-none-eabi/9.2.1/../../../arm-none-eabi/lib/thumb/v7-m/nofp/libc_nano.a(lib_a-malloc.o) (_free_r)
/usr/lib/gcc/arm-none-eabi/9.2.1/../../../arm-none-eabi/lib/thumb/v7-m/nofp/libc_nano.a(lib_a-nano-mallocr.o)
                              /usr/lib/gcc/arm-none-eabi/9.2.1/../../../arm-none-eabi/lib/thumb/v7-m/nofp/libc_nano.a(lib_a-malloc.o) (_malloc_r)
[...]
Memory Configuration

Name             Origin             Length             Attributes
RAM              0x0000000020000000 0x0000000000020000 xrw
ROM_START        0x0000000008000000 0x0000000000004000 xr
EEPROM0          0x0000000008004000 0x0000000000004000 xr
EEPROM1          0x0000000008008000 0x0000000000004000 xr
ROM_INT          0x000000000800c000 0x0000000000034000 xr
*default*        0x0000000000000000 0xffffffffffffffff

Linker script and memory map

LOAD /usr/lib/gcc/arm-none-eabi/9.2.1/thumb/v7-m/nofp/crti.o
LOAD /usr/lib/gcc/arm-none-eabi/9.2.1/thumb/v7-m/nofp/crtbegin.o
LOAD /usr/lib/gcc/arm-none-eabi/9.2.1/../../../arm-none-eabi/lib/thumb/v7-m/nofp/crt0.o
LOAD /usr/lib/gcc/arm-none-eabi/9.2.1/../../../arm-none-eabi/lib/thumb/v7-m/nofp/libc_nano.a
LOAD out_nucleo/board_support/marble_v2/startup_stm32f207xx.o
LOAD out_nucleo/board_support/marble_v2/stm32f2xx_hal_msp.o
LOAD out_nucleo/board_support/marble_v2/stm32f2xx_it.o
LOAD out_nucleo/board_support/marble_v2/system_stm32f2xx.o
LOAD out_nucleo/board_support/marble_v2/marble_board.o
LOAD out_nucleo/board_support/marble_v2/stm32f2xx_flash.o
LOAD out_nucleo/board_support/marble_v2/STM32F2xx_HAL_Driver/Src/stm32f2xx_hal.o
LOAD out_nucleo/board_support/marble_v2/STM32F2xx_HAL_Driver/Src/stm32f2xx_hal_cortex.o
LOAD out_nucleo/board_support/marble_v2/STM32F2xx_HAL_Driver/Src/stm32f2xx_hal_uart.o
LOAD out_nucleo/board_support/marble_v2/STM32F2xx_HAL_Driver/Src/stm32f2xx_hal_gpio.o
LOAD out_nucleo/board_support/marble_v2/STM32F2xx_HAL_Driver/Src/stm32f2xx_hal_rcc.o
LOAD out_nucleo/board_support/marble_v2/STM32F2xx_HAL_Driver/Src/stm32f2xx_hal_i2c.o
LOAD out_nucleo/board_support/marble_v2/STM32F2xx_HAL_Driver/Src/stm32f2xx_hal_eth.o
LOAD out_nucleo/board_support/marble_v2/STM32F2xx_HAL_Driver/Src/stm32f2xx_hal_spi.o
LOAD out_nucleo/board_support/marble_v2/STM32F2xx_HAL_Driver/Src/stm32f2xx_hal_dma.o
LOAD out_nucleo/src/i2c_pm.o
LOAD out_nucleo/src/i2c_fpga.o
LOAD out_nucleo/src/mailbox.o
LOAD out_nucleo/src/phy_mdio.o
LOAD out_nucleo/src/hexrec.o
LOAD out_nucleo/src/syscalls.o
LOAD out_nucleo/src/main.o
LOAD out_nucleo/src/uart_fifo.o
LOAD out_nucleo/src/console.o
LOAD out_nucleo/src/st-eeprom.o
START GROUP
LOAD /usr/lib/gcc/arm-none-eabi/9.2.1/thumb/v7-m/nofp/libgcc.a
LOAD /usr/lib/gcc/arm-none-eabi/9.2.1/../../../arm-none-eabi/lib/thumb/v7-m/nofp/libg_nano.a
LOAD /usr/lib/gcc/arm-none-eabi/9.2.1/../../../arm-none-eabi/lib/thumb/v7-m/nofp/libc_nano.a
END GROUP
START GROUP
LOAD /usr/lib/gcc/arm-none-eabi/9.2.1/thumb/v7-m/nofp/libgcc.a
LOAD /usr/lib/gcc/arm-none-eabi/9.2.1/../../../arm-none-eabi/lib/thumb/v7-m/nofp/libc_nano.a
LOAD /usr/lib/gcc/arm-none-eabi/9.2.1/../../../arm-none-eabi/lib/thumb/v7-m/nofp/libnosys.a
END GROUP
START GROUP
LOAD /usr/lib/gcc/arm-none-eabi/9.2.1/thumb/v7-m/nofp/libgcc.a
LOAD /usr/lib/gcc/arm-none-eabi/9.2.1/../../../arm-none-eabi/lib/thumb/v7-m/nofp/libc_nano.a
LOAD /usr/lib/gcc/arm-none-eabi/9.2.1/../../../arm-none-eabi/lib/thumb/v7-m/nofp/libnosys.a
END GROUP
LOAD /usr/lib/gcc/arm-none-eabi/9.2.1/thumb/v7-m/nofp/crtend.o
LOAD /usr/lib/gcc/arm-none-eabi/9.2.1/thumb/v7-m/nofp/crtn.o
                0x0000000020020000                _estack = 0x20020000
                0x0000000000000200                _Min_Heap_Size = 0x200
                0x0000000000000400                _Min_Stack_Size = 0x400

.isr_vector     0x0000000008000000      0x184
                0x0000000008000000                . = ALIGN (0x4)
 *(.isr_vector)
 .isr_vector    0x0000000008000000      0x184 out_nucleo/board_support/marble_v2/startup_stm32f207xx.o
                0x0000000008000000                g_pfnVectors
                0x0000000008000184                . = ALIGN (0x4)

.text           0x000000000800c000     0xae58
                0x000000000800c000                . = ALIGN (0x4)
 *(.text)
 .text          0x000000000800c000       0x88 /usr/lib/gcc/arm-none-eabi/9.2.1/thumb/v7-m/nofp/crtbegin.o
 .text          0x000000000800c088       0x48 /usr/lib/gcc/arm-none-eabi/9.2.1/../../../arm-none-eabi/lib/thumb/v7-m/nofp/libc_nano.a(lib_a-init.o)
                0x000000000800c088                __libc_init_array
 .text          0x000000000800c0d0       0xa0 /usr/lib/gcc/arm-none-eabi/9.2.1/../../../arm-none-eabi/lib/thumb/v7-m/nofp/libc_nano.a(lib_a-memset.o)
                0x000000000800c0d0                memset
 .text          0x000000000800c170      0x6e0 /usr/lib/gcc/arm-none-eabi/9.2.1/../../../arm-none-eabi/lib/thumb/v7-m/nofp/libc_nano.a(lib_a-nano-vfprintf_float.o)
                0x000000000800c170                __cvt
                0x000000000800c264                __exponent
                0x000000000800c2f4                _printf_float
 .text          0x000000000800c850      0x3bc /usr/lib/gcc/arm-none-eabi/9.2.1/../../../arm-none-eabi/lib/thumb/v7-m/nofp/libc_nano.a(lib_a-nano-vfprintf_i.o)
                0x000000000800c850                _printf_common
                0x000000000800c978                _printf_i
 .text          0x000000000800cc0c       0x5c /usr/lib/gcc/arm-none-eabi/9.2.1/../../../arm-none-eabi/lib/thumb/v7-m/nofp/libc_nano.a(lib_a-strlen-stub.o)
                0x000000000800cc0c                strlen
 .text          0x000000000800cc68     0x1048 /usr/lib/gcc/arm-none-eabi/9.2.1/../../../arm-none-eabi/lib/thumb/v7-m/nofp/libc_nano.a(lib_a-dtoa.o)
                0x000000000800cd94                _dtoa_r
 .text          0x000000000800dcb0       0x14 /usr/lib/gcc/arm-none-eabi/9.2.1/../../../arm-none-eabi/lib/thumb/v7-m/nofp/libc_nano.a(lib_a-localeconv.o)
                0x000000000800dcb0                __localeconv_l
                0x000000000800dcb4                _localeconv_r
                0x000000000800dcbc                localeconv
 .text          0x000000000800dcc4       0x20 /usr/lib/gcc/arm-none-eabi/9.2.1/../../../arm-none-eabi/lib/thumb/v7-m/nofp/libc_nano.a(lib_a-malloc.o)
                0x000000000800dcc4                malloc
                0x000000000800dcd4                free
 .text          0x000000000800dce4       0x8c /usr/lib/gcc/arm-none-eabi/9.2.1/../../../arm-none-eabi/lib/thumb/v7-m/nofp/libc_nano.a(lib_a-memchr-stub.o)
                0x000000000800dce4                memchr
 .text          0x000000000800dd70       0xec /usr/lib/gcc/arm-none-eabi/9.2.1/../../../arm-none-eabi/lib/thumb/v7-m/nofp/libc_nano.a(lib_a-memcpy.o)
                0x000000000800dd70                memcpy
 .text          0x000000000800de5c      0xa08 /usr/lib/gcc/arm-none-eabi/9.2.1/../../../arm-none-eabi/lib/thumb/v7-m/nofp/libc_nano.a(lib_a-mprec.o)
                0x000000000800de5c                _Balloc
                0x000000000800dedc                _Bfree
                0x000000000800df28                __multadd
                0x000000000800dfc8                __s2b
                0x000000000800e074                __hi0bits
                0x000000000800e0b4                __lo0bits
                0x000000000800e114                __i2b
                0x000000000800e140                __multiply
                0x000000000800e28c                __pow5mult
                0x000000000800e350                __lshift
                0x000000000800e418                __mcmp
                0x000000000800e450                __mdiff
                0x000000000800e578                __ulp
                0x000000000800e5b8                __b2d
                0x000000000800e674                __d2b
                0x000000000800e738                __ratio
                0x000000000800e790                _mprec_log10
                0x000000000800e7c8                __copybits
                0x000000000800e810                __any_on
 .text          0x000000000800e864       0x1c /usr/lib/gcc/arm-none-eabi/9.2.1/../../../arm-none-eabi/lib/thumb/v7-m/nofp/libc_nano.a(lib_a-nano-callocr.o)
                0x000000000800e864                _calloc_r
 .text          0x000000000800e880       0xa8 /usr/lib/gcc/arm-none-eabi/9.2.1/../../../arm-none-eabi/lib/thumb/v7-m/nofp/libc_nano.a(lib_a-nano-freer.o)
                0x000000000800e880                _free_r
 .text          0x000000000800e928       0xc8 /usr/lib/gcc/arm-none-eabi/9.2.1/../../../arm-none-eabi/lib/thumb/v7-m/nofp/libc_nano.a(lib_a-nano-mallocr.o)
                0x000000000800e928                _malloc_r
 .text          0x000000000800e9f0       0x24 /usr/lib/gcc/arm-none-eabi/9.2.1/../../../arm-none-eabi/lib/thumb/v7-m/nofp/libc_nano.a(lib_a-sbrkr.o)
                0x000000000800e9f0                _sbrk_r
 .text          0x000000000800ea14       0x48 /usr/lib/gcc/arm-none-eabi/9.2.1/../../../arm-none-eabi/lib/thumb/v7-m/nofp/libc_nano.a(lib_a-assert.o)
                0x000000000800ea14                __assert_func
                0x000000000800ea50                __assert
 .text          0x000000000800ea5c       0x48 /usr/lib/gcc/arm-none-eabi/9.2.1/../../../arm-none-eabi/lib/thumb/v7-m/nofp/libc_nano.a(lib_a-fprintf.o)
                0x000000000800ea5c                _fprintf_r
                0x000000000800ea5c                _fiprintf_r
                0x000000000800ea7c                fprintf
                0x000000000800ea7c                fiprintf
 .text          0x000000000800eaa4       0x40 /usr/lib/gcc/arm-none-eabi/9.2.1/../../../arm-none-eabi/lib/thumb/v7-m/nofp/libc_nano.a(lib_a-mbtowc_r.o)
                0x000000000800eaa4                _mbtowc_r
                0x000000000800eab8                __ascii_mbtowc
 .text          0x000000000800eae4        0x8 /usr/lib/gcc/arm-none-eabi/9.2.1/../../../arm-none-eabi/lib/thumb/v7-m/nofp/libc_nano.a(lib_a-mlock.o)
                0x000000000800eae4                __malloc_lock
                0x000000000800eae8                __malloc_unlock
 .text          0x000000000800eaec      0x364 /usr/lib/gcc/arm-none-eabi/9.2.1/../../../arm-none-eabi/lib/thumb/v7-m/nofp/libc_nano.a(lib_a-nano-vfprintf.o)
                0x000000000800eb24                __sfputs_r
                0x000000000800eb54                __sprint_r
                0x000000000800eb70                _vfiprintf_r
                0x000000000800eb70                _vfprintf_r
                0x000000000800ee38                vfiprintf
                0x000000000800ee38                vfprintf
 .text          0x000000000800ee50       0xc0 /usr/lib/gcc/arm-none-eabi/9.2.1/../../../arm-none-eabi/lib/thumb/v7-m/nofp/libc_nano.a(lib_a-wbuf.o)
                0x000000000800ee50                __swbuf_r
                0x000000000800ef00                __swbuf
 .text          0x000000000800ef10       0x30 /usr/lib/gcc/arm-none-eabi/9.2.1/../../../arm-none-eabi/lib/thumb/v7-m/nofp/libc_nano.a(lib_a-wctomb_r.o)
                0x000000000800ef10                _wctomb_r
                0x000000000800ef24                __ascii_wctomb
 .text          0x000000000800ef40      0x100 /usr/lib/gcc/arm-none-eabi/9.2.1/../../../arm-none-eabi/lib/thumb/v7-m/nofp/libc_nano.a(lib_a-wsetup.o)
                0x000000000800ef40                __swsetup_r
 .text          0x000000000800f040       0x10 /usr/lib/gcc/arm-none-eabi/9.2.1/../../../arm-none-eabi/lib/thumb/v7-m/nofp/libc_nano.a(lib_a-abort.o)
                0x000000000800f040                abort
 .text          0x000000000800f050      0x1b0 /usr/lib/gcc/arm-none-eabi/9.2.1/../../../arm-none-eabi/lib/thumb/v7-m/nofp/libc_nano.a(lib_a-fflush.o)
                0x000000000800f050                __sflush_r
                0x000000000800f17c                _fflush_r
                0x000000000800f1dc                fflush
 .text          0x000000000800f200      0x210 /usr/lib/gcc/arm-none-eabi/9.2.1/../../../arm-none-eabi/lib/thumb/v7-m/nofp/libc_nano.a(lib_a-findfp.o)
                0x000000000800f204                _cleanup_r
                0x000000000800f214                __sfmoreglue
                0x000000000800f244                __sfp
                0x000000000800f3bc                _cleanup
                0x000000000800f3d0                __sinit
                0x000000000800f3d8                __sfp_lock_acquire
                0x000000000800f3dc                __sfp_lock_release
                0x000000000800f3e0                __sinit_lock_acquire
                0x000000000800f3e4                __sinit_lock_release
                0x000000000800f3e8                __fp_lock_all
                0x000000000800f3fc                __fp_unlock_all
 .text          0x000000000800f410      0x300 /usr/lib/gcc/arm-none-eabi/9.2.1/../../../arm-none-eabi/lib/thumb/v7-m/nofp/libc_nano.a(lib_a-fvwrite.o)
                0x000000000800f410                __sfvwrite_r
 .text          0x000000000800f710       0x98 /usr/lib/gcc/arm-none-eabi/9.2.1/../../../arm-none-eabi/lib/thumb/v7-m/nofp/libc_nano.a(lib_a-fwalk.o)
                0x000000000800f710                _fwalk
                0x000000000800f758                _fwalk_reent
 .text          0x000000000800f7a8       0xf0 /usr/lib/gcc/arm-none-eabi/9.2.1/../../../arm-none-eabi/lib/thumb/v7-m/nofp/libc_nano.a(lib_a-makebuf.o)
                0x000000000800f7a8                __swhatbuf_r
                0x000000000800f804                __smakebuf_r
 .text          0x000000000800f898       0xcc /usr/lib/gcc/arm-none-eabi/9.2.1/../../../arm-none-eabi/lib/thumb/v7-m/nofp/libc_nano.a(lib_a-memmove.o)
                0x000000000800f898                memmove
 .text          0x000000000800f964       0x4c /usr/lib/gcc/arm-none-eabi/9.2.1/../../../arm-none-eabi/lib/thumb/v7-m/nofp/libc_nano.a(lib_a-nano-reallocr.o)
                0x000000000800f964                _realloc_r
 .text          0x000000000800f9b0      0x150 /usr/lib/gcc/arm-none-eabi/9.2.1/../../../arm-none-eabi/lib/thumb/v7-m/nofp/libc_nano.a(lib_a-signal.o)
                0x000000000800f9d8                _init_signal_r
                0x000000000800f9e4                _signal_r
                0x000000000800fa18                _raise_r
                0x000000000800fa6c                __sigtramp_r
                0x000000000800fabc                raise
                0x000000000800facc                signal
                0x000000000800fadc                _init_signal
                0x000000000800faf0                __sigtramp
 .text          0x000000000800fb00       0x2c /usr/lib/gcc/arm-none-eabi/9.2.1/../../../arm-none-eabi/lib/thumb/v7-m/nofp/libc_nano.a(lib_a-signalr.o)
                0x000000000800fb00                _kill_r
                0x000000000800fb28                _getpid_r
 .text          0x000000000800fb2c       0x90 /usr/lib/gcc/arm-none-eabi/9.2.1/../../../arm-none-eabi/lib/thumb/v7-m/nofp/libc_nano.a(lib_a-stdio.o)
                0x000000000800fb2c                __sread
                0x000000000800fb50                __seofread
                0x000000000800fb54                __swrite
                0x000000000800fb94                __sseek
                0x000000000800fbb4                __sclose
 .text          0x000000000800fbbc       0x2c /usr/lib/gcc/arm-none-eabi/9.2.1/../../../arm-none-eabi/lib/thumb/v7-m/nofp/libc_nano.a(lib_a-writer.o)
                0x000000000800fbbc                _write_r
 .text          0x000000000800fbe8       0x24 /usr/lib/gcc/arm-none-eabi/9.2.1/../../../arm-none-eabi/lib/thumb/v7-m/nofp/libc_nano.a(lib_a-closer.o)
                0x000000000800fbe8                _close_r
 .text          0x000000000800fc0c       0x28 /usr/lib/gcc/arm-none-eabi/9.2.1/../../../arm-none-eabi/lib/thumb/v7-m/nofp/libc_nano.a(lib_a-fstatr.o)
                0x000000000800fc0c                _fstat_r
 .text          0x000000000800fc34       0x24 /usr/lib/gcc/arm-none-eabi/9.2.1/../../../arm-none-eabi/lib/thumb/v7-m/nofp/libc_nano.a(lib_a-isattyr.o)
                0x000000000800fc34                _isatty_r
 .text          0x000000000800fc58       0x2c /usr/lib/gcc/arm-none-eabi/9.2.1/../../../arm-none-eabi/lib/thumb/v7-m/nofp/libc_nano.a(lib_a-lseekr.o)
                0x000000000800fc58                _lseek_r
 .text          0x000000000800fc84       0x10 /usr/lib/gcc/arm-none-eabi/9.2.1/../../../arm-none-eabi/lib/thumb/v7-m/nofp/libc_nano.a(lib_a-nano-msizer.o)
                0x000000000800fc84                _malloc_usable_size_r
 .text          0x000000000800fc94       0x2c /usr/lib/gcc/arm-none-eabi/9.2.1/../../../arm-none-eabi/lib/thumb/v7-m/nofp/libc_nano.a(lib_a-readr.o)
                0x000000000800fc94                _read_r
 .text          0x000000000800fcc0      0x378 /usr/lib/gcc/arm-none-eabi/9.2.1/thumb/v7-m/nofp/libgcc.a(_arm_addsubdf3.o)
                0x000000000800fcc0                __aeabi_drsub
                0x000000000800fcc8                __aeabi_dsub
                0x000000000800fcc8                __subdf3
                0x000000000800fccc                __adddf3
                0x000000000800fccc                __aeabi_dadd
                0x000000000800ff44                __aeabi_ui2d
                0x000000000800ff44                __floatunsidf
                0x000000000800ff64                __floatsidf
                0x000000000800ff64                __aeabi_i2d
                0x000000000800ff88                __extendsfdf2
                0x000000000800ff88                __aeabi_f2d
                0x000000000800ffcc                __aeabi_ul2d
                0x000000000800ffcc                __floatundidf
                0x000000000800ffdc                __floatdidf
                0x000000000800ffdc                __aeabi_l2d
 .text          0x0000000008010038      0x424 /usr/lib/gcc/arm-none-eabi/9.2.1/thumb/v7-m/nofp/libgcc.a(_arm_muldivdf3.o)
                0x0000000008010038                __aeabi_dmul
                0x0000000008010038                __muldf3
                0x000000000801028c                __aeabi_ddiv
                0x000000000801028c                __divdf3
 .text          0x000000000801045c      0x110 /usr/lib/gcc/arm-none-eabi/9.2.1/thumb/v7-m/nofp/libgcc.a(_arm_cmpdf2.o)
                0x000000000801045c                __gtdf2
                0x000000000801045c                __gedf2
                0x0000000008010464                __ltdf2
                0x0000000008010464                __ledf2
                0x000000000801046c                __cmpdf2
                0x000000000801046c                __eqdf2
                0x000000000801046c                __nedf2
                0x00000000080104e8                __aeabi_cdrcmple
                0x00000000080104f8                __aeabi_cdcmple
                0x00000000080104f8                __aeabi_cdcmpeq
                0x0000000008010508                __aeabi_dcmpeq
                0x000000000801051c                __aeabi_dcmplt
                0x0000000008010530                __aeabi_dcmple
                0x0000000008010544                __aeabi_dcmpge
                0x0000000008010558                __aeabi_dcmpgt
 .text          0x000000000801056c       0x2c /usr/lib/gcc/arm-none-eabi/9.2.1/thumb/v7-m/nofp/libgcc.a(_arm_unorddf2.o)
                0x000000000801056c                __aeabi_dcmpun
                0x000000000801056c                __unorddf2
 .text          0x0000000008010598       0x50 /usr/lib/gcc/arm-none-eabi/9.2.1/thumb/v7-m/nofp/libgcc.a(_arm_fixdfsi.o)
                0x0000000008010598                __fixdfsi
                0x0000000008010598                __aeabi_d2iz
 .text          0x00000000080105e8       0xa0 /usr/lib/gcc/arm-none-eabi/9.2.1/thumb/v7-m/nofp/libgcc.a(_arm_truncdfsf2.o)
                0x00000000080105e8                __aeabi_d2f
                0x00000000080105e8                __truncdfsf2
 .text          0x0000000008010688       0x30 /usr/lib/gcc/arm-none-eabi/9.2.1/thumb/v7-m/nofp/libgcc.a(_aeabi_uldivmod.o)
                0x0000000008010688                __aeabi_uldivmod
 .text          0x00000000080106b8       0x28 /usr/lib/gcc/arm-none-eabi/9.2.1/thumb/v7-m/nofp/libgcc.a(_popcountsi2.o)
                0x00000000080106b8                __popcountsi2
 .text          0x00000000080106e0      0x2c4 /usr/lib/gcc/arm-none-eabi/9.2.1/thumb/v7-m/nofp/libgcc.a(_udivmoddi4.o)
                0x00000000080106e0                __udivmoddi4
 .text          0x00000000080109a4        0x4 /usr/lib/gcc/arm-none-eabi/9.2.1/thumb/v7-m/nofp/libgcc.a(_dvmd_tls.o)
                0x00000000080109a4                __aeabi_ldiv0
                0x00000000080109a4                __aeabi_idiv0
 .text          0x00000000080109a8       0x60 /usr/lib/gcc/arm-none-eabi/9.2.1/../../../arm-none-eabi/lib/thumb/v7-m/nofp/libg_nano.a(lib_a-memcmp.o)
                0x00000000080109a8                memcmp
 .text          0x0000000008010a08       0x68 /usr/lib/gcc/arm-none-eabi/9.2.1/../../../arm-none-eabi/lib/thumb/v7-m/nofp/libg_nano.a(lib_a-printf.o)
                0x0000000008010a08                _printf_r
                0x0000000008010a08                _iprintf_r
                0x0000000008010a38                printf
                0x0000000008010a38                iprintf
 .text          0x0000000008010a70       0x58 /usr/lib/gcc/arm-none-eabi/9.2.1/../../../arm-none-eabi/lib/thumb/v7-m/nofp/libg_nano.a(lib_a-putchar.o)
                0x0000000008010a70                _putchar_r
                0x0000000008010a94                putchar
 .text          0x0000000008010ac8       0xd4 /usr/lib/gcc/arm-none-eabi/9.2.1/../../../arm-none-eabi/lib/thumb/v7-m/nofp/libg_nano.a(lib_a-puts.o)
                0x0000000008010ac8                _puts_r
                0x0000000008010b8c                puts
 .text          0x0000000008010b9c      0x108 /usr/lib/gcc/arm-none-eabi/9.2.1/../../../arm-none-eabi/lib/thumb/v7-m/nofp/libg_nano.a(lib_a-snprintf.o)
                0x0000000008010b9c                _sniprintf_r
                0x0000000008010b9c                _snprintf_r
                0x0000000008010c1c                snprintf
                0x0000000008010c1c                sniprintf
 .text          0x0000000008010ca4      0x434 /usr/lib/gcc/arm-none-eabi/9.2.1/../../../arm-none-eabi/lib/thumb/v7-m/nofp/libg_nano.a(lib_a-nano-svfprintf.o)
                0x0000000008010ca4                __ssputs_r
                0x0000000008010d68                __ssprint_r
                0x0000000008010e60                _svfprintf_r
                0x0000000008010e60                _svfiprintf_r
 .text          0x00000000080110d8      0x10c /usr/lib/gcc/arm-none-eabi/9.2.1/../../../arm-none-eabi/lib/thumb/v7-m/nofp/libg_nano.a(lib_a-putc.o)
                0x00000000080110d8                _putc_r
                0x0000000008011158                putc
 .text          0x00000000080111e4        0x4 /usr/lib/gcc/arm-none-eabi/9.2.1/../../../arm-none-eabi/lib/thumb/v7-m/nofp/libnosys.a(_exit.o)
                0x00000000080111e4                _exit
 *(.text*)
 .text.Reset_Handler
                0x00000000080111e8       0x50 out_nucleo/board_support/marble_v2/startup_stm32f207xx.o
                0x00000000080111e8                Reset_Handler
 .text.Default_Handler
                0x0000000008011238        0x2 out_nucleo/board_support/marble_v2/startup_stm32f207xx.o
                0x0000000008011238                RTC_Alarm_IRQHandler
                0x0000000008011238                HASH_RNG_IRQHandler
                0x0000000008011238                EXTI2_IRQHandler
                0x0000000008011238                TIM8_CC_IRQHandler
                0x0000000008011238                TIM1_CC_IRQHandler
                0x0000000008011238                DMA2_Stream5_IRQHandler
                0x0000000008011238                DMA1_Stream5_IRQHandler
                0x0000000008011238                PVD_IRQHandler
                0x0000000008011238                SDIO_IRQHandler
                0x0000000008011238                TAMP_STAMP_IRQHandler
                0x0000000008011238                CAN2_RX1_IRQHandler
                0x0000000008011238                EXTI3_IRQHandler
                0x0000000008011238                TIM8_TRG_COM_TIM14_IRQHandler
                0x0000000008011238                TIM1_UP_TIM10_IRQHandler
                0x0000000008011238                TIM8_UP_TIM13_IRQHandler
                0x0000000008011238                I2C3_ER_IRQHandler
                0x0000000008011238                I2C2_EV_IRQHandler
                0x0000000008011238                DMA1_Stream2_IRQHandler
                0x0000000008011238                CAN1_RX0_IRQHandler
                0x0000000008011238                OTG_HS_WKUP_IRQHandler
                0x0000000008011238                CAN2_SCE_IRQHandler
                0x0000000008011238                DMA2_Stream2_IRQHandler
                0x0000000008011238                SPI1_IRQHandler
                0x0000000008011238                TIM6_DAC_IRQHandler
                0x0000000008011238                DCMI_IRQHandler
                0x0000000008011238                CAN2_RX0_IRQHandler
                0x0000000008011238                DMA2_Stream3_IRQHandler
                0x0000000008011238                USART6_IRQHandler
                0x0000000008011238                CAN1_RX1_IRQHandler
                0x0000000008011238                UART5_IRQHandler
                0x0000000008011238                DMA2_Stream0_IRQHandler
                0x0000000008011238                TIM4_IRQHandler
                0x0000000008011238                I2C1_EV_IRQHandler
                0x0000000008011238                DMA1_Stream6_IRQHandler
                0x0000000008011238                DMA1_Stream1_IRQHandler
                0x0000000008011238                UART4_IRQHandler
                0x0000000008011238                TIM3_IRQHandler
                0x0000000008011238                RCC_IRQHandler
                0x0000000008011238                TIM8_BRK_TIM12_IRQHandler
                0x0000000008011238                Default_Handler
                0x0000000008011238                EXTI15_10_IRQHandler
                0x0000000008011238                ADC_IRQHandler
                0x0000000008011238                DMA1_Stream7_IRQHandler
                0x0000000008011238                TIM7_IRQHandler
                0x0000000008011238                CAN2_TX_IRQHandler
                0x0000000008011238                TIM5_IRQHandler
                0x0000000008011238                DMA2_Stream7_IRQHandler
                0x0000000008011238                I2C3_EV_IRQHandler
                0x0000000008011238                EXTI9_5_IRQHandler
                0x0000000008011238                RTC_WKUP_IRQHandler
                0x0000000008011238                ETH_WKUP_IRQHandler
                0x0000000008011238                SPI2_IRQHandler
                0x0000000008011238                OTG_HS_EP1_IN_IRQHandler
                0x0000000008011238                DMA1_Stream0_IRQHandler
                0x0000000008011238                CAN1_TX_IRQHandler
                0x0000000008011238                EXTI4_IRQHandler
                0x0000000008011238                FSMC_IRQHandler
                0x0000000008011238                ETH_IRQHandler
                0x0000000008011238                OTG_HS_EP1_OUT_IRQHandler
                0x0000000008011238                WWDG_IRQHandler
                0x0000000008011238                TIM2_IRQHandler
                0x0000000008011238                OTG_FS_WKUP_IRQHandler
                0x0000000008011238                TIM1_TRG_COM_TIM11_IRQHandler
                0x0000000008011238                OTG_HS_IRQHandler
                0x0000000008011238                EXTI1_IRQHandler
                0x0000000008011238                I2C2_ER_IRQHandler
                0x0000000008011238                DMA2_Stream1_IRQHandler
                0x0000000008011238                CAN1_SCE_IRQHandler
                0x0000000008011238                FLASH_IRQHandler
                0x0000000008011238                DMA2_Stream4_IRQHandler
                0x0000000008011238                OTG_FS_IRQHandler
                0x0000000008011238                SPI3_IRQHandler
                0x0000000008011238                DMA1_Stream4_IRQHandler
                0x0000000008011238                I2C1_ER_IRQHandler
                0x0000000008011238                DMA2_Stream6_IRQHandler
                0x0000000008011238                DMA1_Stream3_IRQHandler
 *fill*         0x000000000801123a        0x2 
 .text.HAL_MspInit
                0x000000000801123c       0x38 out_nucleo/board_support/marble_v2/stm32f2xx_hal_msp.o
                0x000000000801123c                HAL_MspInit
 .text.HAL_ETH_MspInit
                0x0000000008011274       0xc0 out_nucleo/board_support/marble_v2/stm32f2xx_hal_msp.o
                0x0000000008011274                HAL_ETH_MspInit
 .text.HAL_I2C_MspInit
                0x0000000008011334      0x104 out_nucleo/board_support/marble_v2/stm32f2xx_hal_msp.o
                0x0000000008011334                HAL_I2C_MspInit
 .text.HAL_SPI_MspInit
                0x0000000008011438      0x11c out_nucleo/board_support/marble_v2/stm32f2xx_hal_msp.o
                0x0000000008011438                HAL_SPI_MspInit
 .text.HAL_UART_MspInit
                0x0000000008011554      0x144 out_nucleo/board_support/marble_v2/stm32f2xx_hal_msp.o
                0x0000000008011554                HAL_UART_MspInit
 .text.NMI_Handler
                0x0000000008011698        0x2 out_nucleo/board_support/marble_v2/stm32f2xx_it.o
                0x0000000008011698                NMI_Handler
 *fill*         0x000000000801169a        0x2 
 .text.HardFault_Handler
                0x000000000801169c       0x1c out_nucleo/board_support/marble_v2/stm32f2xx_it.o
                0x000000000801169c                HardFault_Handler
 .text.MemManage_Handler
                0x00000000080116b8       0x1c out_nucleo/board_support/marble_v2/stm32f2xx_it.o
                0x00000000080116b8                MemManage_Handler
 .text.BusFault_Handler
                0x00000000080116d4        0x2 out_nucleo/board_support/marble_v2/stm32f2xx_it.o
                0x00000000080116d4                BusFault_Handler
 *fill*         0x00000000080116d6        0x2 
 .text.UsageFault_Handler
                0x00000000080116d8       0x1c out_nucleo/board_support/marble_v2/stm32f2xx_it.o
                0x00000000080116d8                UsageFault_Handler
 .text.SVC_Handler
                0x00000000080116f4        0x2 out_nucleo/board_support/marble_v2/stm32f2xx_it.o
                0x00000000080116f4                SVC_Handler
 .text.DebugMon_Handler
                0x00000000080116f6        0x2 out_nucleo/board_support/marble_v2/stm32f2xx_it.o
                0x00000000080116f6                DebugMon_Handler
 .text.PendSV_Handler
                0x00000000080116f8        0x2 out_nucleo/board_support/marble_v2/stm32f2xx_it.o
                0x00000000080116f8                PendSV_Handler
 .text.USART1_IRQHandler
                0x00000000080116fa        0x2 out_nucleo/board_support/marble_v2/stm32f2xx_it.o
                0x00000000080116fa                USART1_IRQHandler
 .text.USART2_IRQHandler
                0x00000000080116fc        0xc out_nucleo/board_support/marble_v2/stm32f2xx_it.o
                0x00000000080116fc                USART2_IRQHandler
 .text.USART3_IRQHandler
                0x0000000008011708        0x4 out_nucleo/board_support/marble_v2/stm32f2xx_it.o
                0x0000000008011708                USART3_IRQHandler
 .text.TIM1_BRK_TIM9_IRQHandler
                0x000000000801170c        0x4 out_nucleo/board_support/marble_v2/stm32f2xx_it.o
                0x000000000801170c                TIM1_BRK_TIM9_IRQHandler
 .text.SystemInit
                0x0000000008011710       0x40 out_nucleo/board_support/marble_v2/system_stm32f2xx.o
                0x0000000008011710                SystemInit
 .text.SPI_CSB_SET
                0x0000000008011750       0x24 out_nucleo/board_support/marble_v2/marble_board.o
 .text.SysTick_Handler_dummy
                0x0000000008011774        0x2 out_nucleo/board_support/marble_v2/marble_board.o
                0x0000000008011774                SysTick_Handler_dummy
 .text.FPGA_DONE_dummy
                0x0000000008011776        0x2 out_nucleo/board_support/marble_v2/marble_board.o
                0x0000000008011776                FPGA_DONE_dummy
 .text.marble_UART_init
                0x0000000008011778       0x58 out_nucleo/board_support/marble_v2/marble_board.o
                0x0000000008011778                marble_UART_init
 .text.marble_UART_send
                0x00000000080117d0       0x1c out_nucleo/board_support/marble_v2/marble_board.o
                0x00000000080117d0                marble_UART_send
 .text.USART_Erase
                0x00000000080117ec       0x66 out_nucleo/board_support/marble_v2/marble_board.o
 *fill*         0x0000000008011852        0x2 
 .text.CONSOLE_USART_ISR
                0x0000000008011854       0x88 out_nucleo/board_support/marble_v2/marble_board.o
                0x0000000008011854                CONSOLE_USART_ISR
 .text.marble_LED_set
                0x00000000080118dc       0x1c out_nucleo/board_support/marble_v2/marble_board.o
                0x00000000080118dc                marble_LED_set
 .text.marble_LED_toggle
                0x00000000080118f8       0x1c out_nucleo/board_support/marble_v2/marble_board.o
                0x00000000080118f8                marble_LED_toggle
 .text.marble_Pmod3_5_write
                0x0000000008011914       0x10 out_nucleo/board_support/marble_v2/marble_board.o
                0x0000000008011914                marble_Pmod3_5_write
 .text.marble_FMC_pwr
                0x0000000008011924       0x28 out_nucleo/board_support/marble_v2/marble_board.o
                0x0000000008011924                marble_FMC_pwr
 .text.marble_FMC_status
                0x000000000801194c       0x58 out_nucleo/board_support/marble_v2/marble_board.o
                0x000000000801194c                marble_FMC_status
 .text.marble_PWR_status
                0x00000000080119a4       0x40 out_nucleo/board_support/marble_v2/marble_board.o
                0x00000000080119a4                marble_PWR_status
 .text.reset_fpga
                0x00000000080119e4       0x28 out_nucleo/board_support/marble_v2/marble_board.o
                0x00000000080119e4                reset_fpga
 .text.enable_fpga
                0x0000000008011a0c       0x10 out_nucleo/board_support/marble_v2/marble_board.o
                0x0000000008011a0c                enable_fpga
 .text.EXTI0_IRQHandler
                0x0000000008011a1c        0x6 out_nucleo/board_support/marble_v2/marble_board.o
                0x0000000008011a1c                EXTI0_IRQHandler
 *fill*         0x0000000008011a22        0x2 
 .text.HAL_GPIO_EXTI_Callback
                0x0000000008011a24       0x10 out_nucleo/board_support/marble_v2/marble_board.o
                0x0000000008011a24                HAL_GPIO_EXTI_Callback
 .text.marble_GPIOint_init
                0x0000000008011a34       0x38 out_nucleo/board_support/marble_v2/marble_board.o
                0x0000000008011a34                marble_GPIOint_init
 .text.marble_GPIOint_handlers
                0x0000000008011a6c        0xc out_nucleo/board_support/marble_v2/marble_board.o
                0x0000000008011a6c                marble_GPIOint_handlers
 .text.marble_MGTMUX_set
                0x0000000008011a78       0x20 out_nucleo/board_support/marble_v2/marble_board.o
                0x0000000008011a78                marble_MGTMUX_set
 .text.marble_MGTMUX_status
                0x0000000008011a98       0x38 out_nucleo/board_support/marble_v2/marble_board.o
                0x0000000008011a98                marble_MGTMUX_status
 .text.marble_I2C_probe
                0x0000000008011ad0        0xc out_nucleo/board_support/marble_v2/marble_board.o
                0x0000000008011ad0                marble_I2C_probe
 .text.marble_I2C_send
                0x0000000008011adc       0x12 out_nucleo/board_support/marble_v2/marble_board.o
                0x0000000008011adc                marble_I2C_send
 .text.marble_I2C_cmdsend
                0x0000000008011aee       0x1a out_nucleo/board_support/marble_v2/marble_board.o
                0x0000000008011aee                marble_I2C_cmdsend
 .text.marble_I2C_recv
                0x0000000008011b08       0x12 out_nucleo/board_support/marble_v2/marble_board.o
                0x0000000008011b08                marble_I2C_recv
 .text.marble_I2C_cmdrecv
                0x0000000008011b1a       0x1a out_nucleo/board_support/marble_v2/marble_board.o
                0x0000000008011b1a                marble_I2C_cmdrecv
 .text.marble_I2C_cmdsend_a2
                0x0000000008011b34       0x1a out_nucleo/board_support/marble_v2/marble_board.o
                0x0000000008011b34                marble_I2C_cmdsend_a2
 .text.marble_I2C_cmdrecv_a2
                0x0000000008011b4e       0x1a out_nucleo/board_support/marble_v2/marble_board.o
                0x0000000008011b4e                marble_I2C_cmdrecv_a2
 .text.marble_SSP_write16
                0x0000000008011b68       0x2a out_nucleo/board_support/marble_v2/marble_board.o
                0x0000000008011b68                marble_SSP_write16
 .text.marble_SSP_exch16
                0x0000000008011b92       0x32 out_nucleo/board_support/marble_v2/marble_board.o
                0x0000000008011b92                marble_SSP_exch16
 .text.marble_MDIO_read
                0x0000000008011bc4       0x24 out_nucleo/board_support/marble_v2/marble_board.o
                0x0000000008011bc4                marble_MDIO_read
 .text.SysTick_Handler
                0x0000000008011be8       0x1c out_nucleo/board_support/marble_v2/marble_board.o
                0x0000000008011be8                SysTick_Handler
 .text.marble_get_tick
                0x0000000008011c04        0x4 out_nucleo/board_support/marble_v2/marble_board.o
                0x0000000008011c04                marble_get_tick
 .text.marble_SYSTIMER_handler
                0x0000000008011c08        0xc out_nucleo/board_support/marble_v2/marble_board.o
                0x0000000008011c08                marble_SYSTIMER_handler
 .text.marble_SYSTIMER_ms
                0x0000000008011c14       0x4c out_nucleo/board_support/marble_v2/marble_board.o
                0x0000000008011c14                marble_SYSTIMER_ms
 .text.marble_SLEEP_ms
                0x0000000008011c60        0x4 out_nucleo/board_support/marble_v2/marble_board.o
                0x0000000008011c60                marble_SLEEP_ms
 .text.marble_print_pcb_rev
                0x0000000008011c64        0xc out_nucleo/board_support/marble_v2/marble_board.o
                0x0000000008011c64                marble_print_pcb_rev
 .text.SystemClock_Config_HSI
                0x0000000008011c70       0x60 out_nucleo/board_support/marble_v2/marble_board.o
                0x0000000008011c70                SystemClock_Config_HSI
 .text.marble_PSU_pwr
                0x0000000008011cd0       0x8c out_nucleo/board_support/marble_v2/marble_board.o
                0x0000000008011cd0                marble_PSU_pwr
 .text.marble_init
                0x0000000008011d5c      0x38c out_nucleo/board_support/marble_v2/marble_board.o
                0x0000000008011d5c                marble_init
 .text.FPGAWD_ISR
                0x00000000080120e8       0x18 out_nucleo/board_support/marble_v2/marble_board.o
                0x00000000080120e8                FPGAWD_ISR
 .text.fmc_flash_wait_idle.constprop.0
                0x0000000008012100       0x34 out_nucleo/board_support/marble_v2/stm32f2xx_flash.o
 .text.fmc_flash_init
                0x0000000008012134        0x4 out_nucleo/board_support/marble_v2/stm32f2xx_flash.o
                0x0000000008012134                fmc_flash_init
 .text.fmc_flash_program
                0x0000000008012138      0x100 out_nucleo/board_support/marble_v2/stm32f2xx_flash.o
                0x0000000008012138                fmc_flash_program
 .text.fmc_flash_erase_sector
                0x0000000008012238       0xa8 out_nucleo/board_support/marble_v2/stm32f2xx_flash.o
                0x0000000008012238                fmc_flash_erase_sector
 .text.fmc_flash_cache_flush_all
                0x00000000080122e0       0x34 out_nucleo/board_support/marble_v2/stm32f2xx_flash.o
                0x00000000080122e0                fmc_flash_cache_flush_all
 .text.HAL_InitTick
                0x0000000008012314       0x28 out_nucleo/board_support/marble_v2/STM32F2xx_HAL_Driver/Src/stm32f2xx_hal.o
                0x0000000008012314                HAL_InitTick
 .text.HAL_Init
                0x000000000801233c       0x34 out_nucleo/board_support/marble_v2/STM32F2xx_HAL_Driver/Src/stm32f2xx_hal.o
                0x000000000801233c                HAL_Init
 .text.HAL_IncTick
                0x0000000008012370       0x10 out_nucleo/board_support/marble_v2/STM32F2xx_HAL_Driver/Src/stm32f2xx_hal.o
                0x0000000008012370                HAL_IncTick
 .text.HAL_GetTick
                0x0000000008012380        0xc out_nucleo/board_support/marble_v2/STM32F2xx_HAL_Driver/Src/stm32f2xx_hal.o
                0x0000000008012380                HAL_GetTick
 .text.HAL_Delay
                0x000000000801238c       0x20 out_nucleo/board_support/marble_v2/STM32F2xx_HAL_Driver/Src/stm32f2xx_hal.o
                0x000000000801238c                HAL_Delay
 .text.HAL_NVIC_SetPriorityGrouping
                0x00000000080123ac       0x24 out_nucleo/board_support/marble_v2/STM32F2xx_HAL_Driver/Src/stm32f2xx_hal_cortex.o
                0x00000000080123ac                HAL_NVIC_SetPriorityGrouping
 .text.HAL_NVIC_SetPriority
                0x00000000080123d0       0x64 out_nucleo/board_support/marble_v2/STM32F2xx_HAL_Driver/Src/stm32f2xx_hal_cortex.o
                0x00000000080123d0                HAL_NVIC_SetPriority
 .text.HAL_NVIC_EnableIRQ
                0x0000000008012434       0x18 out_nucleo/board_support/marble_v2/STM32F2xx_HAL_Driver/Src/stm32f2xx_hal_cortex.o
                0x0000000008012434                HAL_NVIC_EnableIRQ
 .text.HAL_SYSTICK_Config
                0x000000000801244c       0x2c out_nucleo/board_support/marble_v2/STM32F2xx_HAL_Driver/Src/stm32f2xx_hal_cortex.o
                0x000000000801244c                HAL_SYSTICK_Config
 .text.UART_EndRxTransfer
                0x0000000008012478       0x1a out_nucleo/board_support/marble_v2/STM32F2xx_HAL_Driver/Src/stm32f2xx_hal_uart.o
 *fill*         0x0000000008012492        0x2 
 .text.UART_SetConfig
                0x0000000008012494      0x24c out_nucleo/board_support/marble_v2/STM32F2xx_HAL_Driver/Src/stm32f2xx_hal_uart.o
 .text.HAL_UART_Init
                0x00000000080126e0       0x5c out_nucleo/board_support/marble_v2/STM32F2xx_HAL_Driver/Src/stm32f2xx_hal_uart.o
                0x00000000080126e0                HAL_UART_Init
 .text.HAL_UART_TxCpltCallback
                0x000000000801273c        0x2 out_nucleo/board_support/marble_v2/STM32F2xx_HAL_Driver/Src/stm32f2xx_hal_uart.o
                0x000000000801273c                HAL_UART_TxCpltCallback
 .text.HAL_UART_RxCpltCallback
                0x000000000801273e        0x2 out_nucleo/board_support/marble_v2/STM32F2xx_HAL_Driver/Src/stm32f2xx_hal_uart.o
                0x000000000801273e                HAL_UART_RxCpltCallback
 .text.UART_Receive_IT
                0x0000000008012740       0x6e out_nucleo/board_support/marble_v2/STM32F2xx_HAL_Driver/Src/stm32f2xx_hal_uart.o
 .text.HAL_UART_ErrorCallback
                0x00000000080127ae        0x2 out_nucleo/board_support/marble_v2/STM32F2xx_HAL_Driver/Src/stm32f2xx_hal_uart.o
                0x00000000080127ae                HAL_UART_ErrorCallback
 .text.HAL_UART_IRQHandler
                0x00000000080127b0      0x140 out_nucleo/board_support/marble_v2/STM32F2xx_HAL_Driver/Src/stm32f2xx_hal_uart.o
                0x00000000080127b0                HAL_UART_IRQHandler
 .text.UART_DMAAbortOnError
                0x00000000080128f0       0x10 out_nucleo/board_support/marble_v2/STM32F2xx_HAL_Driver/Src/stm32f2xx_hal_uart.o
 .text.HAL_GPIO_Init
                0x0000000008012900      0x1dc out_nucleo/board_support/marble_v2/STM32F2xx_HAL_Driver/Src/stm32f2xx_hal_gpio.o
                0x0000000008012900                HAL_GPIO_Init
 .text.HAL_GPIO_ReadPin
                0x0000000008012adc        0xc out_nucleo/board_support/marble_v2/STM32F2xx_HAL_Driver/Src/stm32f2xx_hal_gpio.o
                0x0000000008012adc                HAL_GPIO_ReadPin
 .text.HAL_GPIO_WritePin
                0x0000000008012ae8        0xa out_nucleo/board_support/marble_v2/STM32F2xx_HAL_Driver/Src/stm32f2xx_hal_gpio.o
                0x0000000008012ae8                HAL_GPIO_WritePin
 .text.HAL_GPIO_TogglePin
                0x0000000008012af2        0x8 out_nucleo/board_support/marble_v2/STM32F2xx_HAL_Driver/Src/stm32f2xx_hal_gpio.o
                0x0000000008012af2                HAL_GPIO_TogglePin
 *fill*         0x0000000008012afa        0x2 
 .text.HAL_GPIO_EXTI_IRQHandler
                0x0000000008012afc       0x18 out_nucleo/board_support/marble_v2/STM32F2xx_HAL_Driver/Src/stm32f2xx_hal_gpio.o
                0x0000000008012afc                HAL_GPIO_EXTI_IRQHandler
 .text.HAL_RCC_OscConfig
                0x0000000008012b14      0x2dc out_nucleo/board_support/marble_v2/STM32F2xx_HAL_Driver/Src/stm32f2xx_hal_rcc.o
                0x0000000008012b14                HAL_RCC_OscConfig
 .text.HAL_RCC_GetSysClockFreq
                0x0000000008012df0       0x5c out_nucleo/board_support/marble_v2/STM32F2xx_HAL_Driver/Src/stm32f2xx_hal_rcc.o
                0x0000000008012df0                HAL_RCC_GetSysClockFreq
 .text.HAL_RCC_ClockConfig
                0x0000000008012e4c      0x138 out_nucleo/board_support/marble_v2/STM32F2xx_HAL_Driver/Src/stm32f2xx_hal_rcc.o
                0x0000000008012e4c                HAL_RCC_ClockConfig
 .text.HAL_RCC_GetHCLKFreq
                0x0000000008012f84        0xc out_nucleo/board_support/marble_v2/STM32F2xx_HAL_Driver/Src/stm32f2xx_hal_rcc.o
                0x0000000008012f84                HAL_RCC_GetHCLKFreq
 .text.HAL_RCC_GetPCLK1Freq
                0x0000000008012f90       0x30 out_nucleo/board_support/marble_v2/STM32F2xx_HAL_Driver/Src/stm32f2xx_hal_rcc.o
                0x0000000008012f90                HAL_RCC_GetPCLK1Freq
 .text.HAL_RCC_GetPCLK2Freq
                0x0000000008012fc0       0x30 out_nucleo/board_support/marble_v2/STM32F2xx_HAL_Driver/Src/stm32f2xx_hal_rcc.o
                0x0000000008012fc0                HAL_RCC_GetPCLK2Freq
 .text.I2C_IsAcknowledgeFailed
                0x0000000008012ff0       0x28 out_nucleo/board_support/marble_v2/STM32F2xx_HAL_Driver/Src/stm32f2xx_hal_i2c.o
 .text.I2C_WaitOnMasterAddressFlagUntilTimeout
                0x0000000008013018       0x6a out_nucleo/board_support/marble_v2/STM32F2xx_HAL_Driver/Src/stm32f2xx_hal_i2c.o
 .text.I2C_WaitOnFlagUntilTimeout
                0x0000000008013082       0x5c out_nucleo/board_support/marble_v2/STM32F2xx_HAL_Driver/Src/stm32f2xx_hal_i2c.o
 .text.I2C_WaitOnTXEFlagUntilTimeout
                0x00000000080130de       0x4c out_nucleo/board_support/marble_v2/STM32F2xx_HAL_Driver/Src/stm32f2xx_hal_i2c.o
 *fill*         0x000000000801312a        0x2 
 .text.I2C_RequestMemoryWrite
                0x000000000801312c       0xac out_nucleo/board_support/marble_v2/STM32F2xx_HAL_Driver/Src/stm32f2xx_hal_i2c.o
 .text.I2C_RequestMemoryRead
                0x00000000080131d8       0xfc out_nucleo/board_support/marble_v2/STM32F2xx_HAL_Driver/Src/stm32f2xx_hal_i2c.o
 .text.I2C_WaitOnRXNEFlagUntilTimeout
                0x00000000080132d4       0x5a out_nucleo/board_support/marble_v2/STM32F2xx_HAL_Driver/Src/stm32f2xx_hal_i2c.o
 .text.I2C_WaitOnBTFFlagUntilTimeout
                0x000000000801332e       0x4c out_nucleo/board_support/marble_v2/STM32F2xx_HAL_Driver/Src/stm32f2xx_hal_i2c.o
 *fill*         0x000000000801337a        0x2 
 .text.HAL_I2C_Init
                0x000000000801337c       0xdc out_nucleo/board_support/marble_v2/STM32F2xx_HAL_Driver/Src/stm32f2xx_hal_i2c.o
                0x000000000801337c                HAL_I2C_Init
 .text.HAL_I2C_Master_Transmit
                0x0000000008013458      0x1b4 out_nucleo/board_support/marble_v2/STM32F2xx_HAL_Driver/Src/stm32f2xx_hal_i2c.o
                0x0000000008013458                HAL_I2C_Master_Transmit
 .text.HAL_I2C_Master_Receive
                0x000000000801360c      0x2cc out_nucleo/board_support/marble_v2/STM32F2xx_HAL_Driver/Src/stm32f2xx_hal_i2c.o
                0x000000000801360c                HAL_I2C_Master_Receive
 .text.HAL_I2C_Mem_Write
                0x00000000080138d8      0x12c out_nucleo/board_support/marble_v2/STM32F2xx_HAL_Driver/Src/stm32f2xx_hal_i2c.o
                0x00000000080138d8                HAL_I2C_Mem_Write
 .text.HAL_I2C_Mem_Read
                0x0000000008013a04      0x214 out_nucleo/board_support/marble_v2/STM32F2xx_HAL_Driver/Src/stm32f2xx_hal_i2c.o
                0x0000000008013a04                HAL_I2C_Mem_Read
 .text.HAL_I2C_IsDeviceReady
                0x0000000008013c18      0x160 out_nucleo/board_support/marble_v2/STM32F2xx_HAL_Driver/Src/stm32f2xx_hal_i2c.o
                0x0000000008013c18                HAL_I2C_IsDeviceReady
 .text.ETH_MACDMAConfig
                0x0000000008013d78       0xf8 out_nucleo/board_support/marble_v2/STM32F2xx_HAL_Driver/Src/stm32f2xx_hal_eth.o
 .text.HAL_ETH_ReadPHYRegister
                0x0000000008013e70       0x74 out_nucleo/board_support/marble_v2/STM32F2xx_HAL_Driver/Src/stm32f2xx_hal_eth.o
                0x0000000008013e70                HAL_ETH_ReadPHYRegister
 .text.HAL_ETH_WritePHYRegister
                0x0000000008013ee4       0x6e out_nucleo/board_support/marble_v2/STM32F2xx_HAL_Driver/Src/stm32f2xx_hal_eth.o
                0x0000000008013ee4                HAL_ETH_WritePHYRegister
 *fill*         0x0000000008013f52        0x2 
 .text.HAL_ETH_Init
                0x0000000008013f54      0x1e4 out_nucleo/board_support/marble_v2/STM32F2xx_HAL_Driver/Src/stm32f2xx_hal_eth.o
                0x0000000008013f54                HAL_ETH_Init
 .text.SPI_WaitFlagStateUntilTimeout
                0x0000000008014138       0x8c out_nucleo/board_support/marble_v2/STM32F2xx_HAL_Driver/Src/stm32f2xx_hal_spi.o
 .text.SPI_CheckFlag_BSY
                0x00000000080141c4       0x20 out_nucleo/board_support/marble_v2/STM32F2xx_HAL_Driver/Src/stm32f2xx_hal_spi.o
 .text.HAL_SPI_Init
                0x00000000080141e4       0x7a out_nucleo/board_support/marble_v2/STM32F2xx_HAL_Driver/Src/stm32f2xx_hal_spi.o
                0x00000000080141e4                HAL_SPI_Init
 .text.HAL_SPI_Transmit
                0x000000000801425e      0x15e out_nucleo/board_support/marble_v2/STM32F2xx_HAL_Driver/Src/stm32f2xx_hal_spi.o
                0x000000000801425e                HAL_SPI_Transmit
 .text.HAL_SPI_TransmitReceive
                0x00000000080143bc      0x1e4 out_nucleo/board_support/marble_v2/STM32F2xx_HAL_Driver/Src/stm32f2xx_hal_spi.o
                0x00000000080143bc                HAL_SPI_TransmitReceive
 .text.HAL_DMA_Abort_IT
                0x00000000080145a0       0x24 out_nucleo/board_support/marble_v2/STM32F2xx_HAL_Driver/Src/stm32f2xx_hal_dma.o
                0x00000000080145a0                HAL_DMA_Abort_IT
 .text.set_max6639_reg
                0x00000000080145c4       0x24 out_nucleo/src/i2c_pm.o
 .text.xrp_reg_write
                0x00000000080145e8       0x40 out_nucleo/src/i2c_pm.o
 .text.xrp_reg_write_check
                0x0000000008014628       0x68 out_nucleo/src/i2c_pm.o
 .text.I2C_PM_scan
                0x0000000008014690       0x4c out_nucleo/src/i2c_pm.o
                0x0000000008014690                I2C_PM_scan
 .text.max6639_set_overtemp
                0x00000000080146dc       0x1a out_nucleo/src/i2c_pm.o
                0x00000000080146dc                max6639_set_overtemp
 *fill*         0x00000000080146f6        0x2 
 .text.get_max6639_reg
                0x00000000080146f8       0x28 out_nucleo/src/i2c_pm.o
                0x00000000080146f8                get_max6639_reg
 .text.max6639_set_fans
                0x0000000008014720       0x2e out_nucleo/src/i2c_pm.o
                0x0000000008014720                max6639_set_fans
 *fill*         0x000000000801474e        0x2 
 .text.print_max6639_decoded
                0x0000000008014750      0x3c8 out_nucleo/src/i2c_pm.o
                0x0000000008014750                print_max6639_decoded
 .text.LM75_read
                0x0000000008014b18       0x5c out_nucleo/src/i2c_pm.o
                0x0000000008014b18                LM75_read
 .text.LM75_write
                0x0000000008014b74       0x64 out_nucleo/src/i2c_pm.o
                0x0000000008014b74                LM75_write
 .text.LM75_print
                0x0000000008014bd8       0xa4 out_nucleo/src/i2c_pm.o
                0x0000000008014bd8                LM75_print
 .text.LM75_print_decoded
                0x0000000008014c7c       0x88 out_nucleo/src/i2c_pm.o
                0x0000000008014c7c                LM75_print_decoded
 .text.LM75_Init
                0x0000000008014d04       0x1a out_nucleo/src/i2c_pm.o
                0x0000000008014d04                LM75_Init
 .text.LM75_set_overtemp
                0x0000000008014d1e       0x48 out_nucleo/src/i2c_pm.o
                0x0000000008014d1e                LM75_set_overtemp
 *fill*         0x0000000008014d66        0x2 
 .text.I2C_PM_probe
                0x0000000008014d68       0xb4 out_nucleo/src/i2c_pm.o
                0x0000000008014d68                I2C_PM_probe
 .text.xrp_set2
                0x0000000008014e1c       0x84 out_nucleo/src/i2c_pm.o
                0x0000000008014e1c                xrp_set2
 .text.xrp_read2
                0x0000000008014ea0       0x3c out_nucleo/src/i2c_pm.o
                0x0000000008014ea0                xrp_read2
 .text.xrp_process_flash
                0x0000000008014edc      0x12c out_nucleo/src/i2c_pm.o
 .text.xrp_dump
                0x0000000008015008       0x84 out_nucleo/src/i2c_pm.o
                0x0000000008015008                xrp_dump
 .text.xrp_ch_status
                0x000000000801508c       0x38 out_nucleo/src/i2c_pm.o
                0x000000000801508c                xrp_ch_status
 .text.xrp_push_low
                0x00000000080150c4      0x180 out_nucleo/src/i2c_pm.o
                0x00000000080150c4                xrp_push_low
 .text.xrp_flash
                0x0000000008015244       0xf4 out_nucleo/src/i2c_pm.o
                0x0000000008015244                xrp_flash
 .text.xrp_go   0x0000000008015338       0x74 out_nucleo/src/i2c_pm.o
                0x0000000008015338                xrp_go
 .text.wireReadRegister
                0x00000000080153ac       0x50 out_nucleo/src/i2c_fpga.o
 .text.switch_i2c_bus.part.0
                0x00000000080153fc       0x24 out_nucleo/src/i2c_fpga.o
 .text.switch_i2c_bus
                0x0000000008015420        0xa out_nucleo/src/i2c_fpga.o
                0x0000000008015420                switch_i2c_bus
 *fill*         0x000000000801542a        0x2 
 .text.I2C_FPGA_scan
                0x000000000801542c       0x70 out_nucleo/src/i2c_fpga.o
                0x000000000801542c                I2C_FPGA_scan
 .text.ina219_debug
                0x000000000801549c       0x70 out_nucleo/src/i2c_fpga.o
                0x000000000801549c                ina219_debug
 .text.adn4600_init
                0x000000000801550c      0x154 out_nucleo/src/i2c_fpga.o
                0x000000000801550c                adn4600_init
 .text.adn4600_printStatus
                0x0000000008015660       0x3c out_nucleo/src/i2c_fpga.o
                0x0000000008015660                adn4600_printStatus
 .text.pca9555_status
                0x000000000801569c       0x5c out_nucleo/src/i2c_fpga.o
                0x000000000801569c                pca9555_status
 .text.pca9555_config
                0x00000000080156f8      0x110 out_nucleo/src/i2c_fpga.o
                0x00000000080156f8                pca9555_config
 .text.si570_status
                0x0000000008015808      0x158 out_nucleo/src/i2c_fpga.o
                0x0000000008015808                si570_status
 .text.mbox_set_page
                0x0000000008015960       0x24 out_nucleo/src/mailbox.o
 .text.mbox_read_page
                0x0000000008015984       0x3c out_nucleo/src/mailbox.o
 .text.mbox_write_page.constprop.0
                0x00000000080159c0       0x3c out_nucleo/src/mailbox.o
 .text.mbox_update
                0x00000000080159fc      0x198 out_nucleo/src/mailbox.o
                0x00000000080159fc                mbox_update
 .text.mbox_peek
                0x0000000008015b94       0x64 out_nucleo/src/mailbox.o
                0x0000000008015b94                mbox_peek
 .text.push_fpga_mac_ip
                0x0000000008015bf8       0xa0 out_nucleo/src/mailbox.o
                0x0000000008015bf8                push_fpga_mac_ip
 .text.phy_print
                0x0000000008015c98       0x24 out_nucleo/src/phy_mdio.o
                0x0000000008015c98                phy_print
 .text.xrp_srecord
                0x0000000008015cbc       0xd8 out_nucleo/src/hexrec.o
                0x0000000008015cbc                xrp_srecord
 .text.xrp_program_static
                0x0000000008015d94       0x34 out_nucleo/src/hexrec.o
                0x0000000008015d94                xrp_program_static
 .text._getpid  0x0000000008015dc8        0x4 out_nucleo/src/syscalls.o
                0x0000000008015dc8                _getpid
 .text._kill    0x0000000008015dcc       0x10 out_nucleo/src/syscalls.o
                0x0000000008015dcc                _kill
 .text._read    0x0000000008015ddc       0x1a out_nucleo/src/syscalls.o
                0x0000000008015ddc                _read
 .text._write   0x0000000008015df6       0x1a out_nucleo/src/syscalls.o
                0x0000000008015df6                _write
 .text._sbrk    0x0000000008015e10       0x34 out_nucleo/src/syscalls.o
                0x0000000008015e10                _sbrk
 .text._close   0x0000000008015e44        0x6 out_nucleo/src/syscalls.o
                0x0000000008015e44                _close
 .text._fstat   0x0000000008015e4a        0xa out_nucleo/src/syscalls.o
                0x0000000008015e4a                _fstat
 .text._isatty  0x0000000008015e54        0x4 out_nucleo/src/syscalls.o
                0x0000000008015e54                _isatty
 .text._lseek   0x0000000008015e58        0x4 out_nucleo/src/syscalls.o
                0x0000000008015e58                _lseek
 .text.fpga_done_handler
                0x0000000008015e5c       0x28 out_nucleo/src/main.o
 .text.timer_int_handler
                0x0000000008015e84       0x70 out_nucleo/src/main.o
 .text.print_status_counters
                0x0000000008015ef4       0x5c out_nucleo/src/main.o
                0x0000000008015ef4                print_status_counters
 .text.startup.main
                0x0000000008015f50       0xdc out_nucleo/src/main.o
                0x0000000008015f50                main
 .text.__io_putchar
                0x000000000801602c       0x14 out_nucleo/src/main.o
                0x000000000801602c                __io_putchar
 .text.UARTQUEUE_Init
                0x0000000008016040       0x24 out_nucleo/src/uart_fifo.o
                0x0000000008016040                UARTQUEUE_Init
 .text.UARTQUEUE_Clear
                0x0000000008016064       0x10 out_nucleo/src/uart_fifo.o
                0x0000000008016064                UARTQUEUE_Clear
 .text.UARTQUEUE_Add
                0x0000000008016074       0x38 out_nucleo/src/uart_fifo.o
                0x0000000008016074                UARTQUEUE_Add
 .text.UARTQUEUE_Get
                0x00000000080160ac       0x38 out_nucleo/src/uart_fifo.o
                0x00000000080160ac                UARTQUEUE_Get
 .text.UARTQUEUE_ShiftUntil
                0x00000000080160e4       0x2c out_nucleo/src/uart_fifo.o
                0x00000000080160e4                UARTQUEUE_ShiftUntil
 .text.UARTQUEUE_SetDataLost
                0x0000000008016110       0x10 out_nucleo/src/uart_fifo.o
                0x0000000008016110                UARTQUEUE_SetDataLost
 .text.UARTQUEUE_FillLevel
                0x0000000008016120       0x24 out_nucleo/src/uart_fifo.o
                0x0000000008016120                UARTQUEUE_FillLevel
 .text.UARTQUEUE_Rewind
                0x0000000008016144       0x3c out_nucleo/src/uart_fifo.o
                0x0000000008016144                UARTQUEUE_Rewind
 .text.UARTTXQUEUE_Add
                0x0000000008016180       0x38 out_nucleo/src/uart_fifo.o
                0x0000000008016180                UARTTXQUEUE_Add
 .text.UARTTXQUEUE_Get
                0x00000000080161b8       0x3c out_nucleo/src/uart_fifo.o
                0x00000000080161b8                UARTTXQUEUE_Get
 .text.UARTTXQUEUE_Status
                0x00000000080161f4       0x20 out_nucleo/src/uart_fifo.o
                0x00000000080161f4                UARTTXQUEUE_Status
 .text.USART_Tx_LL_Queue
                0x0000000008016214       0x50 out_nucleo/src/uart_fifo.o
                0x0000000008016214                USART_Tx_LL_Queue
 .text.print_ip
                0x0000000008016264       0x38 out_nucleo/src/console.o
 .text.print_this_ip
                0x000000000801629c       0x28 out_nucleo/src/console.o
 .text.print_mac
                0x00000000080162c4       0x38 out_nucleo/src/console.o
 .text.print_this_mac
                0x00000000080162fc       0x24 out_nucleo/src/console.o
 .text.console_init
                0x0000000008016320       0x14 out_nucleo/src/console.o
                0x0000000008016320                console_init
 .text.console_push_fpga_mac_ip
                0x0000000008016334       0x34 out_nucleo/src/console.o
                0x0000000008016334                console_push_fpga_mac_ip
 .text.console_print_mac_ip
                0x0000000008016368        0xe out_nucleo/src/console.o
                0x0000000008016368                console_print_mac_ip
 *fill*         0x0000000008016376        0x2 
 .text.xrp_boot
                0x0000000008016378       0x3c out_nucleo/src/console.o
                0x0000000008016378                xrp_boot
 .text.console_pend_msg
                0x00000000080163b4       0x10 out_nucleo/src/console.o
                0x00000000080163b4                console_pend_msg
 .text.console_service
                0x00000000080163c4      0x4f0 out_nucleo/src/console.o
                0x00000000080163c4                console_service
 .text.console_pend_FPGA_enable
                0x00000000080168b4        0xc out_nucleo/src/console.o
                0x00000000080168b4                console_pend_FPGA_enable
 .text.ee_page_set_state
                0x00000000080168c0       0x30 out_nucleo/src/st-eeprom.o
 .text.ee_frame_check
                0x00000000080168f0       0x2a out_nucleo/src/st-eeprom.o
 *fill*         0x000000000801691a        0x2 
 .text.ee_find.part.0
                0x000000000801691c       0x40 out_nucleo/src/st-eeprom.o
 .text.ee_write
                0x000000000801695c       0x9c out_nucleo/src/st-eeprom.o
 .text.ee_migrate
                0x00000000080169f8       0x70 out_nucleo/src/st-eeprom.o
 .text.ee_page_state
                0x0000000008016a68       0x60 out_nucleo/src/st-eeprom.o
 .text.fmc_ee_read
                0x0000000008016ac8       0x3c out_nucleo/src/st-eeprom.o
                0x0000000008016ac8                fmc_ee_read
 .text.eeprom_read_val
                0x0000000008016b04       0x3c out_nucleo/src/st-eeprom.o
 .text.fmc_ee_write
                0x0000000008016b40       0xf4 out_nucleo/src/st-eeprom.o
                0x0000000008016b40                fmc_ee_write
 .text.eeprom_populate_val
                0x0000000008016c34       0x58 out_nucleo/src/st-eeprom.o
 .text.eeprom_init
                0x0000000008016c8c      0x124 out_nucleo/src/st-eeprom.o
                0x0000000008016c8c                eeprom_init
 .text.eeprom_store_val
                0x0000000008016db0       0x40 out_nucleo/src/st-eeprom.o
 .text.eeprom_store_mac_addr
                0x0000000008016df0        0xa out_nucleo/src/st-eeprom.o
                0x0000000008016df0                eeprom_store_mac_addr
 .text.eeprom_read_mac_addr
                0x0000000008016dfa        0xa out_nucleo/src/st-eeprom.o
                0x0000000008016dfa                eeprom_read_mac_addr
 .text.eeprom_store_ip_addr
                0x0000000008016e04        0xa out_nucleo/src/st-eeprom.o
                0x0000000008016e04                eeprom_store_ip_addr
 .text.eeprom_read_ip_addr
                0x0000000008016e0e        0xa out_nucleo/src/st-eeprom.o
                0x0000000008016e0e                eeprom_read_ip_addr
 .text.eeprom_store_fan_speed
                0x0000000008016e18        0xa out_nucleo/src/st-eeprom.o
                0x0000000008016e18                eeprom_store_fan_speed
 .text.eeprom_read_fan_speed
                0x0000000008016e22        0xa out_nucleo/src/st-eeprom.o
                0x0000000008016e22                eeprom_read_fan_speed
 .text.eeprom_store_overtemp
                0x0000000008016e2c        0xa out_nucleo/src/st-eeprom.o
                0x0000000008016e2c                eeprom_store_overtemp
 .text.eeprom_read_overtemp
                0x0000000008016e36        0xa out_nucleo/src/st-eeprom.o
                0x0000000008016e36                eeprom_read_overtemp
 *(.glue_7)
 .glue_7        0x0000000008016e40        0x0 linker stubs
 *(.glue_7t)
 .glue_7t       0x0000000008016e40        0x0 linker stubs
 *(.eh_frame)
 .eh_frame      0x0000000008016e40        0x0 /usr/lib/gcc/arm-none-eabi/9.2.1/thumb/v7-m/nofp/crtbegin.o
 *(.init)
 .init          0x0000000008016e40        0x4 /usr/lib/gcc/arm-none-eabi/9.2.1/thumb/v7-m/nofp/crti.o
                0x0000000008016e40                _init
 .init          0x0000000008016e44        0x8 /usr/lib/gcc/arm-none-eabi/9.2.1/thumb/v7-m/nofp/crtn.o
 *(.fini)
 .fini          0x0000000008016e4c        0x4 /usr/lib/gcc/arm-none-eabi/9.2.1/thumb/v7-m/nofp/crti.o
                0x0000000008016e4c                _fini
 .fini          0x0000000008016e50        0x8 /usr/lib/gcc/arm-none-eabi/9.2.1/thumb/v7-m/nofp/crtn.o
                0x0000000008016e58                . = ALIGN (0x4)
                0x0000000008016e58                _etext = .

.vfp11_veneer   0x0000000008016e58        0x0
 .vfp11_veneer  0x0000000008016e58        0x0 linker stubs

.v4_bx          0x0000000008016e58        0x0
 .v4_bx         0x0000000008016e58        0x0 linker stubs

.iplt           0x0000000008016e58        0x0
 .iplt          0x0000000008016e58        0x0 /usr/lib/gcc/arm-none-eabi/9.2.1/thumb/v7-m/nofp/crtbegin.o

.rodata         0x0000000008016e58     0x1dc4
                0x0000000008016e58                . = ALIGN (0x4)
 *(.rodata)
 .rodata        0x0000000008016e58        0x4 /usr/lib/gcc/arm-none-eabi/9.2.1/../../../arm-none-eabi/lib/thumb/v7-m/nofp/libc_nano.a(lib_a-impure.o)
                0x0000000008016e58                _global_impure_ptr
 *fill*         0x0000000008016e5c        0x4 
 .rodata        0x0000000008016e60      0x128 /usr/lib/gcc/arm-none-eabi/9.2.1/../../../arm-none-eabi/lib/thumb/v7-m/nofp/libc_nano.a(lib_a-mprec.o)
                0x0000000008016e70                __mprec_tens
                0x0000000008016f38                __mprec_tinytens
                0x0000000008016f60                __mprec_bigtens
 .rodata        0x0000000008016f88      0x101 /usr/lib/gcc/arm-none-eabi/9.2.1/../../../arm-none-eabi/lib/thumb/v7-m/nofp/libc_nano.a(lib_a-ctype_.o)
                0x0000000008016f88                _ctype_
 *fill*         0x0000000008017089        0x3 
 .rodata        0x000000000801708c       0x60 /usr/lib/gcc/arm-none-eabi/9.2.1/../../../arm-none-eabi/lib/thumb/v7-m/nofp/libc_nano.a(lib_a-findfp.o)
                0x000000000801708c                __sf_fake_stderr
                0x00000000080170ac                __sf_fake_stdout
                0x00000000080170cc                __sf_fake_stdin
 .rodata        0x00000000080170ec      0x251 out_nucleo/src/i2c_pm.o
 *fill*         0x000000000801733d        0x3 
 .rodata        0x0000000008017340       0x20 out_nucleo/src/mailbox.o
 .rodata        0x0000000008017360      0x344 out_nucleo/src/hexrec.o
 .rodata        0x00000000080176a4        0x6 out_nucleo/src/st-eeprom.o
 *(.rodata*)
 *fill*         0x00000000080176aa        0x2 
 .rodata.str1.4
                0x00000000080176ac       0x12 /usr/lib/gcc/arm-none-eabi/9.2.1/../../../arm-none-eabi/lib/thumb/v7-m/nofp/libc_nano.a(lib_a-nano-vfprintf_float.o)
 *fill*         0x00000000080176be        0x2 
 .rodata.str1.4
                0x00000000080176c0       0x25 /usr/lib/gcc/arm-none-eabi/9.2.1/../../../arm-none-eabi/lib/thumb/v7-m/nofp/libc_nano.a(lib_a-nano-vfprintf_i.o)
 *fill*         0x00000000080176e5        0x3 
 .rodata.str1.4
                0x00000000080176e8       0x6d /usr/lib/gcc/arm-none-eabi/9.2.1/../../../arm-none-eabi/lib/thumb/v7-m/nofp/libc_nano.a(lib_a-dtoa.o)
                                         0x71 (size before relaxing)
 *fill*         0x0000000008017755        0x3 
 .rodata.str1.4
                0x0000000008017758       0x33 /usr/lib/gcc/arm-none-eabi/9.2.1/../../../arm-none-eabi/lib/thumb/v7-m/nofp/libc_nano.a(lib_a-mprec.o)
                                         0x5d (size before relaxing)
 *fill*         0x000000000801778b        0x1 
 .rodata.str1.4
                0x000000000801778c       0x3f /usr/lib/gcc/arm-none-eabi/9.2.1/../../../arm-none-eabi/lib/thumb/v7-m/nofp/libc_nano.a(lib_a-assert.o)
                                         0x43 (size before relaxing)
 *fill*         0x00000000080177cb        0x1 
 .rodata.str1.4
                0x00000000080177cc        0xe /usr/lib/gcc/arm-none-eabi/9.2.1/../../../arm-none-eabi/lib/thumb/v7-m/nofp/libc_nano.a(lib_a-locale.o)
                                         0x12 (size before relaxing)
 *fill*         0x00000000080177da        0x2 
 .rodata.str1.4
                0x00000000080177dc       0x13 /usr/lib/gcc/arm-none-eabi/9.2.1/../../../arm-none-eabi/lib/thumb/v7-m/nofp/libc_nano.a(lib_a-nano-vfprintf.o)
 .rodata.AHBPrescTable
                0x00000000080177ef       0x10 out_nucleo/board_support/marble_v2/system_stm32f2xx.o
                0x00000000080177ef                AHBPrescTable
 .rodata.APBPrescTable
                0x00000000080177ff        0x8 out_nucleo/board_support/marble_v2/system_stm32f2xx.o
                0x00000000080177ff                APBPrescTable
 .rodata.marble_MDIO_read.str1.1
                0x0000000008017807       0x15 out_nucleo/board_support/marble_v2/marble_board.o
 .rodata.marble_print_pcb_rev.str1.1
                0x000000000801781c       0x11 out_nucleo/board_support/marble_v2/marble_board.o
 .rodata.marble_init.str1.1
                0x000000000801782d       0x67 out_nucleo/board_support/marble_v2/marble_board.o
 .rodata.ledpins
                0x0000000008017894        0x6 out_nucleo/board_support/marble_v2/marble_board.o
 .rodata.mgtmux_pins
                0x000000000801789a        0x6 out_nucleo/board_support/marble_v2/marble_board.o
 .rodata.str1.1
                0x00000000080178a0       0xd8 out_nucleo/src/i2c_pm.o
                                         0xdf (size before relaxing)
 .rodata.xrp_reg_write.str1.1
                0x0000000008017978       0x2c out_nucleo/src/i2c_pm.o
 .rodata.xrp_reg_write_check.str1.1
                0x00000000080179a4       0x42 out_nucleo/src/i2c_pm.o
 .rodata.I2C_PM_scan.str1.1
                0x00000000080179e6       0x1d out_nucleo/src/i2c_pm.o
                                         0x1f (size before relaxing)
 .rodata.print_max6639_decoded.str1.1
                0x0000000008017a03      0x35b out_nucleo/src/i2c_pm.o
 .rodata.LM75_print.str1.1
                0x0000000008017d5e       0x2e out_nucleo/src/i2c_pm.o
 .rodata.LM75_print_decoded.str1.1
                0x0000000008017d8c       0x67 out_nucleo/src/i2c_pm.o
 .rodata.xrp_set2.str1.1
                0x0000000008017df3       0x61 out_nucleo/src/i2c_pm.o
 .rodata.xrp_read2.str1.1
                0x0000000008017e54       0x24 out_nucleo/src/i2c_pm.o
 .rodata.xrp_process_flash.str1.1
                0x0000000008017e78       0x98 out_nucleo/src/i2c_pm.o
 .rodata.xrp_dump.str1.1
                0x0000000008017f10       0x5c out_nucleo/src/i2c_pm.o
 .rodata.xrp_push_low.str1.1
                0x0000000008017f6c       0x9e out_nucleo/src/i2c_pm.o
                                         0xa2 (size before relaxing)
 .rodata.xrp_flash.str1.1
                0x000000000801800a       0xc4 out_nucleo/src/i2c_pm.o
 .rodata.xrp_go.str1.1
                0x00000000080180ce       0x5f out_nucleo/src/i2c_pm.o
 .rodata.i2c_list
                0x000000000801812d        0x4 out_nucleo/src/i2c_pm.o
 .rodata.i2c_nok
                0x0000000008018131       0x1c out_nucleo/src/i2c_pm.o
                0x0000000008018131                i2c_nok
 .rodata.i2c_ok
                0x000000000801814d       0x18 out_nucleo/src/i2c_pm.o
                0x000000000801814d                i2c_ok
 .rodata.i2c_ret
                0x0000000008018165        0x7 out_nucleo/src/i2c_pm.o
                0x0000000008018165                i2c_ret
 .rodata.rlist.5156
                0x000000000801816c        0x4 out_nucleo/src/i2c_pm.o
 .rodata.I2C_FPGA_scan.str1.1
                0x0000000008018170       0x30 out_nucleo/src/i2c_fpga.o
                                         0x39 (size before relaxing)
 .rodata.ina219_debug.str1.1
                0x00000000080181a0       0x44 out_nucleo/src/i2c_fpga.o
 .rodata.adn4600_init.str1.1
                0x00000000080181e4       0xa1 out_nucleo/src/i2c_fpga.o
 .rodata.adn4600_printStatus.str1.1
                0x0000000008018285       0x3e out_nucleo/src/i2c_fpga.o
 .rodata.pca9555_status.str1.1
                0x00000000080182c3       0x38 out_nucleo/src/i2c_fpga.o
 .rodata.pca9555_config.str1.1
                0x00000000080182fb       0x3c out_nucleo/src/i2c_fpga.o
 .rodata.si570_status.str1.1
                0x0000000008018337       0x99 out_nucleo/src/i2c_fpga.o
 .rodata.mbox_update.str1.1
                0x00000000080183d0       0x69 out_nucleo/src/mailbox.o
                                         0x6b (size before relaxing)
 .rodata.mbox_peek.str1.1
                0x0000000008018439       0x20 out_nucleo/src/mailbox.o
 .rodata.phy_print.str1.1
                0x0000000008018459       0x18 out_nucleo/src/phy_mdio.o
 .rodata.xrp_srecord.str1.1
                0x0000000008018471       0x65 out_nucleo/src/hexrec.o
                                         0x69 (size before relaxing)
 .rodata.print_status_counters.str1.1
                0x00000000080184d6       0x5f out_nucleo/src/main.o
 .rodata.main.str1.1
                0x0000000008018535       0x6a out_nucleo/src/main.o
                                         0x6e (size before relaxing)
 .rodata.print_ip.str1.1
                0x000000000801859f        0x9 out_nucleo/src/console.o
                                          0xe (size before relaxing)
 .rodata.print_this_ip.str1.1
                0x00000000080185a8       0x1b out_nucleo/src/console.o
 .rodata.print_mac.str1.1
                0x00000000080185c3        0xa out_nucleo/src/console.o
                                          0xf (size before relaxing)
 .rodata.print_this_mac.str1.1
                0x00000000080185cd       0x1c out_nucleo/src/console.o
 .rodata.console_push_fpga_mac_ip.str1.1
                0x00000000080185e9       0x29 out_nucleo/src/console.o
 .rodata.xrp_boot.str1.1
                0x0000000008018612       0x26 out_nucleo/src/console.o
 .rodata.console_service.str1.1
                0x0000000008018638      0x24f out_nucleo/src/console.o
                                        0x27a (size before relaxing)
 .rodata.str1.1
                0x0000000008018887      0x2d3 out_nucleo/src/console.o
                                        0x2d6 (size before relaxing)
 .rodata.ee_migrate.str1.1
                0x0000000008018b5a       0x20 out_nucleo/src/st-eeprom.o
 .rodata.eeprom_read_val.str1.1
                0x0000000008018b7a       0x1d out_nucleo/src/st-eeprom.o
 .rodata.eeprom_populate_val.str1.1
                0x0000000008018b97       0x30 out_nucleo/src/st-eeprom.o
 .rodata.eeprom_init.str1.1
                0x0000000008018bc7       0x29 out_nucleo/src/st-eeprom.o
 .rodata.eeprom_store_val.str1.1
                0x0000000008018bf0       0x27 out_nucleo/src/st-eeprom.o
 .rodata.CSWTCH.20
                0x0000000008018c17        0x4 out_nucleo/src/st-eeprom.o
 .rodata.str1.4
                0x0000000008018c1b       0x13 /usr/lib/gcc/arm-none-eabi/9.2.1/../../../arm-none-eabi/lib/thumb/v7-m/nofp/libg_nano.a(lib_a-nano-svfprintf.o)
                0x0000000008018c30                . = ALIGN (0x4)
 *fill*         0x0000000008018c1b        0x1 

.ARM.extab
 *(.ARM.extab* .gnu.linkonce.armextab.*)

.ARM            0x0000000008018c1c        0x8
                0x0000000008018c1c                __exidx_start = .
 *(.ARM.exidx*)
 .ARM.exidx     0x0000000008018c1c        0x8 /usr/lib/gcc/arm-none-eabi/9.2.1/thumb/v7-m/nofp/libgcc.a(_udivmoddi4.o)
                0x0000000008018c24                __exidx_end = .

.rel.dyn        0x0000000008018c24        0x0
 .rel.iplt      0x0000000008018c24        0x0 /usr/lib/gcc/arm-none-eabi/9.2.1/thumb/v7-m/nofp/crtbegin.o

.preinit_array  0x0000000008018c24        0x0
                0x0000000008018c24                PROVIDE (__preinit_array_start = .)
 *(.preinit_array*)
                0x0000000008018c24                PROVIDE (__preinit_array_end = .)

.init_array     0x0000000008018c24        0x4
                0x0000000008018c24                PROVIDE (__init_array_start = .)
 *(SORT_BY_NAME(.init_array.*))
 *(.init_array*)
 .init_array    0x0000000008018c24        0x4 /usr/lib/gcc/arm-none-eabi/9.2.1/thumb/v7-m/nofp/crtbegin.o
                0x0000000008018c28                PROVIDE (__init_array_end = .)

.fini_array     0x0000000008018c28        0x4
                0x0000000008018c28                PROVIDE (__fini_array_start = .)
 *(SORT_BY_NAME(.fini_array.*))
 *(.fini_array*)
 .fini_array    0x0000000008018c28        0x4 /usr/lib/gcc/arm-none-eabi/9.2.1/thumb/v7-m/nofp/crtbegin.o
                0x0000000008018c2c                PROVIDE (__fini_array_end = .)
                0x0000000008018c2c                _sidata = LOADADDR (.data)

.data           0x0000000020000000      0x260 load address 0x0000000008018c2c
                0x0000000020000000                . = ALIGN (0x4)
                0x0000000020000000                _sdata = .
 *(.data)
 .data          0x0000000020000000       0x64 /usr/lib/gcc/arm-none-eabi/9.2.1/../../../arm-none-eabi/lib/thumb/v7-m/nofp/libc_nano.a(lib_a-impure.o)
                0x0000000020000000                _impure_ptr
 .data          0x0000000020000064      0x16c /usr/lib/gcc/arm-none-eabi/9.2.1/../../../arm-none-eabi/lib/thumb/v7-m/nofp/libc_nano.a(lib_a-locale.o)
                0x0000000020000064                __global_locale
 *(.data*)
 .data.SystemCoreClock
                0x00000000200001d0        0x4 out_nucleo/board_support/marble_v2/system_stm32f2xx.o
                0x00000000200001d0                SystemCoreClock
 .data.marble_FPGA_DONE_handler
                0x00000000200001d4        0x4 out_nucleo/board_support/marble_v2/marble_board.o
                0x00000000200001d4                marble_FPGA_DONE_handler
 .data.marble_SysTick_Handler
                0x00000000200001d8        0x4 out_nucleo/board_support/marble_v2/marble_board.o
                0x00000000200001d8                marble_SysTick_Handler
 .data.systimer_ms
                0x00000000200001dc        0x4 out_nucleo/src/main.o
 .data.menu_str
                0x00000000200001e0       0x80 out_nucleo/src/console.o
                0x00000000200001e0                menu_str
                0x0000000020000260                . = ALIGN (0x4)
                0x0000000020000260                _edata = .

.tm_clone_table
                0x0000000020000260        0x0 load address 0x0000000008018e8c
 .tm_clone_table
                0x0000000020000260        0x0 /usr/lib/gcc/arm-none-eabi/9.2.1/thumb/v7-m/nofp/crtbegin.o
 .tm_clone_table
                0x0000000020000260        0x0 /usr/lib/gcc/arm-none-eabi/9.2.1/thumb/v7-m/nofp/crtend.o

.igot.plt       0x0000000020000260        0x0 load address 0x0000000008018e8c
 .igot.plt      0x0000000020000260        0x0 /usr/lib/gcc/arm-none-eabi/9.2.1/thumb/v7-m/nofp/crtbegin.o
                0x0000000020000260                . = ALIGN (0x4)

.bss            0x0000000020000260      0x73c load address 0x0000000008018e8c
                0x0000000020000260                _sbss = .
                0x0000000020000260                __bss_start__ = _sbss
 *(.bss)
 .bss           0x0000000020000260       0x1c /usr/lib/gcc/arm-none-eabi/9.2.1/thumb/v7-m/nofp/crtbegin.o
 .bss           0x000000002000027c        0x8 /usr/lib/gcc/arm-none-eabi/9.2.1/../../../arm-none-eabi/lib/thumb/v7-m/nofp/libc_nano.a(lib_a-nano-mallocr.o)
                0x000000002000027c                __malloc_free_list
                0x0000000020000280                __malloc_sbrk_start
 *(.bss*)
 .bss.marble_pcb_rev
                0x0000000020000284        0x1 out_nucleo/board_support/marble_v2/marble_board.o
 *fill*         0x0000000020000285        0x1 
 .bss.count.5089
                0x0000000020000286        0x2 out_nucleo/src/mailbox.o
 .bss.heap_end.5267
                0x0000000020000288        0x4 out_nucleo/src/syscalls.o
 .bss.fpga_done_tickval
                0x000000002000028c        0x4 out_nucleo/src/main.o
                0x000000002000028c                fpga_done_tickval
 .bss.fpga_net_prog_pend
                0x0000000020000290        0x4 out_nucleo/src/main.o
                0x0000000020000290                fpga_net_prog_pend
 .bss.fpga_prog_cnt
                0x0000000020000294        0x4 out_nucleo/src/main.o
                0x0000000020000294                fpga_prog_cnt
 .bss.led_cnt.5277
                0x0000000020000298        0x2 out_nucleo/src/main.o
 *fill*         0x000000002000029a        0x2 
 .bss.live_cnt  0x000000002000029c        0x4 out_nucleo/src/main.o
                0x000000002000029c                live_cnt
 .bss.spi_ms_cnt.5276
                0x00000000200002a0        0x4 out_nucleo/src/main.o
 .bss.spi_update
                0x00000000200002a4        0x1 out_nucleo/src/main.o
 *fill*         0x00000000200002a5        0x3 
 .bss.UARTTX_queue
                0x00000000200002a8      0x40c out_nucleo/src/uart_fifo.o
 .bss.UART_queue
                0x00000000200006b4       0x67 out_nucleo/src/uart_fifo.o
 .bss._dataLost
                0x000000002000071b        0x1 out_nucleo/src/uart_fifo.o
 .bss._fpgaEnable
                0x000000002000071c        0x1 out_nucleo/src/console.o
 .bss._msgCount
                0x000000002000071d        0x1 out_nucleo/src/console.o
 .bss.console_mode
                0x000000002000071e        0x1 out_nucleo/src/console.o
 *fill*         0x000000002000071f        0x1 
 .bss.ee_active
                0x0000000020000720        0x4 out_nucleo/src/st-eeprom.o
 *(COMMON)
 COMMON         0x0000000020000724        0x4 /usr/lib/gcc/arm-none-eabi/9.2.1/../../../arm-none-eabi/lib/thumb/v7-m/nofp/libc_nano.a(lib_a-reent.o)
                0x0000000020000724                errno
 COMMON         0x0000000020000728      0x270 out_nucleo/board_support/marble_v2/marble_board.o
                0x0000000020000728                SSP_FPGA
                0x000000002000072c                hi2c3
                0x0000000020000780                hspi2
                0x00000000200007d8                SSP_PMOD
                0x00000000200007dc                I2C_PM
                0x00000000200007e0                huart3
                0x0000000020000820                hi2c1
                0x0000000020000874                huart_console
                0x00000000200008b4                hspi1
                0x000000002000090c                huart2
                0x000000002000094c                heth
                0x0000000020000994                I2C_FPGA
 COMMON         0x0000000020000998        0x4 out_nucleo/board_support/marble_v2/STM32F2xx_HAL_Driver/Src/stm32f2xx_hal.o
                0x0000000020000998                uwTick
                0x000000002000099c                . = ALIGN (0x4)
                0x000000002000099c                _ebss = .
                0x000000002000099c                __bss_end__ = _ebss

._user_heap_stack
                0x000000002000099c      0x604 load address 0x0000000008018e8c
                0x00000000200009a0                . = ALIGN (0x8)
 *fill*         0x000000002000099c        0x4 
                0x00000000200009a0                PROVIDE (end = .)
                [!provide]                        PROVIDE (_end = .)
                0x0000000020000ba0                . = (. + _Min_Heap_Size)
 *fill*         0x00000000200009a0      0x200 
                0x0000000020000fa0                . = (. + _Min_Stack_Size)
 *fill*         0x0000000020000ba0      0x400 
                0x0000000020000fa0                . = ALIGN (0x8)

/DISCARD/
 libc.a(*)
 libm.a(*)
 libgcc.a(*)

.ARM.attributes
                0x0000000000000000       0x29
 *(.ARM.attributes)
 .ARM.attributes
                0x0000000000000000       0x1d /usr/lib/gcc/arm-none-eabi/9.2.1/thumb/v7-m/nofp/crti.o
 .ARM.attributes
                0x000000000000001d       0x2d /usr/lib/gcc/arm-none-eabi/9.2.1/thumb/v7-m/nofp/crtbegin.o
 .ARM.attributes
                0x000000000000004a       0x2d /usr/lib/gcc/arm-none-eabi/9.2.1/../../../arm-none-eabi/lib/thumb/v7-m/nofp/libc_nano.a(lib_a-impure.o)
 .ARM.attributes
                0x0000000000000077       0x2d /usr/lib/gcc/arm-none-eabi/9.2.1/../../../arm-none-eabi/lib/thumb/v7-m/nofp/libc_nano.a(lib_a-init.o)
 .ARM.attributes
                0x00000000000000a4       0x2d /usr/lib/gcc/arm-none-eabi/9.2.1/../../../arm-none-eabi/lib/thumb/v7-m/nofp/libc_nano.a(lib_a-memset.o)
 .ARM.attributes
                0x00000000000000d1       0x2d /usr/lib/gcc/arm-none-eabi/9.2.1/../../../arm-none-eabi/lib/thumb/v7-m/nofp/libc_nano.a(lib_a-nano-vfprintf_float.o)
 .ARM.attributes
                0x00000000000000fe       0x2d /usr/lib/gcc/arm-none-eabi/9.2.1/../../../arm-none-eabi/lib/thumb/v7-m/nofp/libc_nano.a(lib_a-nano-vfprintf_i.o)
 .ARM.attributes
                0x000000000000012b       0x2d /usr/lib/gcc/arm-none-eabi/9.2.1/../../../arm-none-eabi/lib/thumb/v7-m/nofp/libc_nano.a(lib_a-strlen-stub.o)
 .ARM.attributes
                0x0000000000000158       0x2d /usr/lib/gcc/arm-none-eabi/9.2.1/../../../arm-none-eabi/lib/thumb/v7-m/nofp/libc_nano.a(lib_a-dtoa.o)
 .ARM.attributes
                0x0000000000000185       0x2d /usr/lib/gcc/arm-none-eabi/9.2.1/../../../arm-none-eabi/lib/thumb/v7-m/nofp/libc_nano.a(lib_a-localeconv.o)
 .ARM.attributes
                0x00000000000001b2       0x2d /usr/lib/gcc/arm-none-eabi/9.2.1/../../../arm-none-eabi/lib/thumb/v7-m/nofp/libc_nano.a(lib_a-malloc.o)
 .ARM.attributes
                0x00000000000001df       0x2d /usr/lib/gcc/arm-none-eabi/9.2.1/../../../arm-none-eabi/lib/thumb/v7-m/nofp/libc_nano.a(lib_a-memchr-stub.o)
 .ARM.attributes
                0x000000000000020c       0x1b /usr/lib/gcc/arm-none-eabi/9.2.1/../../../arm-none-eabi/lib/thumb/v7-m/nofp/libc_nano.a(lib_a-memcpy.o)
 .ARM.attributes
                0x0000000000000227       0x2d /usr/lib/gcc/arm-none-eabi/9.2.1/../../../arm-none-eabi/lib/thumb/v7-m/nofp/libc_nano.a(lib_a-mprec.o)
 .ARM.attributes
                0x0000000000000254       0x2d /usr/lib/gcc/arm-none-eabi/9.2.1/../../../arm-none-eabi/lib/thumb/v7-m/nofp/libc_nano.a(lib_a-nano-callocr.o)
 .ARM.attributes
                0x0000000000000281       0x2d /usr/lib/gcc/arm-none-eabi/9.2.1/../../../arm-none-eabi/lib/thumb/v7-m/nofp/libc_nano.a(lib_a-nano-freer.o)
 .ARM.attributes
                0x00000000000002ae       0x2d /usr/lib/gcc/arm-none-eabi/9.2.1/../../../arm-none-eabi/lib/thumb/v7-m/nofp/libc_nano.a(lib_a-nano-mallocr.o)
 .ARM.attributes
                0x00000000000002db       0x2d /usr/lib/gcc/arm-none-eabi/9.2.1/../../../arm-none-eabi/lib/thumb/v7-m/nofp/libc_nano.a(lib_a-sbrkr.o)
 .ARM.attributes
                0x0000000000000308       0x2d /usr/lib/gcc/arm-none-eabi/9.2.1/../../../arm-none-eabi/lib/thumb/v7-m/nofp/libc_nano.a(lib_a-assert.o)
 .ARM.attributes
                0x0000000000000335       0x2d /usr/lib/gcc/arm-none-eabi/9.2.1/../../../arm-none-eabi/lib/thumb/v7-m/nofp/libc_nano.a(lib_a-fprintf.o)
 .ARM.attributes
                0x0000000000000362       0x2d /usr/lib/gcc/arm-none-eabi/9.2.1/../../../arm-none-eabi/lib/thumb/v7-m/nofp/libc_nano.a(lib_a-locale.o)
 .ARM.attributes
                0x000000000000038f       0x2d /usr/lib/gcc/arm-none-eabi/9.2.1/../../../arm-none-eabi/lib/thumb/v7-m/nofp/libc_nano.a(lib_a-mbtowc_r.o)
 .ARM.attributes
                0x00000000000003bc       0x2d /usr/lib/gcc/arm-none-eabi/9.2.1/../../../arm-none-eabi/lib/thumb/v7-m/nofp/libc_nano.a(lib_a-mlock.o)
 .ARM.attributes
                0x00000000000003e9       0x2d /usr/lib/gcc/arm-none-eabi/9.2.1/../../../arm-none-eabi/lib/thumb/v7-m/nofp/libc_nano.a(lib_a-nano-vfprintf.o)
 .ARM.attributes
                0x0000000000000416       0x2d /usr/lib/gcc/arm-none-eabi/9.2.1/../../../arm-none-eabi/lib/thumb/v7-m/nofp/libc_nano.a(lib_a-reent.o)
 .ARM.attributes
                0x0000000000000443       0x2d /usr/lib/gcc/arm-none-eabi/9.2.1/../../../arm-none-eabi/lib/thumb/v7-m/nofp/libc_nano.a(lib_a-wbuf.o)
 .ARM.attributes
                0x0000000000000470       0x2d /usr/lib/gcc/arm-none-eabi/9.2.1/../../../arm-none-eabi/lib/thumb/v7-m/nofp/libc_nano.a(lib_a-wctomb_r.o)
 .ARM.attributes
                0x000000000000049d       0x2d /usr/lib/gcc/arm-none-eabi/9.2.1/../../../arm-none-eabi/lib/thumb/v7-m/nofp/libc_nano.a(lib_a-wsetup.o)
 .ARM.attributes
                0x00000000000004ca       0x2d /usr/lib/gcc/arm-none-eabi/9.2.1/../../../arm-none-eabi/lib/thumb/v7-m/nofp/libc_nano.a(lib_a-abort.o)
 .ARM.attributes
                0x00000000000004f7       0x2d /usr/lib/gcc/arm-none-eabi/9.2.1/../../../arm-none-eabi/lib/thumb/v7-m/nofp/libc_nano.a(lib_a-ctype_.o)
 .ARM.attributes
                0x0000000000000524       0x2d /usr/lib/gcc/arm-none-eabi/9.2.1/../../../arm-none-eabi/lib/thumb/v7-m/nofp/libc_nano.a(lib_a-fflush.o)
 .ARM.attributes
                0x0000000000000551       0x2d /usr/lib/gcc/arm-none-eabi/9.2.1/../../../arm-none-eabi/lib/thumb/v7-m/nofp/libc_nano.a(lib_a-findfp.o)
 .ARM.attributes
                0x000000000000057e       0x2d /usr/lib/gcc/arm-none-eabi/9.2.1/../../../arm-none-eabi/lib/thumb/v7-m/nofp/libc_nano.a(lib_a-fvwrite.o)
 .ARM.attributes
                0x00000000000005ab       0x2d /usr/lib/gcc/arm-none-eabi/9.2.1/../../../arm-none-eabi/lib/thumb/v7-m/nofp/libc_nano.a(lib_a-fwalk.o)
 .ARM.attributes
                0x00000000000005d8       0x2d /usr/lib/gcc/arm-none-eabi/9.2.1/../../../arm-none-eabi/lib/thumb/v7-m/nofp/libc_nano.a(lib_a-makebuf.o)
 .ARM.attributes
                0x0000000000000605       0x2d /usr/lib/gcc/arm-none-eabi/9.2.1/../../../arm-none-eabi/lib/thumb/v7-m/nofp/libc_nano.a(lib_a-memmove.o)
 .ARM.attributes
                0x0000000000000632       0x2d /usr/lib/gcc/arm-none-eabi/9.2.1/../../../arm-none-eabi/lib/thumb/v7-m/nofp/libc_nano.a(lib_a-nano-reallocr.o)
 .ARM.attributes
                0x000000000000065f       0x2d /usr/lib/gcc/arm-none-eabi/9.2.1/../../../arm-none-eabi/lib/thumb/v7-m/nofp/libc_nano.a(lib_a-signal.o)
 .ARM.attributes
                0x000000000000068c       0x2d /usr/lib/gcc/arm-none-eabi/9.2.1/../../../arm-none-eabi/lib/thumb/v7-m/nofp/libc_nano.a(lib_a-signalr.o)
 .ARM.attributes
                0x00000000000006b9       0x2d /usr/lib/gcc/arm-none-eabi/9.2.1/../../../arm-none-eabi/lib/thumb/v7-m/nofp/libc_nano.a(lib_a-stdio.o)
 .ARM.attributes
                0x00000000000006e6       0x2d /usr/lib/gcc/arm-none-eabi/9.2.1/../../../arm-none-eabi/lib/thumb/v7-m/nofp/libc_nano.a(lib_a-writer.o)
 .ARM.attributes
                0x0000000000000713       0x2d /usr/lib/gcc/arm-none-eabi/9.2.1/../../../arm-none-eabi/lib/thumb/v7-m/nofp/libc_nano.a(lib_a-closer.o)
 .ARM.attributes
                0x0000000000000740       0x2d /usr/lib/gcc/arm-none-eabi/9.2.1/../../../arm-none-eabi/lib/thumb/v7-m/nofp/libc_nano.a(lib_a-fstatr.o)
 .ARM.attributes
                0x000000000000076d       0x2d /usr/lib/gcc/arm-none-eabi/9.2.1/../../../arm-none-eabi/lib/thumb/v7-m/nofp/libc_nano.a(lib_a-isattyr.o)
 .ARM.attributes
                0x000000000000079a       0x2d /usr/lib/gcc/arm-none-eabi/9.2.1/../../../arm-none-eabi/lib/thumb/v7-m/nofp/libc_nano.a(lib_a-lseekr.o)
 .ARM.attributes
                0x00000000000007c7       0x2d /usr/lib/gcc/arm-none-eabi/9.2.1/../../../arm-none-eabi/lib/thumb/v7-m/nofp/libc_nano.a(lib_a-nano-msizer.o)
 .ARM.attributes
                0x00000000000007f4       0x2d /usr/lib/gcc/arm-none-eabi/9.2.1/../../../arm-none-eabi/lib/thumb/v7-m/nofp/libc_nano.a(lib_a-readr.o)
 .ARM.attributes
                0x0000000000000821       0x21 out_nucleo/board_support/marble_v2/startup_stm32f207xx.o
 .ARM.attributes
                0x0000000000000842       0x2d out_nucleo/board_support/marble_v2/stm32f2xx_hal_msp.o
 .ARM.attributes
                0x000000000000086f       0x2d out_nucleo/board_support/marble_v2/stm32f2xx_it.o
 .ARM.attributes
                0x000000000000089c       0x2d out_nucleo/board_support/marble_v2/system_stm32f2xx.o
 .ARM.attributes
                0x00000000000008c9       0x2d out_nucleo/board_support/marble_v2/marble_board.o
 .ARM.attributes
                0x00000000000008f6       0x2d out_nucleo/board_support/marble_v2/stm32f2xx_flash.o
 .ARM.attributes
                0x0000000000000923       0x2d out_nucleo/board_support/marble_v2/STM32F2xx_HAL_Driver/Src/stm32f2xx_hal.o
 .ARM.attributes
                0x0000000000000950       0x2d out_nucleo/board_support/marble_v2/STM32F2xx_HAL_Driver/Src/stm32f2xx_hal_cortex.o
 .ARM.attributes
                0x000000000000097d       0x2d out_nucleo/board_support/marble_v2/STM32F2xx_HAL_Driver/Src/stm32f2xx_hal_uart.o
 .ARM.attributes
                0x00000000000009aa       0x2d out_nucleo/board_support/marble_v2/STM32F2xx_HAL_Driver/Src/stm32f2xx_hal_gpio.o