Archive member included to satisfy reference by file (symbol)

/home/kpenney/bin/gcc-arm-none-eabi-10.3-2021.10/bin/../lib/gcc/arm-none-eabi/10.3.1/../../../../arm-none-eabi/lib/thumb/v7-m/nofp/libc_nano.a(lib_a-exit.o)
                              /home/kpenney/bin/gcc-arm-none-eabi-10.3-2021.10/bin/../lib/gcc/arm-none-eabi/10.3.1/../../../../arm-none-eabi/lib/thumb/v7-m/nofp/crt0.o (exit)
/home/kpenney/bin/gcc-arm-none-eabi-10.3-2021.10/bin/../lib/gcc/arm-none-eabi/10.3.1/../../../../arm-none-eabi/lib/thumb/v7-m/nofp/libc_nano.a(lib_a-impure.o)
                              /home/kpenney/bin/gcc-arm-none-eabi-10.3-2021.10/bin/../lib/gcc/arm-none-eabi/10.3.1/../../../../arm-none-eabi/lib/thumb/v7-m/nofp/libc_nano.a(lib_a-exit.o) (_global_impure_ptr)
/home/kpenney/bin/gcc-arm-none-eabi-10.3-2021.10/bin/../lib/gcc/arm-none-eabi/10.3.1/../../../../arm-none-eabi/lib/thumb/v7-m/nofp/libc_nano.a(lib_a-init.o)
                              /home/kpenney/bin/gcc-arm-none-eabi-10.3-2021.10/bin/../lib/gcc/arm-none-eabi/10.3.1/../../../../arm-none-eabi/lib/thumb/v7-m/nofp/crt0.o (__libc_init_array)
/home/kpenney/bin/gcc-arm-none-eabi-10.3-2021.10/bin/../lib/gcc/arm-none-eabi/10.3.1/../../../../arm-none-eabi/lib/thumb/v7-m/nofp/libc_nano.a(lib_a-memset.o)
                              /home/kpenney/bin/gcc-arm-none-eabi-10.3-2021.10/bin/../lib/gcc/arm-none-eabi/10.3.1/../../../../arm-none-eabi/lib/thumb/v7-m/nofp/crt0.o (memset)
/home/kpenney/bin/gcc-arm-none-eabi-10.3-2021.10/bin/../lib/gcc/arm-none-eabi/10.3.1/../../../../arm-none-eabi/lib/thumb/v7-m/nofp/libnosys.a(_exit.o)
                              /home/kpenney/bin/gcc-arm-none-eabi-10.3-2021.10/bin/../lib/gcc/arm-none-eabi/10.3.1/../../../../arm-none-eabi/lib/thumb/v7-m/nofp/libc_nano.a(lib_a-exit.o) (_exit)
/home/kpenney/bin/gcc-arm-none-eabi-10.3-2021.10/bin/../lib/gcc/arm-none-eabi/10.3.1/thumb/v7-m/nofp/libgcc.a(_arm_muldf3.o)
                              out_marble/src/i2c_fpga.o (__aeabi_dmul)
/home/kpenney/bin/gcc-arm-none-eabi-10.3-2021.10/bin/../lib/gcc/arm-none-eabi/10.3.1/thumb/v7-m/nofp/libgcc.a(_arm_addsubdf3.o)
                              out_marble/src/i2c_fpga.o (__aeabi_i2d)
/home/kpenney/bin/gcc-arm-none-eabi-10.3-2021.10/bin/../lib/gcc/arm-none-eabi/10.3.1/thumb/v7-m/nofp/libgcc.a(_arm_truncdfsf2.o)
                              out_marble/src/i2c_fpga.o (__aeabi_d2f)
/home/kpenney/bin/gcc-arm-none-eabi-10.3-2021.10/bin/../lib/gcc/arm-none-eabi/10.3.1/thumb/v7-m/nofp/libgcc.a(_arm_addsubsf3.o)
                              out_marble/src/i2c_fpga.o (__aeabi_ui2f)
/home/kpenney/bin/gcc-arm-none-eabi-10.3-2021.10/bin/../lib/gcc/arm-none-eabi/10.3.1/thumb/v7-m/nofp/libgcc.a(_arm_muldivsf3.o)
                              out_marble/src/i2c_fpga.o (__aeabi_fdiv)
/home/kpenney/bin/gcc-arm-none-eabi-10.3-2021.10/bin/../lib/gcc/arm-none-eabi/10.3.1/thumb/v7-m/nofp/libgcc.a(_aeabi_ldivmod.o)
                              out_marble/board_support/marble_v2/STM32F2xx_HAL_Driver/Src/stm32f2xx_hal_rcc.o (__aeabi_ldivmod)
/home/kpenney/bin/gcc-arm-none-eabi-10.3-2021.10/bin/../lib/gcc/arm-none-eabi/10.3.1/thumb/v7-m/nofp/libgcc.a(_aeabi_uldivmod.o)
                              out_marble/board_support/marble_v2/STM32F2xx_HAL_Driver/Src/stm32f2xx_hal_rcc.o (__aeabi_uldivmod)
/home/kpenney/bin/gcc-arm-none-eabi-10.3-2021.10/bin/../lib/gcc/arm-none-eabi/10.3.1/thumb/v7-m/nofp/libgcc.a(_udivmoddi4.o)
                              /home/kpenney/bin/gcc-arm-none-eabi-10.3-2021.10/bin/../lib/gcc/arm-none-eabi/10.3.1/thumb/v7-m/nofp/libgcc.a(_aeabi_ldivmod.o) (__udivmoddi4)
/home/kpenney/bin/gcc-arm-none-eabi-10.3-2021.10/bin/../lib/gcc/arm-none-eabi/10.3.1/thumb/v7-m/nofp/libgcc.a(_dvmd_tls.o)
                              /home/kpenney/bin/gcc-arm-none-eabi-10.3-2021.10/bin/../lib/gcc/arm-none-eabi/10.3.1/thumb/v7-m/nofp/libgcc.a(_aeabi_ldivmod.o) (__aeabi_ldiv0)
/home/kpenney/bin/gcc-arm-none-eabi-10.3-2021.10/bin/../lib/gcc/arm-none-eabi/10.3.1/../../../../arm-none-eabi/lib/thumb/v7-m/nofp/libg_nano.a(lib_a-memcpy-stub.o)
                              out_marble/src/i2c_pm.o (memcpy)
/home/kpenney/bin/gcc-arm-none-eabi-10.3-2021.10/bin/../lib/gcc/arm-none-eabi/10.3.1/../../../../arm-none-eabi/lib/thumb/v7-m/nofp/libg_nano.a(lib_a-printf.o)
                              out_marble/board_support/marble_v2/marble_board.o (printf)
/home/kpenney/bin/gcc-arm-none-eabi-10.3-2021.10/bin/../lib/gcc/arm-none-eabi/10.3.1/../../../../arm-none-eabi/lib/thumb/v7-m/nofp/libg_nano.a(lib_a-putchar.o)
                              out_marble/src/i2c_pm.o (putchar)
/home/kpenney/bin/gcc-arm-none-eabi-10.3-2021.10/bin/../lib/gcc/arm-none-eabi/10.3.1/../../../../arm-none-eabi/lib/thumb/v7-m/nofp/libg_nano.a(lib_a-puts.o)
                              out_marble/board_support/marble_v2/marble_board.o (puts)
/home/kpenney/bin/gcc-arm-none-eabi-10.3-2021.10/bin/../lib/gcc/arm-none-eabi/10.3.1/../../../../arm-none-eabi/lib/thumb/v7-m/nofp/libg_nano.a(lib_a-reent.o)
[...]
Memory Configuration

Name             Origin             Length             Attributes
RAM              0x0000000020000000 0x0000000000020000 xrw
FLASH            0x0000000008000000 0x0000000000040000 xr
*default*        0x0000000000000000 0xffffffffffffffff

Linker script and memory map

LOAD /home/kpenney/bin/gcc-arm-none-eabi-10.3-2021.10/bin/../lib/gcc/arm-none-eabi/10.3.1/thumb/v7-m/nofp/crti.o
LOAD /home/kpenney/bin/gcc-arm-none-eabi-10.3-2021.10/bin/../lib/gcc/arm-none-eabi/10.3.1/thumb/v7-m/nofp/crtbegin.o
LOAD /home/kpenney/bin/gcc-arm-none-eabi-10.3-2021.10/bin/../lib/gcc/arm-none-eabi/10.3.1/../../../../arm-none-eabi/lib/thumb/v7-m/nofp/crt0.o
LOAD /home/kpenney/bin/gcc-arm-none-eabi-10.3-2021.10/bin/../lib/gcc/arm-none-eabi/10.3.1/../../../../arm-none-eabi/lib/thumb/v7-m/nofp/libc_nano.a
LOAD /home/kpenney/bin/gcc-arm-none-eabi-10.3-2021.10/bin/../lib/gcc/arm-none-eabi/10.3.1/../../../../arm-none-eabi/lib/thumb/v7-m/nofp/libnosys.a
LOAD out_marble/board_support/marble_v2/startup_stm32f207xx.o
LOAD out_marble/board_support/marble_v2/stm32f2xx_hal_msp.o
LOAD out_marble/board_support/marble_v2/stm32f2xx_it.o
LOAD out_marble/board_support/marble_v2/system_stm32f2xx.o
LOAD out_marble/board_support/marble_v2/marble_board.o
LOAD out_marble/board_support/marble_v2/STM32F2xx_HAL_Driver/Src/stm32f2xx_hal.o
LOAD out_marble/board_support/marble_v2/STM32F2xx_HAL_Driver/Src/stm32f2xx_hal_cortex.o
LOAD out_marble/board_support/marble_v2/STM32F2xx_HAL_Driver/Src/stm32f2xx_hal_uart.o
LOAD out_marble/board_support/marble_v2/STM32F2xx_HAL_Driver/Src/stm32f2xx_hal_gpio.o
LOAD out_marble/board_support/marble_v2/STM32F2xx_HAL_Driver/Src/stm32f2xx_hal_rcc.o
LOAD out_marble/board_support/marble_v2/STM32F2xx_HAL_Driver/Src/stm32f2xx_hal_i2c.o
LOAD out_marble/board_support/marble_v2/STM32F2xx_HAL_Driver/Src/stm32f2xx_hal_eth.o
LOAD out_marble/board_support/marble_v2/STM32F2xx_HAL_Driver/Src/stm32f2xx_hal_spi.o
LOAD out_marble/board_support/marble_v2/STM32F2xx_HAL_Driver/Src/stm32f2xx_hal_dma.o
LOAD out_marble/src/i2c_pm.o
LOAD out_marble/src/i2c_fpga.o
LOAD out_marble/src/mailbox.o
LOAD out_marble/src/phy_mdio.o
LOAD out_marble/src/hexrec.o
LOAD out_marble/src/syscalls.o
LOAD out_marble/src/main.o
START GROUP
LOAD /home/kpenney/bin/gcc-arm-none-eabi-10.3-2021.10/bin/../lib/gcc/arm-none-eabi/10.3.1/thumb/v7-m/nofp/libgcc.a
LOAD /home/kpenney/bin/gcc-arm-none-eabi-10.3-2021.10/bin/../lib/gcc/arm-none-eabi/10.3.1/../../../../arm-none-eabi/lib/thumb/v7-m/nofp/libg_nano.a
LOAD /home/kpenney/bin/gcc-arm-none-eabi-10.3-2021.10/bin/../lib/gcc/arm-none-eabi/10.3.1/../../../../arm-none-eabi/lib/thumb/v7-m/nofp/libc_nano.a
END GROUP
START GROUP
LOAD /home/kpenney/bin/gcc-arm-none-eabi-10.3-2021.10/bin/../lib/gcc/arm-none-eabi/10.3.1/thumb/v7-m/nofp/libgcc.a
LOAD /home/kpenney/bin/gcc-arm-none-eabi-10.3-2021.10/bin/../lib/gcc/arm-none-eabi/10.3.1/../../../../arm-none-eabi/lib/thumb/v7-m/nofp/libc_nano.a
LOAD /home/kpenney/bin/gcc-arm-none-eabi-10.3-2021.10/bin/../lib/gcc/arm-none-eabi/10.3.1/../../../../arm-none-eabi/lib/thumb/v7-m/nofp/libnosys.a
END GROUP
START GROUP
LOAD /home/kpenney/bin/gcc-arm-none-eabi-10.3-2021.10/bin/../lib/gcc/arm-none-eabi/10.3.1/thumb/v7-m/nofp/libgcc.a
LOAD /home/kpenney/bin/gcc-arm-none-eabi-10.3-2021.10/bin/../lib/gcc/arm-none-eabi/10.3.1/../../../../arm-none-eabi/lib/thumb/v7-m/nofp/libc_nano.a
LOAD /home/kpenney/bin/gcc-arm-none-eabi-10.3-2021.10/bin/../lib/gcc/arm-none-eabi/10.3.1/../../../../arm-none-eabi/lib/thumb/v7-m/nofp/libnosys.a
END GROUP
LOAD /home/kpenney/bin/gcc-arm-none-eabi-10.3-2021.10/bin/../lib/gcc/arm-none-eabi/10.3.1/thumb/v7-m/nofp/crtend.o
LOAD /home/kpenney/bin/gcc-arm-none-eabi-10.3-2021.10/bin/../lib/gcc/arm-none-eabi/10.3.1/thumb/v7-m/nofp/crtn.o
                0x0000000020020000                _estack = 0x20020000
                0x0000000000000200                _Min_Heap_Size = 0x200
                0x0000000000000400                _Min_Stack_Size = 0x400

.isr_vector     0x0000000008000000      0x184
                0x0000000008000000                . = ALIGN (0x4)
 *(.isr_vector)
 .isr_vector    0x0000000008000000      0x184 out_marble/board_support/marble_v2/startup_stm32f207xx.o
                0x0000000008000000                g_pfnVectors
                0x0000000008000184                . = ALIGN (0x4)

.text           0x0000000008000184     0x6244
                0x0000000008000184                . = ALIGN (0x4)
 *(.text)
 .text          0x0000000008000184       0x40 /home/kpenney/bin/gcc-arm-none-eabi-10.3-2021.10/bin/../lib/gcc/arm-none-eabi/10.3.1/thumb/v7-m/nofp/crtbegin.o
 .text          0x00000000080001c4       0x30 /home/kpenney/bin/gcc-arm-none-eabi-10.3-2021.10/bin/../lib/gcc/arm-none-eabi/10.3.1/thumb/v7-m/nofp/libgcc.a(_aeabi_uldivmod.o)
                0x00000000080001c4                __aeabi_uldivmod
 .text          0x00000000080001f4      0x2d4 /home/kpenney/bin/gcc-arm-none-eabi-10.3-2021.10/bin/../lib/gcc/arm-none-eabi/10.3.1/thumb/v7-m/nofp/libgcc.a(_udivmoddi4.o)
                0x00000000080001f4                __udivmoddi4
 .text          0x00000000080004c8        0x4 /home/kpenney/bin/gcc-arm-none-eabi-10.3-2021.10/bin/../lib/gcc/arm-none-eabi/10.3.1/thumb/v7-m/nofp/libgcc.a(_dvmd_tls.o)
                0x00000000080004c8                __aeabi_ldiv0
                0x00000000080004c8                __aeabi_idiv0
 .text          0x00000000080004cc       0x10 /home/kpenney/bin/gcc-arm-none-eabi-10.3-2021.10/bin/../lib/gcc/arm-none-eabi/10.3.1/../../../../arm-none-eabi/lib/thumb/v7-m/nofp/libg_nano.a(lib_a-strlen.o)
                0x00000000080004cc                strlen
 *(.text*)
 .text.__libc_init_array
                0x00000000080004dc       0x48 /home/kpenney/bin/gcc-arm-none-eabi-10.3-2021.10/bin/../lib/gcc/arm-none-eabi/10.3.1/../../../../arm-none-eabi/lib/thumb/v7-m/nofp/libc_nano.a(lib_a-init.o)
                0x00000000080004dc                __libc_init_array
 .text.memset   0x0000000008000524       0x10 /home/kpenney/bin/gcc-arm-none-eabi-10.3-2021.10/bin/../lib/gcc/arm-none-eabi/10.3.1/../../../../arm-none-eabi/lib/thumb/v7-m/nofp/libc_nano.a(lib_a-memset.o)
                0x0000000008000524                memset
 .text.Reset_Handler
                0x0000000008000534       0x50 out_marble/board_support/marble_v2/startup_stm32f207xx.o
                0x0000000008000534                Reset_Handler
 .text.Default_Handler
                0x0000000008000584        0x2 out_marble/board_support/marble_v2/startup_stm32f207xx.o
                0x0000000008000584                RTC_Alarm_IRQHandler
                0x0000000008000584                HASH_RNG_IRQHandler
                0x0000000008000584                EXTI2_IRQHandler
                0x0000000008000584                TIM8_CC_IRQHandler
                0x0000000008000584                TIM1_CC_IRQHandler
                0x0000000008000584                DMA2_Stream5_IRQHandler
                0x0000000008000584                DMA1_Stream5_IRQHandler
                0x0000000008000584                PVD_IRQHandler
                0x0000000008000584                SDIO_IRQHandler
                0x0000000008000584                TAMP_STAMP_IRQHandler
                0x0000000008000584                CAN2_RX1_IRQHandler
                0x0000000008000584                EXTI3_IRQHandler
                0x0000000008000584                TIM8_TRG_COM_TIM14_IRQHandler
                0x0000000008000584                TIM1_UP_TIM10_IRQHandler
                0x0000000008000584                TIM8_UP_TIM13_IRQHandler
                0x0000000008000584                I2C3_ER_IRQHandler
                0x0000000008000584                I2C2_EV_IRQHandler
                0x0000000008000584                DMA1_Stream2_IRQHandler
                0x0000000008000584                CAN1_RX0_IRQHandler
                0x0000000008000584                OTG_HS_WKUP_IRQHandler
                0x0000000008000584                CAN2_SCE_IRQHandler
                0x0000000008000584                DMA2_Stream2_IRQHandler
                0x0000000008000584                SPI1_IRQHandler
                0x0000000008000584                TIM6_DAC_IRQHandler
                0x0000000008000584                TIM1_BRK_TIM9_IRQHandler
                0x0000000008000584                DCMI_IRQHandler
                0x0000000008000584                CAN2_RX0_IRQHandler
                0x0000000008000584                DMA2_Stream3_IRQHandler
                0x0000000008000584                USART6_IRQHandler
                0x0000000008000584                CAN1_RX1_IRQHandler
                0x0000000008000584                UART5_IRQHandler
                0x0000000008000584                DMA2_Stream0_IRQHandler
                0x0000000008000584                TIM4_IRQHandler
                0x0000000008000584                I2C1_EV_IRQHandler
                0x0000000008000584                DMA1_Stream6_IRQHandler
                0x0000000008000584                DMA1_Stream1_IRQHandler
                0x0000000008000584                UART4_IRQHandler
                0x0000000008000584                TIM3_IRQHandler
                0x0000000008000584                RCC_IRQHandler
                0x0000000008000584                TIM8_BRK_TIM12_IRQHandler
                0x0000000008000584                Default_Handler
                0x0000000008000584                EXTI15_10_IRQHandler
                0x0000000008000584                ADC_IRQHandler
                0x0000000008000584                DMA1_Stream7_IRQHandler
                0x0000000008000584                TIM7_IRQHandler
                0x0000000008000584                CAN2_TX_IRQHandler
                0x0000000008000584                TIM5_IRQHandler
                0x0000000008000584                DMA2_Stream7_IRQHandler
                0x0000000008000584                I2C3_EV_IRQHandler
                0x0000000008000584                EXTI9_5_IRQHandler
                0x0000000008000584                RTC_WKUP_IRQHandler
                0x0000000008000584                ETH_WKUP_IRQHandler
                0x0000000008000584                SPI2_IRQHandler
                0x0000000008000584                OTG_HS_EP1_IN_IRQHandler
                0x0000000008000584                DMA1_Stream0_IRQHandler
                0x0000000008000584                CAN1_TX_IRQHandler
                0x0000000008000584                EXTI4_IRQHandler
                0x0000000008000584                FSMC_IRQHandler
                0x0000000008000584                ETH_IRQHandler
                0x0000000008000584                OTG_HS_EP1_OUT_IRQHandler
                0x0000000008000584                WWDG_IRQHandler
                0x0000000008000584                TIM2_IRQHandler
                0x0000000008000584                OTG_FS_WKUP_IRQHandler
                0x0000000008000584                TIM1_TRG_COM_TIM11_IRQHandler
                0x0000000008000584                OTG_HS_IRQHandler
                0x0000000008000584                EXTI1_IRQHandler
                0x0000000008000584                I2C2_ER_IRQHandler
                0x0000000008000584                DMA2_Stream1_IRQHandler
                0x0000000008000584                CAN1_SCE_IRQHandler
                0x0000000008000584                FLASH_IRQHandler
                0x0000000008000584                DMA2_Stream4_IRQHandler
                0x0000000008000584                OTG_FS_IRQHandler
                0x0000000008000584                SPI3_IRQHandler
                0x0000000008000584                DMA1_Stream4_IRQHandler
                0x0000000008000584                I2C1_ER_IRQHandler
                0x0000000008000584                DMA2_Stream6_IRQHandler
                0x0000000008000584                DMA1_Stream3_IRQHandler
 *fill*         0x0000000008000586        0x2 
 .text.HAL_MspInit
                0x0000000008000588       0x38 out_marble/board_support/marble_v2/stm32f2xx_hal_msp.o
                0x0000000008000588                HAL_MspInit
 .text.HAL_ETH_MspInit
                0x00000000080005c0       0xec out_marble/board_support/marble_v2/stm32f2xx_hal_msp.o
                0x00000000080005c0                HAL_ETH_MspInit
 .text.HAL_I2C_MspInit
                0x00000000080006ac      0x104 out_marble/board_support/marble_v2/stm32f2xx_hal_msp.o
                0x00000000080006ac                HAL_I2C_MspInit
 .text.HAL_SPI_MspInit
                0x00000000080007b0      0x118 out_marble/board_support/marble_v2/stm32f2xx_hal_msp.o
                0x00000000080007b0                HAL_SPI_MspInit
 .text.HAL_UART_MspInit
                0x00000000080008c8      0x150 out_marble/board_support/marble_v2/stm32f2xx_hal_msp.o
                0x00000000080008c8                HAL_UART_MspInit
 .text.NMI_Handler
                0x0000000008000a18        0x2 out_marble/board_support/marble_v2/stm32f2xx_it.o
                0x0000000008000a18                NMI_Handler
 .text.HardFault_Handler
                0x0000000008000a1a        0x2 out_marble/board_support/marble_v2/stm32f2xx_it.o
                0x0000000008000a1a                HardFault_Handler
 .text.MemManage_Handler
                0x0000000008000a1c        0x2 out_marble/board_support/marble_v2/stm32f2xx_it.o
                0x0000000008000a1c                MemManage_Handler
 .text.BusFault_Handler
                0x0000000008000a1e        0x2 out_marble/board_support/marble_v2/stm32f2xx_it.o
                0x0000000008000a1e                BusFault_Handler
 .text.UsageFault_Handler
                0x0000000008000a20        0x2 out_marble/board_support/marble_v2/stm32f2xx_it.o
                0x0000000008000a20                UsageFault_Handler
 .text.SVC_Handler
                0x0000000008000a22        0x2 out_marble/board_support/marble_v2/stm32f2xx_it.o
                0x0000000008000a22                SVC_Handler
 .text.DebugMon_Handler
                0x0000000008000a24        0x2 out_marble/board_support/marble_v2/stm32f2xx_it.o
                0x0000000008000a24                DebugMon_Handler
 .text.PendSV_Handler
                0x0000000008000a26        0x2 out_marble/board_support/marble_v2/stm32f2xx_it.o
                0x0000000008000a26                PendSV_Handler
 .text.USART1_IRQHandler
                0x0000000008000a28        0xc out_marble/board_support/marble_v2/stm32f2xx_it.o
                0x0000000008000a28                USART1_IRQHandler
 .text.USART2_IRQHandler
                0x0000000008000a34        0xc out_marble/board_support/marble_v2/stm32f2xx_it.o
                0x0000000008000a34                USART2_IRQHandler
 .text.USART3_IRQHandler
                0x0000000008000a40        0xc out_marble/board_support/marble_v2/stm32f2xx_it.o
                0x0000000008000a40                USART3_IRQHandler
 .text.SystemInit
                0x0000000008000a4c       0x40 out_marble/board_support/marble_v2/system_stm32f2xx.o
                0x0000000008000a4c                SystemInit
 .text.SPI_CSB_SET
                0x0000000008000a8c       0x24 out_marble/board_support/marble_v2/marble_board.o
 .text.SysTick_Handler_dummy
                0x0000000008000ab0        0x2 out_marble/board_support/marble_v2/marble_board.o
                0x0000000008000ab0                SysTick_Handler_dummy
 .text.FPGA_DONE_dummy
                0x0000000008000ab2        0x2 out_marble/board_support/marble_v2/marble_board.o
                0x0000000008000ab2                FPGA_DONE_dummy
 .text.marble_UART_init
                0x0000000008000ab4       0x50 out_marble/board_support/marble_v2/marble_board.o
                0x0000000008000ab4                marble_UART_init
 .text.marble_UART_send
                0x0000000008000b04       0x18 out_marble/board_support/marble_v2/marble_board.o
                0x0000000008000b04                marble_UART_send
 .text.marble_UART_recv
                0x0000000008000b1c       0x28 out_marble/board_support/marble_v2/marble_board.o
                0x0000000008000b1c                marble_UART_recv
 .text.marble_LED_set
                0x0000000008000b44       0x1c out_marble/board_support/marble_v2/marble_board.o
                0x0000000008000b44                marble_LED_set
 .text.marble_LED_toggle
                0x0000000008000b60       0x18 out_marble/board_support/marble_v2/marble_board.o
                0x0000000008000b60                marble_LED_toggle
 .text.marble_FMC_pwr
                0x0000000008000b78       0x28 out_marble/board_support/marble_v2/marble_board.o
                0x0000000008000b78                marble_FMC_pwr
 .text.marble_FMC_status
                0x0000000008000ba0       0x58 out_marble/board_support/marble_v2/marble_board.o
                0x0000000008000ba0                marble_FMC_status
 .text.marble_PWR_status
                0x0000000008000bf8       0x40 out_marble/board_support/marble_v2/marble_board.o
                0x0000000008000bf8                marble_PWR_status
 .text.reset_fpga
                0x0000000008000c38       0x28 out_marble/board_support/marble_v2/marble_board.o
                0x0000000008000c38                reset_fpga
 .text.EXTI0_IRQHandler
                0x0000000008000c60        0x6 out_marble/board_support/marble_v2/marble_board.o
                0x0000000008000c60                EXTI0_IRQHandler
 *fill*         0x0000000008000c66        0x2 
 .text.HAL_GPIO_EXTI_Callback
                0x0000000008000c68       0x10 out_marble/board_support/marble_v2/marble_board.o
                0x0000000008000c68                HAL_GPIO_EXTI_Callback
 .text.marble_GPIOint_init
                0x0000000008000c78       0x38 out_marble/board_support/marble_v2/marble_board.o
                0x0000000008000c78                marble_GPIOint_init
 .text.marble_GPIOint_handlers
                0x0000000008000cb0        0xc out_marble/board_support/marble_v2/marble_board.o
                0x0000000008000cb0                marble_GPIOint_handlers
 .text.marble_MGTMUX_set
                0x0000000008000cbc       0x20 out_marble/board_support/marble_v2/marble_board.o
                0x0000000008000cbc                marble_MGTMUX_set
 .text.marble_MGTMUX_status
                0x0000000008000cdc       0x38 out_marble/board_support/marble_v2/marble_board.o
                0x0000000008000cdc                marble_MGTMUX_status
 .text.marble_I2C_probe
                0x0000000008000d14        0xc out_marble/board_support/marble_v2/marble_board.o
                0x0000000008000d14                marble_I2C_probe
 .text.marble_I2C_send
                0x0000000008000d20       0x12 out_marble/board_support/marble_v2/marble_board.o
                0x0000000008000d20                marble_I2C_send
 .text.marble_I2C_cmdsend
                0x0000000008000d32       0x1a out_marble/board_support/marble_v2/marble_board.o
                0x0000000008000d32                marble_I2C_cmdsend
 .text.marble_I2C_recv
                0x0000000008000d4c       0x12 out_marble/board_support/marble_v2/marble_board.o
                0x0000000008000d4c                marble_I2C_recv
 .text.marble_I2C_cmdrecv
                0x0000000008000d5e       0x1a out_marble/board_support/marble_v2/marble_board.o
                0x0000000008000d5e                marble_I2C_cmdrecv
 .text.marble_I2C_cmdsend_a2
                0x0000000008000d78       0x1a out_marble/board_support/marble_v2/marble_board.o
                0x0000000008000d78                marble_I2C_cmdsend_a2
 .text.marble_I2C_cmdrecv_a2
                0x0000000008000d92       0x1a out_marble/board_support/marble_v2/marble_board.o
                0x0000000008000d92                marble_I2C_cmdrecv_a2
 .text.marble_SSP_write16
                0x0000000008000dac       0x2a out_marble/board_support/marble_v2/marble_board.o
                0x0000000008000dac                marble_SSP_write16
 .text.marble_SSP_exch16
                0x0000000008000dd6       0x32 out_marble/board_support/marble_v2/marble_board.o
                0x0000000008000dd6                marble_SSP_exch16
 .text.marble_MDIO_read
                0x0000000008000e08       0x24 out_marble/board_support/marble_v2/marble_board.o
                0x0000000008000e08                marble_MDIO_read
 .text.SysTick_Handler
                0x0000000008000e2c       0x1c out_marble/board_support/marble_v2/marble_board.o
                0x0000000008000e2c                SysTick_Handler
 .text.marble_SYSTIMER_handler
                0x0000000008000e48        0xc out_marble/board_support/marble_v2/marble_board.o
                0x0000000008000e48                marble_SYSTIMER_handler
 .text.marble_SYSTIMER_ms
                0x0000000008000e54       0x48 out_marble/board_support/marble_v2/marble_board.o
                0x0000000008000e54                marble_SYSTIMER_ms
 .text.marble_SLEEP_ms
                0x0000000008000e9c        0x4 out_marble/board_support/marble_v2/marble_board.o
                0x0000000008000e9c                marble_SLEEP_ms
 .text.SystemClock_Config
                0x0000000008000ea0       0x60 out_marble/board_support/marble_v2/marble_board.o
                0x0000000008000ea0                SystemClock_Config
 .text.SystemClock_Config_HSI
                0x0000000008000f00       0x5e out_marble/board_support/marble_v2/marble_board.o
                0x0000000008000f00                SystemClock_Config_HSI
 *fill*         0x0000000008000f5e        0x2 
 .text.marble_PSU_pwr
                0x0000000008000f60       0x38 out_marble/board_support/marble_v2/marble_board.o
                0x0000000008000f60                marble_PSU_pwr
 .text.marble_init
                0x0000000008000f98      0x314 out_marble/board_support/marble_v2/marble_board.o
                0x0000000008000f98                marble_init
 .text.HAL_InitTick
                0x00000000080012ac       0x28 out_marble/board_support/marble_v2/STM32F2xx_HAL_Driver/Src/stm32f2xx_hal.o
                0x00000000080012ac                HAL_InitTick
 .text.HAL_Init
                0x00000000080012d4       0x34 out_marble/board_support/marble_v2/STM32F2xx_HAL_Driver/Src/stm32f2xx_hal.o
                0x00000000080012d4                HAL_Init
 .text.HAL_IncTick
                0x0000000008001308       0x10 out_marble/board_support/marble_v2/STM32F2xx_HAL_Driver/Src/stm32f2xx_hal.o
                0x0000000008001308                HAL_IncTick
 .text.HAL_GetTick
                0x0000000008001318        0xc out_marble/board_support/marble_v2/STM32F2xx_HAL_Driver/Src/stm32f2xx_hal.o
                0x0000000008001318                HAL_GetTick
 .text.HAL_Delay
                0x0000000008001324       0x20 out_marble/board_support/marble_v2/STM32F2xx_HAL_Driver/Src/stm32f2xx_hal.o
                0x0000000008001324                HAL_Delay
 .text.HAL_NVIC_SetPriorityGrouping
                0x0000000008001344       0x24 out_marble/board_support/marble_v2/STM32F2xx_HAL_Driver/Src/stm32f2xx_hal_cortex.o
                0x0000000008001344                HAL_NVIC_SetPriorityGrouping
 .text.HAL_NVIC_SetPriority
                0x0000000008001368       0x64 out_marble/board_support/marble_v2/STM32F2xx_HAL_Driver/Src/stm32f2xx_hal_cortex.o
                0x0000000008001368                HAL_NVIC_SetPriority
 .text.HAL_NVIC_EnableIRQ
                0x00000000080013cc       0x18 out_marble/board_support/marble_v2/STM32F2xx_HAL_Driver/Src/stm32f2xx_hal_cortex.o
                0x00000000080013cc                HAL_NVIC_EnableIRQ
 .text.HAL_SYSTICK_Config
                0x00000000080013e4       0x28 out_marble/board_support/marble_v2/STM32F2xx_HAL_Driver/Src/stm32f2xx_hal_cortex.o
                0x00000000080013e4                HAL_SYSTICK_Config
 .text.UART_EndRxTransfer
                0x000000000800140c       0x1a out_marble/board_support/marble_v2/STM32F2xx_HAL_Driver/Src/stm32f2xx_hal_uart.o
 *fill*         0x0000000008001426        0x2 
 .text.UART_SetConfig
                0x0000000008001428      0x25c out_marble/board_support/marble_v2/STM32F2xx_HAL_Driver/Src/stm32f2xx_hal_uart.o
 .text.UART_WaitOnFlagUntilTimeout.constprop.0
                0x0000000008001684       0x50 out_marble/board_support/marble_v2/STM32F2xx_HAL_Driver/Src/stm32f2xx_hal_uart.o
 .text.HAL_UART_Init
                0x00000000080016d4       0x5c out_marble/board_support/marble_v2/STM32F2xx_HAL_Driver/Src/stm32f2xx_hal_uart.o
                0x00000000080016d4                HAL_UART_Init
 .text.HAL_UART_Transmit
                0x0000000008001730       0xb6 out_marble/board_support/marble_v2/STM32F2xx_HAL_Driver/Src/stm32f2xx_hal_uart.o
                0x0000000008001730                HAL_UART_Transmit
 .text.HAL_UART_Receive
                0x00000000080017e6       0xbe out_marble/board_support/marble_v2/STM32F2xx_HAL_Driver/Src/stm32f2xx_hal_uart.o
                0x00000000080017e6                HAL_UART_Receive
 .text.HAL_UART_TxCpltCallback
                0x00000000080018a4        0x2 out_marble/board_support/marble_v2/STM32F2xx_HAL_Driver/Src/stm32f2xx_hal_uart.o
                0x00000000080018a4                HAL_UART_TxCpltCallback
 .text.HAL_UART_RxCpltCallback
                0x00000000080018a6        0x2 out_marble/board_support/marble_v2/STM32F2xx_HAL_Driver/Src/stm32f2xx_hal_uart.o
                0x00000000080018a6                HAL_UART_RxCpltCallback
 .text.UART_Receive_IT.isra.0
                0x00000000080018a8       0x68 out_marble/board_support/marble_v2/STM32F2xx_HAL_Driver/Src/stm32f2xx_hal_uart.o
 .text.HAL_UART_ErrorCallback
                0x0000000008001910        0x2 out_marble/board_support/marble_v2/STM32F2xx_HAL_Driver/Src/stm32f2xx_hal_uart.o
                0x0000000008001910                HAL_UART_ErrorCallback
 *fill*         0x0000000008001912        0x2 
 .text.HAL_UART_IRQHandler
                0x0000000008001914      0x140 out_marble/board_support/marble_v2/STM32F2xx_HAL_Driver/Src/stm32f2xx_hal_uart.o
                0x0000000008001914                HAL_UART_IRQHandler
 .text.UART_DMAAbortOnError
                0x0000000008001a54       0x10 out_marble/board_support/marble_v2/STM32F2xx_HAL_Driver/Src/stm32f2xx_hal_uart.o
 .text.HAL_GPIO_Init
                0x0000000008001a64      0x1d8 out_marble/board_support/marble_v2/STM32F2xx_HAL_Driver/Src/stm32f2xx_hal_gpio.o
                0x0000000008001a64                HAL_GPIO_Init
 .text.HAL_GPIO_ReadPin
                0x0000000008001c3c        0xc out_marble/board_support/marble_v2/STM32F2xx_HAL_Driver/Src/stm32f2xx_hal_gpio.o
                0x0000000008001c3c                HAL_GPIO_ReadPin
 .text.HAL_GPIO_WritePin
                0x0000000008001c48        0xa out_marble/board_support/marble_v2/STM32F2xx_HAL_Driver/Src/stm32f2xx_hal_gpio.o
                0x0000000008001c48                HAL_GPIO_WritePin
 .text.HAL_GPIO_TogglePin
                0x0000000008001c52        0x8 out_marble/board_support/marble_v2/STM32F2xx_HAL_Driver/Src/stm32f2xx_hal_gpio.o
                0x0000000008001c52                HAL_GPIO_TogglePin
 *fill*         0x0000000008001c5a        0x2 
 .text.HAL_GPIO_EXTI_IRQHandler
                0x0000000008001c5c       0x18 out_marble/board_support/marble_v2/STM32F2xx_HAL_Driver/Src/stm32f2xx_hal_gpio.o
                0x0000000008001c5c                HAL_GPIO_EXTI_IRQHandler
 .text.HAL_RCC_OscConfig
                0x0000000008001c74      0x2d0 out_marble/board_support/marble_v2/STM32F2xx_HAL_Driver/Src/stm32f2xx_hal_rcc.o
                0x0000000008001c74                HAL_RCC_OscConfig
 .text.HAL_RCC_GetSysClockFreq
                0x0000000008001f44       0x5c out_marble/board_support/marble_v2/STM32F2xx_HAL_Driver/Src/stm32f2xx_hal_rcc.o
                0x0000000008001f44                HAL_RCC_GetSysClockFreq
 .text.HAL_RCC_ClockConfig
                0x0000000008001fa0      0x138 out_marble/board_support/marble_v2/STM32F2xx_HAL_Driver/Src/stm32f2xx_hal_rcc.o
                0x0000000008001fa0                HAL_RCC_ClockConfig
 .text.HAL_RCC_GetHCLKFreq
                0x00000000080020d8        0xc out_marble/board_support/marble_v2/STM32F2xx_HAL_Driver/Src/stm32f2xx_hal_rcc.o
                0x00000000080020d8                HAL_RCC_GetHCLKFreq
 .text.HAL_RCC_GetPCLK1Freq
                0x00000000080020e4       0x30 out_marble/board_support/marble_v2/STM32F2xx_HAL_Driver/Src/stm32f2xx_hal_rcc.o
                0x00000000080020e4                HAL_RCC_GetPCLK1Freq
 .text.HAL_RCC_GetPCLK2Freq
                0x0000000008002114       0x30 out_marble/board_support/marble_v2/STM32F2xx_HAL_Driver/Src/stm32f2xx_hal_rcc.o
                0x0000000008002114                HAL_RCC_GetPCLK2Freq
 .text.I2C_IsAcknowledgeFailed
                0x0000000008002144       0x28 out_marble/board_support/marble_v2/STM32F2xx_HAL_Driver/Src/stm32f2xx_hal_i2c.o
 .text.I2C_WaitOnFlagUntilTimeout
                0x000000000800216c       0x5c out_marble/board_support/marble_v2/STM32F2xx_HAL_Driver/Src/stm32f2xx_hal_i2c.o
 .text.I2C_WaitOnMasterAddressFlagUntilTimeout
                0x00000000080021c8       0x6a out_marble/board_support/marble_v2/STM32F2xx_HAL_Driver/Src/stm32f2xx_hal_i2c.o
 .text.I2C_WaitOnRXNEFlagUntilTimeout
                0x0000000008002232       0x5a out_marble/board_support/marble_v2/STM32F2xx_HAL_Driver/Src/stm32f2xx_hal_i2c.o
 .text.I2C_WaitOnBTFFlagUntilTimeout
                0x000000000800228c       0x4c out_marble/board_support/marble_v2/STM32F2xx_HAL_Driver/Src/stm32f2xx_hal_i2c.o
 .text.I2C_WaitOnTXEFlagUntilTimeout
                0x00000000080022d8       0x4c out_marble/board_support/marble_v2/STM32F2xx_HAL_Driver/Src/stm32f2xx_hal_i2c.o
 .text.I2C_RequestMemoryWrite
                0x0000000008002324       0xac out_marble/board_support/marble_v2/STM32F2xx_HAL_Driver/Src/stm32f2xx_hal_i2c.o
 .text.I2C_RequestMemoryRead
                0x00000000080023d0       0xfc out_marble/board_support/marble_v2/STM32F2xx_HAL_Driver/Src/stm32f2xx_hal_i2c.o
 .text.HAL_I2C_Init
                0x00000000080024cc       0xdc out_marble/board_support/marble_v2/STM32F2xx_HAL_Driver/Src/stm32f2xx_hal_i2c.o
                0x00000000080024cc                HAL_I2C_Init
 .text.HAL_I2C_Master_Transmit
                0x00000000080025a8      0x1b4 out_marble/board_support/marble_v2/STM32F2xx_HAL_Driver/Src/stm32f2xx_hal_i2c.o
                0x00000000080025a8                HAL_I2C_Master_Transmit
 .text.HAL_I2C_Master_Receive
                0x000000000800275c      0x2cc out_marble/board_support/marble_v2/STM32F2xx_HAL_Driver/Src/stm32f2xx_hal_i2c.o
                0x000000000800275c                HAL_I2C_Master_Receive
 .text.HAL_I2C_Mem_Write
                0x0000000008002a28      0x12c out_marble/board_support/marble_v2/STM32F2xx_HAL_Driver/Src/stm32f2xx_hal_i2c.o
                0x0000000008002a28                HAL_I2C_Mem_Write
 .text.HAL_I2C_Mem_Read
                0x0000000008002b54      0x214 out_marble/board_support/marble_v2/STM32F2xx_HAL_Driver/Src/stm32f2xx_hal_i2c.o
                0x0000000008002b54                HAL_I2C_Mem_Read
 .text.HAL_I2C_IsDeviceReady
                0x0000000008002d68      0x160 out_marble/board_support/marble_v2/STM32F2xx_HAL_Driver/Src/stm32f2xx_hal_i2c.o
                0x0000000008002d68                HAL_I2C_IsDeviceReady
 .text.ETH_MACDMAConfig
                0x0000000008002ec8       0xec out_marble/board_support/marble_v2/STM32F2xx_HAL_Driver/Src/stm32f2xx_hal_eth.o
 .text.HAL_ETH_ReadPHYRegister
                0x0000000008002fb4       0x74 out_marble/board_support/marble_v2/STM32F2xx_HAL_Driver/Src/stm32f2xx_hal_eth.o
                0x0000000008002fb4                HAL_ETH_ReadPHYRegister
 .text.HAL_ETH_WritePHYRegister
                0x0000000008003028       0x6e out_marble/board_support/marble_v2/STM32F2xx_HAL_Driver/Src/stm32f2xx_hal_eth.o
                0x0000000008003028                HAL_ETH_WritePHYRegister
 *fill*         0x0000000008003096        0x2 
 .text.HAL_ETH_Init
                0x0000000008003098      0x1e4 out_marble/board_support/marble_v2/STM32F2xx_HAL_Driver/Src/stm32f2xx_hal_eth.o
                0x0000000008003098                HAL_ETH_Init
 .text.SPI_WaitFlagStateUntilTimeout
                0x000000000800327c       0x8c out_marble/board_support/marble_v2/STM32F2xx_HAL_Driver/Src/stm32f2xx_hal_spi.o
 .text.SPI_CheckFlag_BSY
                0x0000000008003308       0x20 out_marble/board_support/marble_v2/STM32F2xx_HAL_Driver/Src/stm32f2xx_hal_spi.o
 .text.HAL_SPI_Init
                0x0000000008003328       0x7a out_marble/board_support/marble_v2/STM32F2xx_HAL_Driver/Src/stm32f2xx_hal_spi.o
                0x0000000008003328                HAL_SPI_Init
 .text.HAL_SPI_Transmit
                0x00000000080033a2      0x15e out_marble/board_support/marble_v2/STM32F2xx_HAL_Driver/Src/stm32f2xx_hal_spi.o
                0x00000000080033a2                HAL_SPI_Transmit
 .text.HAL_SPI_TransmitReceive
                0x0000000008003500      0x1e4 out_marble/board_support/marble_v2/STM32F2xx_HAL_Driver/Src/stm32f2xx_hal_spi.o
                0x0000000008003500                HAL_SPI_TransmitReceive
 .text.HAL_DMA_Abort_IT
                0x00000000080036e4       0x24 out_marble/board_support/marble_v2/STM32F2xx_HAL_Driver/Src/stm32f2xx_hal_dma.o
                0x00000000080036e4                HAL_DMA_Abort_IT
 .text.xrp_reg_write
                0x0000000008003708       0x44 out_marble/src/i2c_pm.o
 .text.xrp_reg_write_check
                0x000000000800374c       0x6c out_marble/src/i2c_pm.o
 .text.I2C_PM_scan
                0x00000000080037b8       0x4c out_marble/src/i2c_pm.o
                0x00000000080037b8                I2C_PM_scan
 .text.print_max6639
                0x0000000008003804       0x74 out_marble/src/i2c_pm.o
                0x0000000008003804                print_max6639
 .text.LM75_read
                0x0000000008003878       0x58 out_marble/src/i2c_pm.o
                0x0000000008003878                LM75_read
 .text.LM75_write
                0x00000000080038d0       0x58 out_marble/src/i2c_pm.o
                0x00000000080038d0                LM75_write
 .text.LM75_print
                0x0000000008003928       0xa4 out_marble/src/i2c_pm.o
                0x0000000008003928                LM75_print
 .text.I2C_PM_probe
                0x00000000080039cc       0xb4 out_marble/src/i2c_pm.o
                0x00000000080039cc                I2C_PM_probe
 .text.xrp_set2
                0x0000000008003a80       0x84 out_marble/src/i2c_pm.o
                0x0000000008003a80                xrp_set2
 .text.xrp_read2
                0x0000000008003b04       0x3c out_marble/src/i2c_pm.o
                0x0000000008003b04                xrp_read2
 .text.xrp_process_flash
                0x0000000008003b40      0x130 out_marble/src/i2c_pm.o
 .text.xrp_dump
                0x0000000008003c70       0x84 out_marble/src/i2c_pm.o
                0x0000000008003c70                xrp_dump
 .text.xrp_ch_status
                0x0000000008003cf4       0x38 out_marble/src/i2c_pm.o
                0x0000000008003cf4                xrp_ch_status
 .text.xrp_push_low
                0x0000000008003d2c      0x180 out_marble/src/i2c_pm.o
                0x0000000008003d2c                xrp_push_low
 .text.xrp_flash
                0x0000000008003eac       0xf8 out_marble/src/i2c_pm.o
                0x0000000008003eac                xrp_flash
 .text.xrp_go   0x0000000008003fa4       0x74 out_marble/src/i2c_pm.o
                0x0000000008003fa4                xrp_go
 .text.xrp_hex_in
                0x0000000008004018       0x80 out_marble/src/i2c_pm.o
                0x0000000008004018                xrp_hex_in
 .text.wireReadRegister
                0x0000000008004098       0x54 out_marble/src/i2c_fpga.o
 .text.switch_i2c_bus.part.0
                0x00000000080040ec       0x24 out_marble/src/i2c_fpga.o
 .text.switch_i2c_bus
                0x0000000008004110        0xa out_marble/src/i2c_fpga.o
                0x0000000008004110                switch_i2c_bus
 *fill*         0x000000000800411a        0x2 
 .text.I2C_FPGA_scan
                0x000000000800411c       0x70 out_marble/src/i2c_fpga.o
                0x000000000800411c                I2C_FPGA_scan
 .text.ina219_debug
                0x000000000800418c       0x70 out_marble/src/i2c_fpga.o
                0x000000000800418c                ina219_debug
 .text.adn4600_init
                0x00000000080041fc      0x14c out_marble/src/i2c_fpga.o
                0x00000000080041fc                adn4600_init
 .text.adn4600_printStatus
                0x0000000008004348       0x3c out_marble/src/i2c_fpga.o
                0x0000000008004348                adn4600_printStatus
 .text.pca9555_status
                0x0000000008004384       0x5c out_marble/src/i2c_fpga.o
                0x0000000008004384                pca9555_status
 .text.pca9555_config
                0x00000000080043e0      0x124 out_marble/src/i2c_fpga.o
                0x00000000080043e0                pca9555_config
 .text.mbox_set_page
                0x0000000008004504       0x24 out_marble/src/mailbox.o
 .text.mbox_read_page
                0x0000000008004528       0x3c out_marble/src/mailbox.o
 .text.mbox_update
                0x0000000008004564      0x168 out_marble/src/mailbox.o
                0x0000000008004564                mbox_update
 .text.mbox_peek
                0x00000000080046cc       0x64 out_marble/src/mailbox.o
                0x00000000080046cc                mbox_peek
 .text.push_fpga_mac_ip
                0x0000000008004730       0x70 out_marble/src/mailbox.o
                0x0000000008004730                push_fpga_mac_ip
 .text.phy_print
                0x00000000080047a0       0x24 out_marble/src/phy_mdio.o
                0x00000000080047a0                phy_print
 .text.xrp_srecord
                0x00000000080047c4       0xd4 out_marble/src/hexrec.o
                0x00000000080047c4                xrp_srecord
 .text.xrp_program_static
                0x0000000008004898       0x34 out_marble/src/hexrec.o
                0x0000000008004898                xrp_program_static
 .text.xrp_file
                0x00000000080048cc       0xe0 out_marble/src/hexrec.o
                0x00000000080048cc                xrp_file
 .text._read    0x00000000080049ac       0x1a out_marble/src/syscalls.o
                0x00000000080049ac                _read
 .text._write   0x00000000080049c6       0x1a out_marble/src/syscalls.o
                0x00000000080049c6                _write
 .text._sbrk    0x00000000080049e0       0x34 out_marble/src/syscalls.o
                0x00000000080049e0                _sbrk
 .text._close   0x0000000008004a14        0x6 out_marble/src/syscalls.o
                0x0000000008004a14                _close
 .text._fstat   0x0000000008004a1a        0xa out_marble/src/syscalls.o
                0x0000000008004a1a                _fstat
 .text._isatty  0x0000000008004a24        0x4 out_marble/src/syscalls.o
                0x0000000008004a24                _isatty
 .text._lseek   0x0000000008004a28        0x4 out_marble/src/syscalls.o
                0x0000000008004a28                _lseek
 .text.fpga_done_handler
                0x0000000008004a2c       0x18 out_marble/src/main.o
 .text.timer_int_handler
                0x0000000008004a44       0x70 out_marble/src/main.o
 .text.xrp_boot
                0x0000000008004ab4       0x3c out_marble/src/main.o
 .text.print_mac_ip.constprop.0
                0x0000000008004af0       0x74 out_marble/src/main.o
 .text.startup.main
                0x0000000008004b64      0x38c out_marble/src/main.o
                0x0000000008004b64                main
 .text.__io_putchar
                0x0000000008004ef0       0x14 out_marble/src/main.o
                0x0000000008004ef0                __io_putchar
 .text.memcpy   0x0000000008004f04       0x1c /home/kpenney/bin/gcc-arm-none-eabi-10.3-2021.10/bin/../lib/gcc/arm-none-eabi/10.3.1/../../../../arm-none-eabi/lib/thumb/v7-m/nofp/libg_nano.a(lib_a-memcpy-stub.o)
                0x0000000008004f04                memcpy
 .text.printf   0x0000000008004f20       0x30 /home/kpenney/bin/gcc-arm-none-eabi-10.3-2021.10/bin/../lib/gcc/arm-none-eabi/10.3.1/../../../../arm-none-eabi/lib/thumb/v7-m/nofp/libg_nano.a(lib_a-printf.o)
                0x0000000008004f20                printf
                0x0000000008004f20                iprintf
 .text.putchar  0x0000000008004f50       0x28 /home/kpenney/bin/gcc-arm-none-eabi-10.3-2021.10/bin/../lib/gcc/arm-none-eabi/10.3.1/../../../../arm-none-eabi/lib/thumb/v7-m/nofp/libg_nano.a(lib_a-putchar.o)
                0x0000000008004f50                putchar
 .text._puts_r  0x0000000008004f78       0xdc /home/kpenney/bin/gcc-arm-none-eabi-10.3-2021.10/bin/../lib/gcc/arm-none-eabi/10.3.1/../../../../arm-none-eabi/lib/thumb/v7-m/nofp/libg_nano.a(lib_a-puts.o)
                0x0000000008004f78                _puts_r
 .text.puts     0x0000000008005054       0x10 /home/kpenney/bin/gcc-arm-none-eabi-10.3-2021.10/bin/../lib/gcc/arm-none-eabi/10.3.1/../../../../arm-none-eabi/lib/thumb/v7-m/nofp/libg_nano.a(lib_a-puts.o)
                0x0000000008005054                puts
 .text.snprintf
                0x0000000008005064       0x68 /home/kpenney/bin/gcc-arm-none-eabi-10.3-2021.10/bin/../lib/gcc/arm-none-eabi/10.3.1/../../../../arm-none-eabi/lib/thumb/v7-m/nofp/libg_nano.a(lib_a-snprintf.o)
                0x0000000008005064                snprintf
                0x0000000008005064                sniprintf
 .text.__swbuf_r
                0x00000000080050cc       0xa4 /home/kpenney/bin/gcc-arm-none-eabi-10.3-2021.10/bin/../lib/gcc/arm-none-eabi/10.3.1/../../../../arm-none-eabi/lib/thumb/v7-m/nofp/libg_nano.a(lib_a-wbuf.o)
                0x00000000080050cc                __swbuf_r
 .text.__swsetup_r
                0x0000000008005170       0xdc /home/kpenney/bin/gcc-arm-none-eabi-10.3-2021.10/bin/../lib/gcc/arm-none-eabi/10.3.1/../../../../arm-none-eabi/lib/thumb/v7-m/nofp/libg_nano.a(lib_a-wsetup.o)
                0x0000000008005170                __swsetup_r
 .text.__sflush_r
                0x000000000800524c      0x104 /home/kpenney/bin/gcc-arm-none-eabi-10.3-2021.10/bin/../lib/gcc/arm-none-eabi/10.3.1/../../../../arm-none-eabi/lib/thumb/v7-m/nofp/libg_nano.a(lib_a-fflush.o)
                0x000000000800524c                __sflush_r
 .text._fflush_r
                0x0000000008005350       0x78 /home/kpenney/bin/gcc-arm-none-eabi-10.3-2021.10/bin/../lib/gcc/arm-none-eabi/10.3.1/../../../../arm-none-eabi/lib/thumb/v7-m/nofp/libg_nano.a(lib_a-fflush.o)
                0x0000000008005350                _fflush_r
 .text.std      0x00000000080053c8       0x48 /home/kpenney/bin/gcc-arm-none-eabi-10.3-2021.10/bin/../lib/gcc/arm-none-eabi/10.3.1/../../../../arm-none-eabi/lib/thumb/v7-m/nofp/libg_nano.a(lib_a-findfp.o)
 .text._cleanup_r
                0x0000000008005410        0xc /home/kpenney/bin/gcc-arm-none-eabi-10.3-2021.10/bin/../lib/gcc/arm-none-eabi/10.3.1/../../../../arm-none-eabi/lib/thumb/v7-m/nofp/libg_nano.a(lib_a-findfp.o)
                0x0000000008005410                _cleanup_r
 .text.__sfmoreglue
                0x000000000800541c       0x2c /home/kpenney/bin/gcc-arm-none-eabi-10.3-2021.10/bin/../lib/gcc/arm-none-eabi/10.3.1/../../../../arm-none-eabi/lib/thumb/v7-m/nofp/libg_nano.a(lib_a-findfp.o)
                0x000000000800541c                __sfmoreglue
 .text.__sfp_lock_acquire
                0x0000000008005448        0xc /home/kpenney/bin/gcc-arm-none-eabi-10.3-2021.10/bin/../lib/gcc/arm-none-eabi/10.3.1/../../../../arm-none-eabi/lib/thumb/v7-m/nofp/libg_nano.a(lib_a-findfp.o)
                0x0000000008005448                __sfp_lock_acquire
 .text.__sfp_lock_release
                0x0000000008005454        0xc /home/kpenney/bin/gcc-arm-none-eabi-10.3-2021.10/bin/../lib/gcc/arm-none-eabi/10.3.1/../../../../arm-none-eabi/lib/thumb/v7-m/nofp/libg_nano.a(lib_a-findfp.o)
                0x0000000008005454                __sfp_lock_release
 .text.__sinit_lock_acquire
                0x0000000008005460        0xc /home/kpenney/bin/gcc-arm-none-eabi-10.3-2021.10/bin/../lib/gcc/arm-none-eabi/10.3.1/../../../../arm-none-eabi/lib/thumb/v7-m/nofp/libg_nano.a(lib_a-findfp.o)
                0x0000000008005460                __sinit_lock_acquire
 .text.__sinit_lock_release
                0x000000000800546c        0xc /home/kpenney/bin/gcc-arm-none-eabi-10.3-2021.10/bin/../lib/gcc/arm-none-eabi/10.3.1/../../../../arm-none-eabi/lib/thumb/v7-m/nofp/libg_nano.a(lib_a-findfp.o)
                0x000000000800546c                __sinit_lock_release
 .text.__sinit  0x0000000008005478       0x70 /home/kpenney/bin/gcc-arm-none-eabi-10.3-2021.10/bin/../lib/gcc/arm-none-eabi/10.3.1/../../../../arm-none-eabi/lib/thumb/v7-m/nofp/libg_nano.a(lib_a-findfp.o)
                0x0000000008005478                __sinit
 .text.__sfp    0x00000000080054e8       0x8c /home/kpenney/bin/gcc-arm-none-eabi-10.3-2021.10/bin/../lib/gcc/arm-none-eabi/10.3.1/../../../../arm-none-eabi/lib/thumb/v7-m/nofp/libg_nano.a(lib_a-findfp.o)
                0x00000000080054e8                __sfp
 .text._fwalk_reent
                0x0000000008005574       0x3e /home/kpenney/bin/gcc-arm-none-eabi-10.3-2021.10/bin/../lib/gcc/arm-none-eabi/10.3.1/../../../../arm-none-eabi/lib/thumb/v7-m/nofp/libg_nano.a(lib_a-fwalk.o)
                0x0000000008005574                _fwalk_reent
 .text.__retarget_lock_init_recursive
                0x00000000080055b2        0x2 /home/kpenney/bin/gcc-arm-none-eabi-10.3-2021.10/bin/../lib/gcc/arm-none-eabi/10.3.1/../../../../arm-none-eabi/lib/thumb/v7-m/nofp/libg_nano.a(lib_a-lock.o)
                0x00000000080055b2                __retarget_lock_init_recursive
 .text.__retarget_lock_acquire_recursive
                0x00000000080055b4        0x2 /home/kpenney/bin/gcc-arm-none-eabi-10.3-2021.10/bin/../lib/gcc/arm-none-eabi/10.3.1/../../../../arm-none-eabi/lib/thumb/v7-m/nofp/libg_nano.a(lib_a-lock.o)
                0x00000000080055b4                __retarget_lock_acquire_recursive
 .text.__retarget_lock_release_recursive
                0x00000000080055b6        0x2 /home/kpenney/bin/gcc-arm-none-eabi-10.3-2021.10/bin/../lib/gcc/arm-none-eabi/10.3.1/../../../../arm-none-eabi/lib/thumb/v7-m/nofp/libg_nano.a(lib_a-lock.o)
                0x00000000080055b6                __retarget_lock_release_recursive
 .text.__swhatbuf_r
                0x00000000080055b8       0x4a /home/kpenney/bin/gcc-arm-none-eabi-10.3-2021.10/bin/../lib/gcc/arm-none-eabi/10.3.1/../../../../arm-none-eabi/lib/thumb/v7-m/nofp/libg_nano.a(lib_a-makebuf.o)
                0x00000000080055b8                __swhatbuf_r
 *fill*         0x0000000008005602        0x2 
 .text.__smakebuf_r
                0x0000000008005604       0x80 /home/kpenney/bin/gcc-arm-none-eabi-10.3-2021.10/bin/../lib/gcc/arm-none-eabi/10.3.1/../../../../arm-none-eabi/lib/thumb/v7-m/nofp/libg_nano.a(lib_a-makebuf.o)
                0x0000000008005604                __smakebuf_r
 .text._free_r  0x0000000008005684       0x90 /home/kpenney/bin/gcc-arm-none-eabi-10.3-2021.10/bin/../lib/gcc/arm-none-eabi/10.3.1/../../../../arm-none-eabi/lib/thumb/v7-m/nofp/libg_nano.a(lib_a-nano-freer.o)
                0x0000000008005684                _free_r
 .text.sbrk_aligned
                0x0000000008005714       0x40 /home/kpenney/bin/gcc-arm-none-eabi-10.3-2021.10/bin/../lib/gcc/arm-none-eabi/10.3.1/../../../../arm-none-eabi/lib/thumb/v7-m/nofp/libg_nano.a(lib_a-nano-mallocr.o)
 .text._malloc_r
                0x0000000008005754       0xe8 /home/kpenney/bin/gcc-arm-none-eabi-10.3-2021.10/bin/../lib/gcc/arm-none-eabi/10.3.1/../../../../arm-none-eabi/lib/thumb/v7-m/nofp/libg_nano.a(lib_a-nano-mallocr.o)
                0x0000000008005754                _malloc_r
 .text.__ssputs_r
                0x000000000800583c       0xb6 /home/kpenney/bin/gcc-arm-none-eabi-10.3-2021.10/bin/../lib/gcc/arm-none-eabi/10.3.1/../../../../arm-none-eabi/lib/thumb/v7-m/nofp/libg_nano.a(lib_a-nano-svfprintf.o)
                0x000000000800583c                __ssputs_r
 *fill*         0x00000000080058f2        0x2 
 .text._svfprintf_r
                0x00000000080058f4      0x200 /home/kpenney/bin/gcc-arm-none-eabi-10.3-2021.10/bin/../lib/gcc/arm-none-eabi/10.3.1/../../../../arm-none-eabi/lib/thumb/v7-m/nofp/libg_nano.a(lib_a-nano-svfprintf.o)
                0x00000000080058f4                _svfprintf_r
                0x00000000080058f4                _svfiprintf_r
 .text.__sfputc_r
                0x0000000008005af4       0x2a /home/kpenney/bin/gcc-arm-none-eabi-10.3-2021.10/bin/../lib/gcc/arm-none-eabi/10.3.1/../../../../arm-none-eabi/lib/thumb/v7-m/nofp/libg_nano.a(lib_a-nano-vfprintf.o)
 .text.__sfputs_r
                0x0000000008005b1e       0x24 /home/kpenney/bin/gcc-arm-none-eabi-10.3-2021.10/bin/../lib/gcc/arm-none-eabi/10.3.1/../../../../arm-none-eabi/lib/thumb/v7-m/nofp/libg_nano.a(lib_a-nano-vfprintf.o)
                0x0000000008005b1e                __sfputs_r
 *fill*         0x0000000008005b42        0x2 
 .text._vfprintf_r
                0x0000000008005b44      0x260 /home/kpenney/bin/gcc-arm-none-eabi-10.3-2021.10/bin/../lib/gcc/arm-none-eabi/10.3.1/../../../../arm-none-eabi/lib/thumb/v7-m/nofp/libg_nano.a(lib_a-nano-vfprintf.o)
                0x0000000008005b44                _vfiprintf_r
                0x0000000008005b44                _vfprintf_r
 .text._printf_common
                0x0000000008005da4       0xde /home/kpenney/bin/gcc-arm-none-eabi-10.3-2021.10/bin/../lib/gcc/arm-none-eabi/10.3.1/../../../../arm-none-eabi/lib/thumb/v7-m/nofp/libg_nano.a(lib_a-nano-vfprintf_i.o)
                0x0000000008005da4                _printf_common
 *fill*         0x0000000008005e82        0x2 
 .text._printf_i
                0x0000000008005e84      0x24c /home/kpenney/bin/gcc-arm-none-eabi-10.3-2021.10/bin/../lib/gcc/arm-none-eabi/10.3.1/../../../../arm-none-eabi/lib/thumb/v7-m/nofp/libg_nano.a(lib_a-nano-vfprintf_i.o)
                0x0000000008005e84                _printf_i
 .text._putc_r  0x00000000080060d0       0x90 /home/kpenney/bin/gcc-arm-none-eabi-10.3-2021.10/bin/../lib/gcc/arm-none-eabi/10.3.1/../../../../arm-none-eabi/lib/thumb/v7-m/nofp/libg_nano.a(lib_a-putc.o)
                0x00000000080060d0                _putc_r
 .text._sbrk_r  0x0000000008006160       0x20 /home/kpenney/bin/gcc-arm-none-eabi-10.3-2021.10/bin/../lib/gcc/arm-none-eabi/10.3.1/../../../../arm-none-eabi/lib/thumb/v7-m/nofp/libg_nano.a(lib_a-sbrkr.o)
                0x0000000008006160                _sbrk_r
 .text.__sread  0x0000000008006180       0x22 /home/kpenney/bin/gcc-arm-none-eabi-10.3-2021.10/bin/../lib/gcc/arm-none-eabi/10.3.1/../../../../arm-none-eabi/lib/thumb/v7-m/nofp/libg_nano.a(lib_a-stdio.o)
                0x0000000008006180                __sread
 .text.__swrite
                0x00000000080061a2       0x38 /home/kpenney/bin/gcc-arm-none-eabi-10.3-2021.10/bin/../lib/gcc/arm-none-eabi/10.3.1/../../../../arm-none-eabi/lib/thumb/v7-m/nofp/libg_nano.a(lib_a-stdio.o)
                0x00000000080061a2                __swrite
 .text.__sseek  0x00000000080061da       0x24 /home/kpenney/bin/gcc-arm-none-eabi-10.3-2021.10/bin/../lib/gcc/arm-none-eabi/10.3.1/../../../../arm-none-eabi/lib/thumb/v7-m/nofp/libg_nano.a(lib_a-stdio.o)
                0x00000000080061da                __sseek
 .text.__sclose
                0x00000000080061fe        0x8 /home/kpenney/bin/gcc-arm-none-eabi-10.3-2021.10/bin/../lib/gcc/arm-none-eabi/10.3.1/../../../../arm-none-eabi/lib/thumb/v7-m/nofp/libg_nano.a(lib_a-stdio.o)
                0x00000000080061fe                __sclose
 *fill*         0x0000000008006206        0x2 
 .text._write_r
                0x0000000008006208       0x24 /home/kpenney/bin/gcc-arm-none-eabi-10.3-2021.10/bin/../lib/gcc/arm-none-eabi/10.3.1/../../../../arm-none-eabi/lib/thumb/v7-m/nofp/libg_nano.a(lib_a-writer.o)
                0x0000000008006208                _write_r
 .text._close_r
                0x000000000800622c       0x20 /home/kpenney/bin/gcc-arm-none-eabi-10.3-2021.10/bin/../lib/gcc/arm-none-eabi/10.3.1/../../../../arm-none-eabi/lib/thumb/v7-m/nofp/libg_nano.a(lib_a-closer.o)
                0x000000000800622c                _close_r
 .text._fstat_r
                0x000000000800624c       0x24 /home/kpenney/bin/gcc-arm-none-eabi-10.3-2021.10/bin/../lib/gcc/arm-none-eabi/10.3.1/../../../../arm-none-eabi/lib/thumb/v7-m/nofp/libg_nano.a(lib_a-fstatr.o)
                0x000000000800624c                _fstat_r
 .text._isatty_r
                0x0000000008006270       0x20 /home/kpenney/bin/gcc-arm-none-eabi-10.3-2021.10/bin/../lib/gcc/arm-none-eabi/10.3.1/../../../../arm-none-eabi/lib/thumb/v7-m/nofp/libg_nano.a(lib_a-isattyr.o)
                0x0000000008006270                _isatty_r
 .text._lseek_r
                0x0000000008006290       0x24 /home/kpenney/bin/gcc-arm-none-eabi-10.3-2021.10/bin/../lib/gcc/arm-none-eabi/10.3.1/../../../../arm-none-eabi/lib/thumb/v7-m/nofp/libg_nano.a(lib_a-lseekr.o)
                0x0000000008006290                _lseek_r
 .text.memchr   0x00000000080062b4       0x1c /home/kpenney/bin/gcc-arm-none-eabi-10.3-2021.10/bin/../lib/gcc/arm-none-eabi/10.3.1/../../../../arm-none-eabi/lib/thumb/v7-m/nofp/libg_nano.a(lib_a-memchr-stub.o)
                0x00000000080062b4                memchr
 .text.memmove  0x00000000080062d0       0x34 /home/kpenney/bin/gcc-arm-none-eabi-10.3-2021.10/bin/../lib/gcc/arm-none-eabi/10.3.1/../../../../arm-none-eabi/lib/thumb/v7-m/nofp/libg_nano.a(lib_a-memmove.o)
                0x00000000080062d0                memmove
 .text.__malloc_lock
                0x0000000008006304        0xc /home/kpenney/bin/gcc-arm-none-eabi-10.3-2021.10/bin/../lib/gcc/arm-none-eabi/10.3.1/../../../../arm-none-eabi/lib/thumb/v7-m/nofp/libg_nano.a(lib_a-mlock.o)
                0x0000000008006304                __malloc_lock
 .text.__malloc_unlock
                0x0000000008006310        0xc /home/kpenney/bin/gcc-arm-none-eabi-10.3-2021.10/bin/../lib/gcc/arm-none-eabi/10.3.1/../../../../arm-none-eabi/lib/thumb/v7-m/nofp/libg_nano.a(lib_a-mlock.o)
                0x0000000008006310                __malloc_unlock
 .text._realloc_r
                0x000000000800631c       0x5e /home/kpenney/bin/gcc-arm-none-eabi-10.3-2021.10/bin/../lib/gcc/arm-none-eabi/10.3.1/../../../../arm-none-eabi/lib/thumb/v7-m/nofp/libg_nano.a(lib_a-nano-reallocr.o)
                0x000000000800631c                _realloc_r
 *fill*         0x000000000800637a        0x2 
 .text._read_r  0x000000000800637c       0x24 /home/kpenney/bin/gcc-arm-none-eabi-10.3-2021.10/bin/../lib/gcc/arm-none-eabi/10.3.1/../../../../arm-none-eabi/lib/thumb/v7-m/nofp/libg_nano.a(lib_a-readr.o)
                0x000000000800637c                _read_r
 .text._malloc_usable_size_r
                0x00000000080063a0       0x10 /home/kpenney/bin/gcc-arm-none-eabi-10.3-2021.10/bin/../lib/gcc/arm-none-eabi/10.3.1/../../../../arm-none-eabi/lib/thumb/v7-m/nofp/libg_nano.a(lib_a-nano-msizer.o)
                0x00000000080063a0                _malloc_usable_size_r
 *(.glue_7)
 .glue_7        0x00000000080063b0        0x0 linker stubs
 *(.glue_7t)
 .glue_7t       0x00000000080063b0        0x0 linker stubs
 *(.eh_frame)
 .eh_frame      0x00000000080063b0        0x0 /home/kpenney/bin/gcc-arm-none-eabi-10.3-2021.10/bin/../lib/gcc/arm-none-eabi/10.3.1/thumb/v7-m/nofp/crtbegin.o
 *(.init)
 .init          0x00000000080063b0        0x4 /home/kpenney/bin/gcc-arm-none-eabi-10.3-2021.10/bin/../lib/gcc/arm-none-eabi/10.3.1/thumb/v7-m/nofp/crti.o
                0x00000000080063b0                _init
 .init          0x00000000080063b4        0x8 /home/kpenney/bin/gcc-arm-none-eabi-10.3-2021.10/bin/../lib/gcc/arm-none-eabi/10.3.1/thumb/v7-m/nofp/crtn.o
 *(.fini)
 .fini          0x00000000080063bc        0x4 /home/kpenney/bin/gcc-arm-none-eabi-10.3-2021.10/bin/../lib/gcc/arm-none-eabi/10.3.1/thumb/v7-m/nofp/crti.o
                0x00000000080063bc                _fini
 .fini          0x00000000080063c0        0x8 /home/kpenney/bin/gcc-arm-none-eabi-10.3-2021.10/bin/../lib/gcc/arm-none-eabi/10.3.1/thumb/v7-m/nofp/crtn.o
                0x00000000080063c8                . = ALIGN (0x4)
                0x00000000080063c8                _etext = .

.vfp11_veneer   0x00000000080063c8        0x0
 .vfp11_veneer  0x00000000080063c8        0x0 linker stubs

.v4_bx          0x00000000080063c8        0x0
 .v4_bx         0x00000000080063c8        0x0 linker stubs

.iplt           0x00000000080063c8        0x0
 .iplt          0x00000000080063c8        0x0 /home/kpenney/bin/gcc-arm-none-eabi-10.3-2021.10/bin/../lib/gcc/arm-none-eabi/10.3.1/thumb/v7-m/nofp/crtbegin.o

.rodata         0x00000000080063c8     0x1328
                0x00000000080063c8                . = ALIGN (0x4)
 *(.rodata)
 .rodata        0x00000000080063c8      0x251 out_marble/src/i2c_pm.o
 *fill*         0x0000000008006619        0x3 
 .rodata        0x000000000800661c      0x344 out_marble/src/hexrec.o
 *(.rodata*)
 .rodata._global_impure_ptr
                0x0000000008006960        0x4 /home/kpenney/bin/gcc-arm-none-eabi-10.3-2021.10/bin/../lib/gcc/arm-none-eabi/10.3.1/../../../../arm-none-eabi/lib/thumb/v7-m/nofp/libc_nano.a(lib_a-impure.o)
                0x0000000008006960                _global_impure_ptr
 .rodata.AHBPrescTable
                0x0000000008006964       0x10 out_marble/board_support/marble_v2/system_stm32f2xx.o
                0x0000000008006964                AHBPrescTable
 .rodata.APBPrescTable
                0x0000000008006974        0x8 out_marble/board_support/marble_v2/system_stm32f2xx.o
                0x0000000008006974                APBPrescTable
 .rodata.marble_MDIO_read.str1.1
                0x000000000800697c       0x15 out_marble/board_support/marble_v2/marble_board.o
 .rodata.marble_init.str1.1
                0x0000000008006991       0x18 out_marble/board_support/marble_v2/marble_board.o
 .rodata.ledpins
                0x00000000080069a9        0x3 out_marble/board_support/marble_v2/marble_board.o
 .rodata.mgtmux_pins
                0x00000000080069ac        0x6 out_marble/board_support/marble_v2/marble_board.o
 .rodata.str1.1
                0x00000000080069b2       0xd8 out_marble/src/i2c_pm.o
                                         0xdf (size before relaxing)
 .rodata.xrp_reg_write.str1.1
                0x0000000008006a8a       0x2c out_marble/src/i2c_pm.o
 .rodata.xrp_reg_write_check.str1.1
                0x0000000008006ab6       0x42 out_marble/src/i2c_pm.o
 .rodata.I2C_PM_scan.str1.1
                0x0000000008006af8       0x1d out_marble/src/i2c_pm.o
                                         0x1f (size before relaxing)
 .rodata.print_max6639.str1.1
                0x0000000008006b15       0x22 out_marble/src/i2c_pm.o
                                         0x25 (size before relaxing)
 .rodata.LM75_print.str1.1
                0x0000000008006b37       0x2e out_marble/src/i2c_pm.o
 .rodata.xrp_set2.str1.1
                0x0000000008006b65       0x61 out_marble/src/i2c_pm.o
 .rodata.xrp_read2.str1.1
                0x0000000008006bc6       0x24 out_marble/src/i2c_pm.o
 .rodata.xrp_process_flash.str1.1
                0x0000000008006bea       0x98 out_marble/src/i2c_pm.o
 .rodata.xrp_dump.str1.1
                0x0000000008006c82       0x5c out_marble/src/i2c_pm.o
 .rodata.xrp_push_low.str1.1
                0x0000000008006cde       0x9e out_marble/src/i2c_pm.o
                                         0xa2 (size before relaxing)
 .rodata.xrp_flash.str1.1
                0x0000000008006d7c       0xc4 out_marble/src/i2c_pm.o
 .rodata.xrp_go.str1.1
                0x0000000008006e40       0x5f out_marble/src/i2c_pm.o
 .rodata.xrp_hex_in.str1.1
                0x0000000008006e9f       0x7b out_marble/src/i2c_pm.o
 .rodata.i2c_list
                0x0000000008006f1a        0x4 out_marble/src/i2c_pm.o
 .rodata.i2c_nok
                0x0000000008006f1e       0x1c out_marble/src/i2c_pm.o
                0x0000000008006f1e                i2c_nok
 .rodata.i2c_ok
                0x0000000008006f3a       0x18 out_marble/src/i2c_pm.o
                0x0000000008006f3a                i2c_ok
 .rodata.i2c_ret
                0x0000000008006f52        0x7 out_marble/src/i2c_pm.o
                0x0000000008006f52                i2c_ret
 .rodata.rlist.0
                0x0000000008006f59        0x4 out_marble/src/i2c_pm.o
 .rodata.I2C_FPGA_scan.str1.1
                0x0000000008006f5d       0x30 out_marble/src/i2c_fpga.o
                                         0x39 (size before relaxing)
 .rodata.ina219_debug.str1.1
                0x0000000008006f8d       0x44 out_marble/src/i2c_fpga.o
 .rodata.adn4600_init.str1.1
                0x0000000008006fd1       0xa1 out_marble/src/i2c_fpga.o
 .rodata.adn4600_printStatus.str1.1
                0x0000000008007072       0x3e out_marble/src/i2c_fpga.o
 .rodata.pca9555_status.str1.1
                0x00000000080070b0       0x38 out_marble/src/i2c_fpga.o
 .rodata.pca9555_config.str1.1
                0x00000000080070e8       0x61 out_marble/src/i2c_fpga.o
 .rodata.mbox_update.str1.1
                0x0000000008007149       0x4a out_marble/src/mailbox.o
                                         0x53 (size before relaxing)
 .rodata.mbox_peek.str1.1
                0x0000000008007193       0x20 out_marble/src/mailbox.o
 .rodata.phy_print.str1.1
                0x00000000080071b3       0x18 out_marble/src/phy_mdio.o
 .rodata.xrp_srecord.str1.1
                0x00000000080071cb       0x65 out_marble/src/hexrec.o
                                         0x69 (size before relaxing)
 .rodata.xrp_file.str1.1
                0x0000000008007230       0x31 out_marble/src/hexrec.o
 .rodata.xrp_boot.str1.1
                0x0000000008007261       0x26 out_marble/src/main.o
 .rodata.print_mac_ip.constprop.0.str1.1
                0x0000000008007287       0x1b out_marble/src/main.o
                                         0x1d (size before relaxing)
 .rodata.main.str1.1
                0x00000000080072a2      0x1bd out_marble/src/main.o
                                        0x1c6 (size before relaxing)
 .rodata.str1.1
                0x000000000800745f      0x1d4 out_marble/src/main.o
                                        0x1d7 (size before relaxing)
 .rodata.demo_str
                0x0000000008007633       0x16 out_marble/src/main.o
                0x0000000008007633                demo_str
 .rodata.unk_str
                0x0000000008007649       0x13 out_marble/src/main.o
                0x0000000008007649                unk_str
 .rodata.__sf_fake_stderr
                0x000000000800765c       0x20 /home/kpenney/bin/gcc-arm-none-eabi-10.3-2021.10/bin/../lib/gcc/arm-none-eabi/10.3.1/../../../../arm-none-eabi/lib/thumb/v7-m/nofp/libg_nano.a(lib_a-findfp.o)
                0x000000000800765c                __sf_fake_stderr
 .rodata.__sf_fake_stdin
                0x000000000800767c       0x20 /home/kpenney/bin/gcc-arm-none-eabi-10.3-2021.10/bin/../lib/gcc/arm-none-eabi/10.3.1/../../../../arm-none-eabi/lib/thumb/v7-m/nofp/libg_nano.a(lib_a-findfp.o)
                0x000000000800767c                __sf_fake_stdin
 .rodata.__sf_fake_stdout
                0x000000000800769c       0x20 /home/kpenney/bin/gcc-arm-none-eabi-10.3-2021.10/bin/../lib/gcc/arm-none-eabi/10.3.1/../../../../arm-none-eabi/lib/thumb/v7-m/nofp/libg_nano.a(lib_a-findfp.o)
                0x000000000800769c                __sf_fake_stdout
 .rodata._svfprintf_r.str1.1
                0x00000000080076bc       0x11 /home/kpenney/bin/gcc-arm-none-eabi-10.3-2021.10/bin/../lib/gcc/arm-none-eabi/10.3.1/../../../../arm-none-eabi/lib/thumb/v7-m/nofp/libg_nano.a(lib_a-nano-svfprintf.o)
 .rodata._vfprintf_r.str1.1
                0x00000000080076cd       0x11 /home/kpenney/bin/gcc-arm-none-eabi-10.3-2021.10/bin/../lib/gcc/arm-none-eabi/10.3.1/../../../../arm-none-eabi/lib/thumb/v7-m/nofp/libg_nano.a(lib_a-nano-vfprintf.o)
 .rodata._printf_i.str1.1
                0x00000000080076cd       0x22 /home/kpenney/bin/gcc-arm-none-eabi-10.3-2021.10/bin/../lib/gcc/arm-none-eabi/10.3.1/../../../../arm-none-eabi/lib/thumb/v7-m/nofp/libg_nano.a(lib_a-nano-vfprintf_i.o)
                0x00000000080076f0                . = ALIGN (0x4)
 *fill*         0x00000000080076ef        0x1 

.ARM.extab
 *(.ARM.extab* .gnu.linkonce.armextab.*)

.ARM            0x00000000080076f0        0x8
                0x00000000080076f0                __exidx_start = .
 *(.ARM.exidx*)
 .ARM.exidx     0x00000000080076f0        0x8 /home/kpenney/bin/gcc-arm-none-eabi-10.3-2021.10/bin/../lib/gcc/arm-none-eabi/10.3.1/thumb/v7-m/nofp/libgcc.a(_udivmoddi4.o)
                0x00000000080076f8                __exidx_end = .

.rel.dyn        0x00000000080076f8        0x0
 .rel.iplt      0x00000000080076f8        0x0 /home/kpenney/bin/gcc-arm-none-eabi-10.3-2021.10/bin/../lib/gcc/arm-none-eabi/10.3.1/thumb/v7-m/nofp/crtbegin.o

.preinit_array  0x00000000080076f8        0x0
                0x00000000080076f8                PROVIDE (__preinit_array_start = .)
 *(.preinit_array*)
                0x00000000080076f8                PROVIDE (__preinit_array_end = .)

.init_array     0x00000000080076f8        0x4
                0x00000000080076f8                PROVIDE (__init_array_start = .)
 *(SORT_BY_NAME(.init_array.*))
 *(.init_array*)
 .init_array    0x00000000080076f8        0x4 /home/kpenney/bin/gcc-arm-none-eabi-10.3-2021.10/bin/../lib/gcc/arm-none-eabi/10.3.1/thumb/v7-m/nofp/crtbegin.o
                0x00000000080076fc                PROVIDE (__init_array_end = .)

.fini_array     0x00000000080076fc        0x4
                [!provide]                        PROVIDE (__fini_array_start = .)
 *(SORT_BY_NAME(.fini_array.*))
 *(.fini_array*)
 .fini_array    0x00000000080076fc        0x4 /home/kpenney/bin/gcc-arm-none-eabi-10.3-2021.10/bin/../lib/gcc/arm-none-eabi/10.3.1/thumb/v7-m/nofp/crtbegin.o
                [!provide]                        PROVIDE (__fini_array_end = .)
                0x0000000008007700                _sidata = LOADADDR (.data)

.data           0x0000000020000000       0xe4 load address 0x0000000008007700
                0x0000000020000000                . = ALIGN (0x4)
                0x0000000020000000                _sdata = .
 *(.data)
 *(.data*)
 .data._impure_ptr
                0x0000000020000000        0x4 /home/kpenney/bin/gcc-arm-none-eabi-10.3-2021.10/bin/../lib/gcc/arm-none-eabi/10.3.1/../../../../arm-none-eabi/lib/thumb/v7-m/nofp/libc_nano.a(lib_a-impure.o)
                0x0000000020000000                _impure_ptr
 .data.impure_data
                0x0000000020000004       0x60 /home/kpenney/bin/gcc-arm-none-eabi-10.3-2021.10/bin/../lib/gcc/arm-none-eabi/10.3.1/../../../../arm-none-eabi/lib/thumb/v7-m/nofp/libc_nano.a(lib_a-impure.o)
 .data.SystemCoreClock
                0x0000000020000064        0x4 out_marble/board_support/marble_v2/system_stm32f2xx.o
                0x0000000020000064                SystemCoreClock
 .data.marble_FPGA_DONE_handler
                0x0000000020000068        0x4 out_marble/board_support/marble_v2/marble_board.o
                0x0000000020000068                marble_FPGA_DONE_handler
 .data.marble_SysTick_Handler
                0x000000002000006c        0x4 out_marble/board_support/marble_v2/marble_board.o
                0x000000002000006c                marble_SysTick_Handler
 .data.mac_ip_data
                0x0000000020000070        0xa out_marble/src/main.o
                0x0000000020000070                mac_ip_data
 *fill*         0x000000002000007a        0x2 
 .data.menu_str
                0x000000002000007c       0x64 out_marble/src/main.o
                0x000000002000007c                menu_str
 .data.systimer_ms
                0x00000000200000e0        0x4 out_marble/src/main.o
                0x00000000200000e4                . = ALIGN (0x4)
                0x00000000200000e4                _edata = .

.igot.plt       0x00000000200000e4        0x0 load address 0x00000000080077e4
 .igot.plt      0x00000000200000e4        0x0 /home/kpenney/bin/gcc-arm-none-eabi-10.3-2021.10/bin/../lib/gcc/arm-none-eabi/10.3.1/thumb/v7-m/nofp/crtbegin.o
                0x00000000200000e4                . = ALIGN (0x4)

.bss            0x00000000200000e4      0x2c0 load address 0x00000000080077e4
                0x00000000200000e4                _sbss = .
                0x00000000200000e4                __bss_start__ = _sbss
 *(.bss)
 .bss           0x00000000200000e4       0x1c /home/kpenney/bin/gcc-arm-none-eabi-10.3-2021.10/bin/../lib/gcc/arm-none-eabi/10.3.1/thumb/v7-m/nofp/crtbegin.o
 *(.bss*)
 .bss.I2C_FPGA  0x0000000020000100        0x4 out_marble/board_support/marble_v2/marble_board.o
                0x0000000020000100                I2C_FPGA
 .bss.I2C_PM    0x0000000020000104        0x4 out_marble/board_support/marble_v2/marble_board.o
                0x0000000020000104                I2C_PM
 .bss.SSP_FPGA  0x0000000020000108        0x4 out_marble/board_support/marble_v2/marble_board.o
                0x0000000020000108                SSP_FPGA
 .bss.SSP_PMOD  0x000000002000010c        0x4 out_marble/board_support/marble_v2/marble_board.o
                0x000000002000010c                SSP_PMOD
 .bss.heth      0x0000000020000110       0x48 out_marble/board_support/marble_v2/marble_board.o
                0x0000000020000110                heth
 .bss.hi2c1     0x0000000020000158       0x54 out_marble/board_support/marble_v2/marble_board.o
                0x0000000020000158                hi2c1
 .bss.hi2c3     0x00000000200001ac       0x54 out_marble/board_support/marble_v2/marble_board.o
                0x00000000200001ac                hi2c3
 .bss.hspi1     0x0000000020000200       0x58 out_marble/board_support/marble_v2/marble_board.o
                0x0000000020000200                hspi1
 .bss.hspi2     0x0000000020000258       0x58 out_marble/board_support/marble_v2/marble_board.o
                0x0000000020000258                hspi2
 .bss.huart1    0x00000000200002b0       0x40 out_marble/board_support/marble_v2/marble_board.o
                0x00000000200002b0                huart1
 .bss.huart2    0x00000000200002f0       0x40 out_marble/board_support/marble_v2/marble_board.o
                0x00000000200002f0                huart2
 .bss.huart3    0x0000000020000330       0x40 out_marble/board_support/marble_v2/marble_board.o
                0x0000000020000330                huart3
 .bss.uwTick    0x0000000020000370        0x4 out_marble/board_support/marble_v2/STM32F2xx_HAL_Driver/Src/stm32f2xx_hal.o
                0x0000000020000370                uwTick
 .bss.count.1   0x0000000020000374        0x2 out_marble/src/mailbox.o
 *fill*         0x0000000020000376        0x2 
 .bss.heap_end.0
                0x0000000020000378        0x4 out_marble/src/syscalls.o
 .bss.fpga_net_prog_pend
                0x000000002000037c        0x4 out_marble/src/main.o
                0x000000002000037c                fpga_net_prog_pend
 .bss.fpga_prog_cnt
                0x0000000020000380        0x4 out_marble/src/main.o
                0x0000000020000380                fpga_prog_cnt
 .bss.led_cnt.0
                0x0000000020000384        0x2 out_marble/src/main.o
 *fill*         0x0000000020000386        0x2 
 .bss.live_cnt  0x0000000020000388        0x4 out_marble/src/main.o
                0x0000000020000388                live_cnt
 .bss.spi_ms_cnt.1
                0x000000002000038c        0x4 out_marble/src/main.o
 .bss.spi_update
                0x0000000020000390        0x1 out_marble/src/main.o
 *fill*         0x0000000020000391        0x3 
 .bss.errno     0x0000000020000394        0x4 /home/kpenney/bin/gcc-arm-none-eabi-10.3-2021.10/bin/../lib/gcc/arm-none-eabi/10.3.1/../../../../arm-none-eabi/lib/thumb/v7-m/nofp/libg_nano.a(lib_a-reent.o)
                0x0000000020000394                errno
 .bss.__lock___malloc_recursive_mutex
                0x0000000020000398        0x1 /home/kpenney/bin/gcc-arm-none-eabi-10.3-2021.10/bin/../lib/gcc/arm-none-eabi/10.3.1/../../../../arm-none-eabi/lib/thumb/v7-m/nofp/libg_nano.a(lib_a-lock.o)
                0x0000000020000398                __lock___malloc_recursive_mutex
 .bss.__lock___sfp_recursive_mutex
                0x0000000020000399        0x1 /home/kpenney/bin/gcc-arm-none-eabi-10.3-2021.10/bin/../lib/gcc/arm-none-eabi/10.3.1/../../../../arm-none-eabi/lib/thumb/v7-m/nofp/libg_nano.a(lib_a-lock.o)
                0x0000000020000399                __lock___sfp_recursive_mutex
 .bss.__lock___sinit_recursive_mutex
                0x000000002000039a        0x1 /home/kpenney/bin/gcc-arm-none-eabi-10.3-2021.10/bin/../lib/gcc/arm-none-eabi/10.3.1/../../../../arm-none-eabi/lib/thumb/v7-m/nofp/libg_nano.a(lib_a-lock.o)
                0x000000002000039a                __lock___sinit_recursive_mutex
 *fill*         0x000000002000039b        0x1 
 .bss.__malloc_free_list
                0x000000002000039c        0x4 /home/kpenney/bin/gcc-arm-none-eabi-10.3-2021.10/bin/../lib/gcc/arm-none-eabi/10.3.1/../../../../arm-none-eabi/lib/thumb/v7-m/nofp/libg_nano.a(lib_a-nano-mallocr.o)
                0x000000002000039c                __malloc_free_list
 .bss.__malloc_sbrk_start
                0x00000000200003a0        0x4 /home/kpenney/bin/gcc-arm-none-eabi-10.3-2021.10/bin/../lib/gcc/arm-none-eabi/10.3.1/../../../../arm-none-eabi/lib/thumb/v7-m/nofp/libg_nano.a(lib_a-nano-mallocr.o)
                0x00000000200003a0                __malloc_sbrk_start
 *(COMMON)
                0x00000000200003a4                . = ALIGN (0x4)
                0x00000000200003a4                _ebss = .
                0x00000000200003a4                __bss_end__ = _ebss

._user_heap_stack
                0x00000000200003a4      0x604 load address 0x00000000080077e4
                0x00000000200003a8                . = ALIGN (0x8)
 *fill*         0x00000000200003a4        0x4 
                0x00000000200003a8                PROVIDE (end = .)
                [!provide]                        PROVIDE (_end = .)
                0x00000000200005a8                . = (. + _Min_Heap_Size)
 *fill*         0x00000000200003a8      0x200 
                0x00000000200009a8                . = (. + _Min_Stack_Size)
 *fill*         0x00000000200005a8      0x400 
                0x00000000200009a8                . = ALIGN (0x8)

/DISCARD/
 libc.a(*)
 libm.a(*)
 libgcc.a(*)

.ARM.attributes
                0x0000000000000000       0x29
 *(.ARM.attributes)
 .ARM.attributes
                0x0000000000000000       0x1d /home/kpenney/bin/gcc-arm-none-eabi-10.3-2021.10/bin/../lib/gcc/arm-none-eabi/10.3.1/thumb/v7-m/nofp/crti.o
 .ARM.attributes
                0x000000000000001d       0x2d /home/kpenney/bin/gcc-arm-none-eabi-10.3-2021.10/bin/../lib/gcc/arm-none-eabi/10.3.1/thumb/v7-m/nofp/crtbegin.o
 .ARM.attributes
                0x000000000000004a       0x2d /home/kpenney/bin/gcc-arm-none-eabi-10.3-2021.10/bin/../lib/gcc/arm-none-eabi/10.3.1/../../../../arm-none-eabi/lib/thumb/v7-m/nofp/libc_nano.a(lib_a-impure.o)
 .ARM.attributes
                0x0000000000000077       0x2d /home/kpenney/bin/gcc-arm-none-eabi-10.3-2021.10/bin/../lib/gcc/arm-none-eabi/10.3.1/../../../../arm-none-eabi/lib/thumb/v7-m/nofp/libc_nano.a(lib_a-init.o)
 .ARM.attributes
                0x00000000000000a4       0x2d /home/kpenney/bin/gcc-arm-none-eabi-10.3-2021.10/bin/../lib/gcc/arm-none-eabi/10.3.1/../../../../arm-none-eabi/lib/thumb/v7-m/nofp/libc_nano.a(lib_a-memset.o)
 .ARM.attributes
                0x00000000000000d1       0x21 out_marble/board_support/marble_v2/startup_stm32f207xx.o
 .ARM.attributes
                0x00000000000000f2       0x2d out_marble/board_support/marble_v2/stm32f2xx_hal_msp.o
 .ARM.attributes
                0x000000000000011f       0x2d out_marble/board_support/marble_v2/stm32f2xx_it.o
 .ARM.attributes
                0x000000000000014c       0x2d out_marble/board_support/marble_v2/system_stm32f2xx.o
 .ARM.attributes
                0x0000000000000179       0x2d out_marble/board_support/marble_v2/marble_board.o
 .ARM.attributes
                0x00000000000001a6       0x2d out_marble/board_support/marble_v2/STM32F2xx_HAL_Driver/Src/stm32f2xx_hal.o
 .ARM.attributes
                0x00000000000001d3       0x2d out_marble/board_support/marble_v2/STM32F2xx_HAL_Driver/Src/stm32f2xx_hal_cortex.o
 .ARM.attributes
                0x0000000000000200       0x2d out_marble/board_support/marble_v2/STM32F2xx_HAL_Driver/Src/stm32f2xx_hal_uart.o
 .ARM.attributes
                0x000000000000022d       0x2d out_marble/board_support/marble_v2/STM32F2xx_HAL_Driver/Src/stm32f2xx_hal_gpio.o
 .ARM.attributes
                0x000000000000025a       0x2d out_marble/board_support/marble_v2/STM32F2xx_HAL_Driver/Src/stm32f2xx_hal_rcc.o
 .ARM.attributes
                0x0000000000000287       0x2d out_marble/board_support/marble_v2/STM32F2xx_HAL_Driver/Src/stm32f2xx_hal_i2c.o
 .ARM.attributes
                0x00000000000002b4       0x2d out_marble/board_support/marble_v2/STM32F2xx_HAL_Driver/Src/stm32f2xx_hal_eth.o
 .ARM.attributes
                0x00000000000002e1       0x2d out_marble/board_support/marble_v2/STM32F2xx_HAL_Driver/Src/stm32f2xx_hal_spi.o
 .ARM.attributes
                0x000000000000030e       0x2d out_marble/board_support/marble_v2/STM32F2xx_HAL_Driver/Src/stm32f2xx_hal_dma.o
 .ARM.attributes
                0x000000000000033b       0x2d out_marble/src/i2c_pm.o
 .ARM.attributes
                0x0000000000000368       0x2d out_marble/src/i2c_fpga.o
 .ARM.attributes
                0x0000000000000395       0x2d out_marble/src/mailbox.o
 .ARM.attributes
                0x00000000000003c2       0x2d out_marble/src/phy_mdio.o
 .ARM.attributes
                0x00000000000003ef       0x2d out_marble/src/hexrec.o
 .ARM.attributes
                0x000000000000041c       0x2d out_marble/src/syscalls.o
 .ARM.attributes
                0x0000000000000449       0x2d out_marble/src/main.o
 .ARM.attributes
                0x0000000000000476       0x1d /home/kpenney/bin/gcc-arm-none-eabi-10.3-2021.10/bin/../lib/gcc/arm-none-eabi/10.3.1/thumb/v7-m/nofp/libgcc.a(_aeabi_uldivmod.o)
 .ARM.attributes
                0x0000000000000493       0x2d /home/kpenney/bin/gcc-arm-none-eabi-10.3-2021.10/bin/../lib/gcc/arm-none-eabi/10.3.1/thumb/v7-m/nofp/libgcc.a(_udivmoddi4.o)
 .ARM.attributes
                0x00000000000004c0       0x1d /home/kpenney/bin/gcc-arm-none-eabi-10.3-2021.10/bin/../lib/gcc/arm-none-eabi/10.3.1/thumb/v7-m/nofp/libgcc.a(_dvmd_tls.o)
 .ARM.attributes
                0x00000000000004dd       0x2d /home/kpenney/bin/gcc-arm-none-eabi-10.3-2021.10/bin/../lib/gcc/arm-none-eabi/10.3.1/../../../../arm-none-eabi/lib/thumb/v7-m/nofp/libg_nano.a(lib_a-memcpy-stub.o)
 .ARM.attributes
                0x000000000000050a       0x2d /home/kpenney/bin/gcc-arm-none-eabi-10.3-2021.10/bin/../lib/gcc/arm-none-eabi/10.3.1/../../../../arm-none-eabi/lib/thumb/v7-m/nofp/libg_nano.a(lib_a-printf.o)
 .ARM.attributes
                0x0000000000000537       0x2d /home/kpenney/bin/gcc-arm-none-eabi-10.3-2021.10/bin/../lib/gcc/arm-none-eabi/10.3.1/../../../../arm-none-eabi/lib/thumb/v7-m/nofp/libg_nano.a(lib_a-putchar.o)
 .ARM.attributes
                0x0000000000000564       0x2d /home/kpenney/bin/gcc-arm-none-eabi-10.3-2021.10/bin/../lib/gcc/arm-none-eabi/10.3.1/../../../../arm-none-eabi/lib/thumb/v7-m/nofp/libg_nano.a(lib_a-puts.o)
 .ARM.attributes
                0x0000000000000591       0x2d /home/kpenney/bin/gcc-arm-none-eabi-10.3-2021.10/bin/../lib/gcc/arm-none-eabi/10.3.1/../../../../arm-none-eabi/lib/thumb/v7-m/nofp/libg_nano.a(lib_a-reent.o)
 .ARM.attributes
                0x00000000000005be       0x2d /home/kpenney/bin/gcc-arm-none-eabi-10.3-2021.10/bin/../lib/gcc/arm-none-eabi/10.3.1/../../../../arm-none-eabi/lib/thumb/v7-m/nofp/libg_nano.a(lib_a-snprintf.o)
 .ARM.attributes
                0x00000000000005eb       0x17 /home/kpenney/bin/gcc-arm-none-eabi-10.3-2021.10/bin/../lib/gcc/arm-none-eabi/10.3.1/../../../../arm-none-eabi/lib/thumb/v7-m/nofp/libg_nano.a(lib_a-strlen.o)
 .ARM.attributes
                0x0000000000000602       0x2d /home/kpenney/bin/gcc-arm-none-eabi-10.3-2021.10/bin/../lib/gcc/arm-none-eabi/10.3.1/../../../../arm-none-eabi/lib/thumb/v7-m/nofp/libg_nano.a(lib_a-wbuf.o)
 .ARM.attributes
                0x000000000000062f       0x2d /home/kpenney/bin/gcc-arm-none-eabi-10.3-2021.10/bin/../lib/gcc/arm-none-eabi/10.3.1/../../../../arm-none-eabi/lib/thumb/v7-m/nofp/libg_nano.a(lib_a-wsetup.o)
 .ARM.attributes
                0x000000000000065c       0x2d /home/kpenney/bin/gcc-arm-none-eabi-10.3-2021.10/bin/../lib/gcc/arm-none-eabi/10.3.1/../../../../arm-none-eabi/lib/thumb/v7-m/nofp/libg_nano.a(lib_a-fflush.o)
 .ARM.attributes
                0x0000000000000689       0x2d /home/kpenney/bin/gcc-arm-none-eabi-10.3-2021.10/bin/../lib/gcc/arm-none-eabi/10.3.1/../../../../arm-none-eabi/lib/thumb/v7-m/nofp/libg_nano.a(lib_a-findfp.o)
 .ARM.attributes
                0x00000000000006b6       0x2d /home/kpenney/bin/gcc-arm-none-eabi-10.3-2021.10/bin/../lib/gcc/arm-none-eabi/10.3.1/../../../../arm-none-eabi/lib/thumb/v7-m/nofp/libg_nano.a(lib_a-fwalk.o)
 .ARM.attributes
                0x00000000000006e3       0x2d /home/kpenney/bin/gcc-arm-none-eabi-10.3-2021.10/bin/../lib/gcc/arm-none-eabi/10.3.1/../../../../arm-none-eabi/lib/thumb/v7-m/nofp/libg_nano.a(lib_a-lock.o)
 .ARM.attributes
                0x0000000000000710       0x2d /home/kpenney/bin/gcc-arm-none-eabi-10.3-2021.10/bin/../lib/gcc/arm-none-eabi/10.3.1/../../../../arm-none-eabi/lib/thumb/v7-m/nofp/libg_nano.a(lib_a-makebuf.o)
 .ARM.attributes
                0x000000000000073d       0x2d /home/kpenney/bin/gcc-arm-none-eabi-10.3-2021.10/bin/../lib/gcc/arm-none-eabi/10.3.1/../../../../arm-none-eabi/lib/thumb/v7-m/nofp/libg_nano.a(lib_a-nano-freer.o)
 .ARM.attributes
                0x000000000000076a       0x2d /home/kpenney/bin/gcc-arm-none-eabi-10.3-2021.10/bin/../lib/gcc/arm-none-eabi/10.3.1/../../../../arm-none-eabi/lib/thumb/v7-m/nofp/libg_nano.a(lib_a-nano-mallocr.o)
 .ARM.attributes
                0x0000000000000797       0x2d /home/kpenney/bin/gcc-arm-none-eabi-10.3-2021.10/bin/../lib/gcc/arm-none-eabi/10.3.1/../../../../arm-none-eabi/lib/thumb/v7-m/nofp/libg_nano.a(lib_a-nano-svfprintf.o)
 .ARM.attributes
                0x00000000000007c4       0x2d /home/kpenney/bin/gcc-arm-none-eabi-10.3-2021.10/bin/../lib/gcc/arm-none-eabi/10.3.1/../../../../arm-none-eabi/lib/thumb/v7-m/nofp/libg_nano.a(lib_a-nano-vfprintf.o)
 .ARM.attributes
                0x00000000000007f1       0x2d /home/kpenney/bin/gcc-arm-none-eabi-10.3-2021.10/bin/../lib/gcc/arm-none-eabi/10.3.1/../../../../arm-none-eabi/lib/thumb/v7-m/nofp/libg_nano.a(lib_a-nano-vfprintf_i.o)
 .ARM.attributes
                0x000000000000081e       0x2d /home/kpenney/bin/gcc-arm-none-eabi-10.3-2021.10/bin/../lib/gcc/arm-none-eabi/10.3.1/../../../../arm-none-eabi/lib/thumb/v7-m/nofp/libg_nano.a(lib_a-putc.o)
 .ARM.attributes
                0x000000000000084b       0x2d /home/kpenney/bin/gcc-arm-none-eabi-10.3-2021.10/bin/../lib/gcc/arm-none-eabi/10.3.1/../../../../arm-none-eabi/lib/thumb/v7-m/nofp/libg_nano.a(lib_a-sbrkr.o)
 .ARM.attributes
                0x0000000000000878       0x2d /home/kpenney/bin/gcc-arm-none-eabi-10.3-2021.10/bin/../lib/gcc/arm-none-eabi/10.3.1/../../../../arm-none-eabi/lib/thumb/v7-m/nofp/libg_nano.a(lib_a-stdio.o)
 .ARM.attributes
                0x00000000000008a5       0x2d /home/kpenney/bin/gcc-arm-none-eabi-10.3-2021.10/bin/../lib/gcc/arm-none-eabi/10.3.1/../../../../arm-none-eabi/lib/thumb/v7-m/nofp/libg_nano.a(lib_a-writer.o)
 .ARM.attributes
                0x00000000000008d2       0x2d /home/kpenney/bin/gcc-arm-none-eabi-10.3-2021.10/bin/../lib/gcc/arm-none-eabi/10.3.1/../../../../arm-none-eabi/lib/thumb/v7-m/nofp/libg_nano.a(lib_a-closer.o)
 .ARM.attributes
                0x00000000000008ff       0x2d /home/kpenney/bin/gcc-arm-none-eabi-10.3-2021.10/bin/../lib/gcc/arm-none-eabi/10.3.1/../../../../arm-none-eabi/lib/thumb/v7-m/nofp/libg_nano.a(lib_a-fstatr.o)
 .ARM.attributes
                0x000000000000092c       0x2d /home/kpenney/bin/gcc-arm-none-eabi-10.3-2021.10/bin/../lib/gcc/arm-none-eabi/10.3.1/../../../../arm-none-eabi/lib/thumb/v7-m/nofp/libg_nano.a(lib_a-isattyr.o)
 .ARM.attributes
                0x0000000000000959       0x2d /home/kpenney/bin/gcc-arm-none-eabi-10.3-2021.10/bin/../lib/gcc/arm-none-eabi/10.3.1/../../../../arm-none-eabi/lib/thumb/v7-m/nofp/libg_nano.a(lib_a-lseekr.o)
 .ARM.attributes
                0x0000000000000986       0x2d /home/kpenney/bin/gcc-arm-none-eabi-10.3-2021.10/bin/../lib/gcc/arm-none-eabi/10.3.1/../../../../arm-none-eabi/lib/thumb/v7-m/nofp/libg_nano.a(lib_a-memchr-stub.o)
 .ARM.attributes
                0x00000000000009b3       0x2d /home/kpenney/bin/gcc-arm-none-eabi-10.3-2021.10/bin/../lib/gcc/arm-none-eabi/10.3.1/../../../../arm-none-eabi/lib/thumb/v7-m/nofp/libg_nano.a(lib_a-memmove.o)
 .ARM.attributes
                0x00000000000009e0       0x2d /home/kpenney/bin/gcc-arm-none-eabi-10.3-2021.10/bin/../lib/gcc/arm-none-eabi/10.3.1/../../../../arm-none-eabi/lib/thumb/v7-m/nofp/libg_nano.a(lib_a-mlock.o)
 .ARM.attributes
                0x0000000000000a0d       0x2d /home/kpenney/bin/gcc-arm-none-eabi-10.3-2021.10/bin/../lib/gcc/arm-none-eabi/10.3.1/../../../../arm-none-eabi/lib/thumb/v7-m/nofp/libg_nano.a(lib_a-nano-reallocr.o)
 .ARM.attributes
                0x0000000000000a3a       0x2d /home/kpenney/bin/gcc-arm-none-eabi-10.3-2021.10/bin/../lib/gcc/arm-none-eabi/10.3.1/../../../../arm-none-eabi/lib/thumb/v7-m/nofp/libg_nano.a(lib_a-readr.o)
 .ARM.attributes
                0x0000000000000a67       0x2d /home/kpenney/bin/gcc-arm-none-eabi-10.3-2021.10/bin/../lib/gcc/arm-none-eabi/10.3.1/../../../../arm-none-eabi/lib/thumb/v7-m/nofp/libg_nano.a(lib_a-nano-msizer.o)
 .ARM.attributes
                0x0000000000000a94       0x1d /home/kpenney/bin/gcc-arm-none-eabi-10.3-2021.10/bin/../lib/gcc/arm-none-eabi/10.3.1/thumb/v7-m/nofp/crtn.o
OUTPUT(out_marble/STM32F2.elf elf32-littlearm)
LOAD linker stubs
LOAD /home/kpenney/bin/gcc-arm-none-eabi-10.3-2021.10/bin/../lib/gcc/arm-none-eabi/10.3.1/../../../../arm-none-eabi/lib/thumb/v7-m/nofp/libc.a
LOAD /home/kpenney/bin/gcc-arm-none-eabi-10.3-2021.10/bin/../lib/gcc/arm-none-eabi/10.3.1/../../../../arm-none-eabi/lib/thumb/v7-m/nofp/libm.a
LOAD /home/kpenney/bin/gcc-arm-none-eabi-10.3-2021.10/bin/../lib/gcc/arm-none-eabi/10.3.1/thumb/v7-m/nofp/libgcc.a

.debug_frame    0x0000000000000000     0x3234
 .debug_frame   0x0000000000000000       0x2c /home/kpenney/bin/gcc-arm-none-eabi-10.3-2021.10/bin/../lib/gcc/arm-none-eabi/10.3.1/../../../../arm-none-eabi/lib/thumb/v7-m/nofp/libc_nano.a(lib_a-init.o)
 .debug_frame   0x000000000000002c       0x20 /home/kpenney/bin/gcc-arm-none-eabi-10.3-2021.10/bin/../lib/gcc/arm-none-eabi/10.3.1/../../../../arm-none-eabi/lib/thumb/v7-m/nofp/libc_nano.a(lib_a-memset.o)
 .debug_frame   0x000000000000004c      0x140 out_marble/board_support/marble_v2/stm32f2xx_hal_msp.o
 .debug_frame   0x000000000000018c       0xc0 out_marble/board_support/marble_v2/stm32f2xx_it.o
 .debug_frame   0x000000000000024c       0x30 out_marble/board_support/marble_v2/system_stm32f2xx.o
 .debug_frame   0x000000000000027c      0x440 out_marble/board_support/marble_v2/marble_board.o
 .debug_frame   0x00000000000006bc      0x194 out_marble/board_support/marble_v2/STM32F2xx_HAL_Driver/Src/stm32f2xx_hal.o
 .debug_frame   0x0000000000000850      0x158 out_marble/board_support/marble_v2/STM32F2xx_HAL_Driver/Src/stm32f2xx_hal_cortex.o
 .debug_frame   0x00000000000009a8      0x4a0 out_marble/board_support/marble_v2/STM32F2xx_HAL_Driver/Src/stm32f2xx_hal_uart.o
 .debug_frame   0x0000000000000e48       0xd4 out_marble/board_support/marble_v2/STM32F2xx_HAL_Driver/Src/stm32f2xx_hal_gpio.o
 .debug_frame   0x0000000000000f1c      0x14c out_marble/board_support/marble_v2/STM32F2xx_HAL_Driver/Src/stm32f2xx_hal_rcc.o
 .debug_frame   0x0000000000001068      0x6a8 out_marble/board_support/marble_v2/STM32F2xx_HAL_Driver/Src/stm32f2xx_hal_i2c.o
 .debug_frame   0x0000000000001710      0x260 out_marble/board_support/marble_v2/STM32F2xx_HAL_Driver/Src/stm32f2xx_hal_eth.o
 .debug_frame   0x0000000000001970      0x4ac out_marble/board_support/marble_v2/STM32F2xx_HAL_Driver/Src/stm32f2xx_hal_spi.o
 .debug_frame   0x0000000000001e1c      0x164 out_marble/board_support/marble_v2/STM32F2xx_HAL_Driver/Src/stm32f2xx_hal_dma.o
 .debug_frame   0x0000000000001f80      0x2c8 out_marble/src/i2c_pm.o
 .debug_frame   0x0000000000002248      0x1a0 out_marble/src/i2c_fpga.o
 .debug_frame   0x00000000000023e8       0xb0 out_marble/src/mailbox.o
 .debug_frame   0x0000000000002498       0x2c out_marble/src/phy_mdio.o
 .debug_frame   0x00000000000024c4       0x88 out_marble/src/hexrec.o
 .debug_frame   0x000000000000254c      0x158 out_marble/src/syscalls.o
 .debug_frame   0x00000000000026a4       0xc4 out_marble/src/main.o
 .debug_frame   0x0000000000002768       0x2c /home/kpenney/bin/gcc-arm-none-eabi-10.3-2021.10/bin/../lib/gcc/arm-none-eabi/10.3.1/thumb/v7-m/nofp/libgcc.a(_aeabi_uldivmod.o)
 .debug_frame   0x0000000000002794       0x34 /home/kpenney/bin/gcc-arm-none-eabi-10.3-2021.10/bin/../lib/gcc/arm-none-eabi/10.3.1/thumb/v7-m/nofp/libgcc.a(_udivmoddi4.o)
 .debug_frame   0x00000000000027c8       0x28 /home/kpenney/bin/gcc-arm-none-eabi-10.3-2021.10/bin/../lib/gcc/arm-none-eabi/10.3.1/../../../../arm-none-eabi/lib/thumb/v7-m/nofp/libg_nano.a(lib_a-memcpy-stub.o)
 .debug_frame   0x00000000000027f0       0x74 /home/kpenney/bin/gcc-arm-none-eabi-10.3-2021.10/bin/../lib/gcc/arm-none-eabi/10.3.1/../../../../arm-none-eabi/lib/thumb/v7-m/nofp/libg_nano.a(lib_a-printf.o)
 .debug_frame   0x0000000000002864       0x58 /home/kpenney/bin/gcc-arm-none-eabi-10.3-2021.10/bin/../lib/gcc/arm-none-eabi/10.3.1/../../../../arm-none-eabi/lib/thumb/v7-m/nofp/libg_nano.a(lib_a-putchar.o)
 .debug_frame   0x00000000000028bc       0x3c /home/kpenney/bin/gcc-arm-none-eabi-10.3-2021.10/bin/../lib/gcc/arm-none-eabi/10.3.1/../../../../arm-none-eabi/lib/thumb/v7-m/nofp/libg_nano.a(lib_a-puts.o)
 .debug_frame   0x00000000000028f8       0x5c /home/kpenney/bin/gcc-arm-none-eabi-10.3-2021.10/bin/../lib/gcc/arm-none-eabi/10.3.1/../../../../arm-none-eabi/lib/thumb/v7-m/nofp/libg_nano.a(lib_a-reent.o)
 .debug_frame   0x0000000000002954       0x7c /home/kpenney/bin/gcc-arm-none-eabi-10.3-2021.10/bin/../lib/gcc/arm-none-eabi/10.3.1/../../../../arm-none-eabi/lib/thumb/v7-m/nofp/libg_nano.a(lib_a-snprintf.o)
 .debug_frame   0x00000000000029d0       0x40 /home/kpenney/bin/gcc-arm-none-eabi-10.3-2021.10/bin/../lib/gcc/arm-none-eabi/10.3.1/../../../../arm-none-eabi/lib/thumb/v7-m/nofp/libg_nano.a(lib_a-wbuf.o)
 .debug_frame   0x0000000000002a10       0x2c /home/kpenney/bin/gcc-arm-none-eabi-10.3-2021.10/bin/../lib/gcc/arm-none-eabi/10.3.1/../../../../arm-none-eabi/lib/thumb/v7-m/nofp/libg_nano.a(lib_a-wsetup.o)
 .debug_frame   0x0000000000002a3c       0x5c /home/kpenney/bin/gcc-arm-none-eabi-10.3-2021.10/bin/../lib/gcc/arm-none-eabi/10.3.1/../../../../arm-none-eabi/lib/thumb/v7-m/nofp/libg_nano.a(lib_a-fflush.o)
 .debug_frame   0x0000000000002a98      0x14c /home/kpenney/bin/gcc-arm-none-eabi-10.3-2021.10/bin/../lib/gcc/arm-none-eabi/10.3.1/../../../../arm-none-eabi/lib/thumb/v7-m/nofp/libg_nano.a(lib_a-findfp.o)
 .debug_frame   0x0000000000002be4       0x54 /home/kpenney/bin/gcc-arm-none-eabi-10.3-2021.10/bin/../lib/gcc/arm-none-eabi/10.3.1/../../../../arm-none-eabi/lib/thumb/v7-m/nofp/libg_nano.a(lib_a-fwalk.o)
 .debug_frame   0x0000000000002c38       0xb0 /home/kpenney/bin/gcc-arm-none-eabi-10.3-2021.10/bin/../lib/gcc/arm-none-eabi/10.3.1/../../../../arm-none-eabi/lib/thumb/v7-m/nofp/libg_nano.a(lib_a-lock.o)
 .debug_frame   0x0000000000002ce8       0x58 /home/kpenney/bin/gcc-arm-none-eabi-10.3-2021.10/bin/../lib/gcc/arm-none-eabi/10.3.1/../../../../arm-none-eabi/lib/thumb/v7-m/nofp/libg_nano.a(lib_a-makebuf.o)
 .debug_frame   0x0000000000002d40       0x38 /home/kpenney/bin/gcc-arm-none-eabi-10.3-2021.10/bin/../lib/gcc/arm-none-eabi/10.3.1/../../../../arm-none-eabi/lib/thumb/v7-m/nofp/libg_nano.a(lib_a-nano-freer.o)
 .debug_frame   0x0000000000002d78       0x4c /home/kpenney/bin/gcc-arm-none-eabi-10.3-2021.10/bin/../lib/gcc/arm-none-eabi/10.3.1/../../../../arm-none-eabi/lib/thumb/v7-m/nofp/libg_nano.a(lib_a-nano-mallocr.o)
 .debug_frame   0x0000000000002dc4       0x90 /home/kpenney/bin/gcc-arm-none-eabi-10.3-2021.10/bin/../lib/gcc/arm-none-eabi/10.3.1/../../../../arm-none-eabi/lib/thumb/v7-m/nofp/libg_nano.a(lib_a-nano-svfprintf.o)
 .debug_frame   0x0000000000002e54       0xac /home/kpenney/bin/gcc-arm-none-eabi-10.3-2021.10/bin/../lib/gcc/arm-none-eabi/10.3.1/../../../../arm-none-eabi/lib/thumb/v7-m/nofp/libg_nano.a(lib_a-nano-vfprintf.o)
 .debug_frame   0x0000000000002f00       0x60 /home/kpenney/bin/gcc-arm-none-eabi-10.3-2021.10/bin/../lib/gcc/arm-none-eabi/10.3.1/../../../../arm-none-eabi/lib/thumb/v7-m/nofp/libg_nano.a(lib_a-nano-vfprintf_i.o)
 .debug_frame   0x0000000000002f60       0x3c /home/kpenney/bin/gcc-arm-none-eabi-10.3-2021.10/bin/../lib/gcc/arm-none-eabi/10.3.1/../../../../arm-none-eabi/lib/thumb/v7-m/nofp/libg_nano.a(lib_a-putc.o)
 .debug_frame   0x0000000000002f9c       0x2c /home/kpenney/bin/gcc-arm-none-eabi-10.3-2021.10/bin/../lib/gcc/arm-none-eabi/10.3.1/../../../../arm-none-eabi/lib/thumb/v7-m/nofp/libg_nano.a(lib_a-sbrkr.o)
 .debug_frame   0x0000000000002fc8       0x88 /home/kpenney/bin/gcc-arm-none-eabi-10.3-2021.10/bin/../lib/gcc/arm-none-eabi/10.3.1/../../../../arm-none-eabi/lib/thumb/v7-m/nofp/libg_nano.a(lib_a-stdio.o)
 .debug_frame   0x0000000000003050       0x2c /home/kpenney/bin/gcc-arm-none-eabi-10.3-2021.10/bin/../lib/gcc/arm-none-eabi/10.3.1/../../../../arm-none-eabi/lib/thumb/v7-m/nofp/libg_nano.a(lib_a-writer.o)
 .debug_frame   0x000000000000307c       0x2c /home/kpenney/bin/gcc-arm-none-eabi-10.3-2021.10/bin/../lib/gcc/arm-none-eabi/10.3.1/../../../../arm-none-eabi/lib/thumb/v7-m/nofp/libg_nano.a(lib_a-closer.o)
 .debug_frame   0x00000000000030a8       0x2c /home/kpenney/bin/gcc-arm-none-eabi-10.3-2021.10/bin/../lib/gcc/arm-none-eabi/10.3.1/../../../../arm-none-eabi/lib/thumb/v7-m/nofp/libg_nano.a(lib_a-fstatr.o)
 .debug_frame   0x00000000000030d4       0x2c /home/kpenney/bin/gcc-arm-none-eabi-10.3-2021.10/bin/../lib/gcc/arm-none-eabi/10.3.1/../../../../arm-none-eabi/lib/thumb/v7-m/nofp/libg_nano.a(lib_a-isattyr.o)