Archive member included to satisfy reference by file (symbol)

/usr/lib/gcc/arm-none-eabi/9.2.1/../../../arm-none-eabi/lib/thumb/v7-m/nofp/libc_nano.a(lib_a-atexit.o)
                              /usr/lib/gcc/arm-none-eabi/9.2.1/../../../arm-none-eabi/lib/thumb/v7-m/nofp/crt0.o (atexit)
/usr/lib/gcc/arm-none-eabi/9.2.1/../../../arm-none-eabi/lib/thumb/v7-m/nofp/libc_nano.a(lib_a-exit.o)
                              /usr/lib/gcc/arm-none-eabi/9.2.1/../../../arm-none-eabi/lib/thumb/v7-m/nofp/crt0.o (exit)
/usr/lib/gcc/arm-none-eabi/9.2.1/../../../arm-none-eabi/lib/thumb/v7-m/nofp/libc_nano.a(lib_a-fini.o)
                              /usr/lib/gcc/arm-none-eabi/9.2.1/../../../arm-none-eabi/lib/thumb/v7-m/nofp/crt0.o (__libc_fini_array)
/usr/lib/gcc/arm-none-eabi/9.2.1/../../../arm-none-eabi/lib/thumb/v7-m/nofp/libc_nano.a(lib_a-impure.o)
                              /usr/lib/gcc/arm-none-eabi/9.2.1/../../../arm-none-eabi/lib/thumb/v7-m/nofp/libc_nano.a(lib_a-exit.o) (_global_impure_ptr)
/usr/lib/gcc/arm-none-eabi/9.2.1/../../../arm-none-eabi/lib/thumb/v7-m/nofp/libc_nano.a(lib_a-init.o)
                              /usr/lib/gcc/arm-none-eabi/9.2.1/../../../arm-none-eabi/lib/thumb/v7-m/nofp/crt0.o (__libc_init_array)
/usr/lib/gcc/arm-none-eabi/9.2.1/../../../arm-none-eabi/lib/thumb/v7-m/nofp/libc_nano.a(lib_a-memset.o)
                              /usr/lib/gcc/arm-none-eabi/9.2.1/../../../arm-none-eabi/lib/thumb/v7-m/nofp/crt0.o (memset)
/usr/lib/gcc/arm-none-eabi/9.2.1/../../../arm-none-eabi/lib/thumb/v7-m/nofp/libc_nano.a(lib_a-__atexit.o)
                              /usr/lib/gcc/arm-none-eabi/9.2.1/../../../arm-none-eabi/lib/thumb/v7-m/nofp/libc_nano.a(lib_a-atexit.o) (__register_exitproc)
/usr/lib/gcc/arm-none-eabi/9.2.1/../../../arm-none-eabi/lib/thumb/v7-m/nofp/libc_nano.a(lib_a-__call_atexit.o)
                              /usr/lib/gcc/arm-none-eabi/9.2.1/../../../arm-none-eabi/lib/thumb/v7-m/nofp/libc_nano.a(lib_a-__atexit.o) (__call_exitprocs)
/usr/lib/gcc/arm-none-eabi/9.2.1/../../../arm-none-eabi/lib/thumb/v7-m/nofp/libnosys.a(_exit.o)
                              /usr/lib/gcc/arm-none-eabi/9.2.1/../../../arm-none-eabi/lib/thumb/v7-m/nofp/libc_nano.a(lib_a-exit.o) (_exit)
/usr/lib/gcc/arm-none-eabi/9.2.1/thumb/v7-m/nofp/libgcc.a(_arm_muldf3.o)
                              out_marble/src/i2c_pm.o (__aeabi_dmul)
/usr/lib/gcc/arm-none-eabi/9.2.1/thumb/v7-m/nofp/libgcc.a(_arm_addsubdf3.o)
                              out_marble/src/i2c_pm.o (__aeabi_i2d)
/usr/lib/gcc/arm-none-eabi/9.2.1/thumb/v7-m/nofp/libgcc.a(_arm_truncdfsf2.o)
                              out_marble/src/i2c_fpga.o (__aeabi_d2f)
/usr/lib/gcc/arm-none-eabi/9.2.1/thumb/v7-m/nofp/libgcc.a(_arm_addsubsf3.o)
                              out_marble/src/i2c_fpga.o (__aeabi_ui2f)
/usr/lib/gcc/arm-none-eabi/9.2.1/thumb/v7-m/nofp/libgcc.a(_arm_muldivsf3.o)
                              out_marble/src/i2c_fpga.o (__aeabi_fdiv)
/usr/lib/gcc/arm-none-eabi/9.2.1/thumb/v7-m/nofp/libgcc.a(_aeabi_ldivmod.o)
                              out_marble/board_support/marble_v2/STM32F2xx_HAL_Driver/Src/stm32f2xx_hal_rcc.o (__aeabi_ldivmod)
/usr/lib/gcc/arm-none-eabi/9.2.1/thumb/v7-m/nofp/libgcc.a(_aeabi_uldivmod.o)
                              out_marble/board_support/marble_v2/STM32F2xx_HAL_Driver/Src/stm32f2xx_hal_rcc.o (__aeabi_uldivmod)
/usr/lib/gcc/arm-none-eabi/9.2.1/thumb/v7-m/nofp/libgcc.a(_udivmoddi4.o)
                              /usr/lib/gcc/arm-none-eabi/9.2.1/thumb/v7-m/nofp/libgcc.a(_aeabi_ldivmod.o) (__udivmoddi4)
/usr/lib/gcc/arm-none-eabi/9.2.1/thumb/v7-m/nofp/libgcc.a(_dvmd_tls.o)
                              /usr/lib/gcc/arm-none-eabi/9.2.1/thumb/v7-m/nofp/libgcc.a(_aeabi_ldivmod.o) (__aeabi_ldiv0)
/usr/lib/gcc/arm-none-eabi/9.2.1/../../../arm-none-eabi/lib/thumb/v7-m/nofp/libg_nano.a(lib_a-memcpy.o)
                              out_marble/src/i2c_pm.o (memcpy)
/usr/lib/gcc/arm-none-eabi/9.2.1/../../../arm-none-eabi/lib/thumb/v7-m/nofp/libg_nano.a(lib_a-printf.o)
                              out_marble/board_support/marble_v2/marble_board.o (printf)
/usr/lib/gcc/arm-none-eabi/9.2.1/../../../arm-none-eabi/lib/thumb/v7-m/nofp/libg_nano.a(lib_a-putchar.o)
                              out_marble/src/i2c_pm.o (putchar)
/usr/lib/gcc/arm-none-eabi/9.2.1/../../../arm-none-eabi/lib/thumb/v7-m/nofp/libg_nano.a(lib_a-puts.o)
                              out_marble/board_support/marble_v2/marble_board.o (puts)
/usr/lib/gcc/arm-none-eabi/9.2.1/../../../arm-none-eabi/lib/thumb/v7-m/nofp/libg_nano.a(lib_a-reent.o)
                              out_marble/src/syscalls.o (errno)
/usr/lib/gcc/arm-none-eabi/9.2.1/../../../arm-none-eabi/lib/thumb/v7-m/nofp/libg_nano.a(lib_a-snprintf.o)
                              out_marble/src/i2c_pm.o (snprintf)
/usr/lib/gcc/arm-none-eabi/9.2.1/../../../arm-none-eabi/lib/thumb/v7-m/nofp/libg_nano.a(lib_a-strcpy.o)
                              out_marble/src/i2c_pm.o (strcpy)
[...]
Memory Configuration

Name             Origin             Length             Attributes
RAM              0x0000000020000000 0x0000000000020000 xrw
FLASH            0x0000000008000000 0x0000000000040000 xr
*default*        0x0000000000000000 0xffffffffffffffff

Linker script and memory map

LOAD /usr/lib/gcc/arm-none-eabi/9.2.1/thumb/v7-m/nofp/crti.o
LOAD /usr/lib/gcc/arm-none-eabi/9.2.1/thumb/v7-m/nofp/crtbegin.o
LOAD /usr/lib/gcc/arm-none-eabi/9.2.1/../../../arm-none-eabi/lib/thumb/v7-m/nofp/crt0.o
LOAD /usr/lib/gcc/arm-none-eabi/9.2.1/../../../arm-none-eabi/lib/thumb/v7-m/nofp/libc_nano.a
LOAD /usr/lib/gcc/arm-none-eabi/9.2.1/../../../arm-none-eabi/lib/thumb/v7-m/nofp/libnosys.a
LOAD out_marble/board_support/marble_v2/startup_stm32f207xx.o
LOAD out_marble/board_support/marble_v2/stm32f2xx_hal_msp.o
LOAD out_marble/board_support/marble_v2/stm32f2xx_it.o
LOAD out_marble/board_support/marble_v2/system_stm32f2xx.o
LOAD out_marble/board_support/marble_v2/marble_board.o
LOAD out_marble/board_support/marble_v2/STM32F2xx_HAL_Driver/Src/stm32f2xx_hal.o
LOAD out_marble/board_support/marble_v2/STM32F2xx_HAL_Driver/Src/stm32f2xx_hal_cortex.o
LOAD out_marble/board_support/marble_v2/STM32F2xx_HAL_Driver/Src/stm32f2xx_hal_uart.o
LOAD out_marble/board_support/marble_v2/STM32F2xx_HAL_Driver/Src/stm32f2xx_hal_gpio.o
LOAD out_marble/board_support/marble_v2/STM32F2xx_HAL_Driver/Src/stm32f2xx_hal_rcc.o
LOAD out_marble/board_support/marble_v2/STM32F2xx_HAL_Driver/Src/stm32f2xx_hal_i2c.o
LOAD out_marble/board_support/marble_v2/STM32F2xx_HAL_Driver/Src/stm32f2xx_hal_eth.o
LOAD out_marble/board_support/marble_v2/STM32F2xx_HAL_Driver/Src/stm32f2xx_hal_spi.o
LOAD out_marble/board_support/marble_v2/STM32F2xx_HAL_Driver/Src/stm32f2xx_hal_dma.o
LOAD out_marble/src/i2c_pm.o
LOAD out_marble/src/i2c_fpga.o
LOAD out_marble/src/mailbox.o
LOAD out_marble/src/phy_mdio.o
LOAD out_marble/src/hexrec.o
LOAD out_marble/src/syscalls.o
LOAD out_marble/src/main.o
START GROUP
LOAD /usr/lib/gcc/arm-none-eabi/9.2.1/thumb/v7-m/nofp/libgcc.a
LOAD /usr/lib/gcc/arm-none-eabi/9.2.1/../../../arm-none-eabi/lib/thumb/v7-m/nofp/libg_nano.a
LOAD /usr/lib/gcc/arm-none-eabi/9.2.1/../../../arm-none-eabi/lib/thumb/v7-m/nofp/libc_nano.a
END GROUP
START GROUP
LOAD /usr/lib/gcc/arm-none-eabi/9.2.1/thumb/v7-m/nofp/libgcc.a
LOAD /usr/lib/gcc/arm-none-eabi/9.2.1/../../../arm-none-eabi/lib/thumb/v7-m/nofp/libc_nano.a
LOAD /usr/lib/gcc/arm-none-eabi/9.2.1/../../../arm-none-eabi/lib/thumb/v7-m/nofp/libnosys.a
END GROUP
START GROUP
LOAD /usr/lib/gcc/arm-none-eabi/9.2.1/thumb/v7-m/nofp/libgcc.a
LOAD /usr/lib/gcc/arm-none-eabi/9.2.1/../../../arm-none-eabi/lib/thumb/v7-m/nofp/libc_nano.a
LOAD /usr/lib/gcc/arm-none-eabi/9.2.1/../../../arm-none-eabi/lib/thumb/v7-m/nofp/libnosys.a
END GROUP
LOAD /usr/lib/gcc/arm-none-eabi/9.2.1/thumb/v7-m/nofp/crtend.o
LOAD /usr/lib/gcc/arm-none-eabi/9.2.1/thumb/v7-m/nofp/crtn.o
                0x0000000020020000                _estack = 0x20020000
                0x0000000000000200                _Min_Heap_Size = 0x200
                0x0000000000000400                _Min_Stack_Size = 0x400

.isr_vector     0x0000000008000000      0x184
                0x0000000008000000                . = ALIGN (0x4)
 *(.isr_vector)
 .isr_vector    0x0000000008000000      0x184 out_marble/board_support/marble_v2/startup_stm32f207xx.o
                0x0000000008000000                g_pfnVectors
                0x0000000008000184                . = ALIGN (0x4)

.text           0x0000000008000184     0x6d60
                0x0000000008000184                . = ALIGN (0x4)
 *(.text)
 .text          0x0000000008000184       0x88 /usr/lib/gcc/arm-none-eabi/9.2.1/thumb/v7-m/nofp/crtbegin.o
 .text          0x000000000800020c       0x48 /usr/lib/gcc/arm-none-eabi/9.2.1/../../../arm-none-eabi/lib/thumb/v7-m/nofp/libc_nano.a(lib_a-init.o)
                0x000000000800020c                __libc_init_array
 .text          0x0000000008000254       0xa0 /usr/lib/gcc/arm-none-eabi/9.2.1/../../../arm-none-eabi/lib/thumb/v7-m/nofp/libc_nano.a(lib_a-memset.o)
                0x0000000008000254                memset
 .text          0x00000000080002f4       0x30 /usr/lib/gcc/arm-none-eabi/9.2.1/thumb/v7-m/nofp/libgcc.a(_aeabi_uldivmod.o)
                0x00000000080002f4                __aeabi_uldivmod
 .text          0x0000000008000324      0x2c4 /usr/lib/gcc/arm-none-eabi/9.2.1/thumb/v7-m/nofp/libgcc.a(_udivmoddi4.o)
                0x0000000008000324                __udivmoddi4
 .text          0x00000000080005e8        0x4 /usr/lib/gcc/arm-none-eabi/9.2.1/thumb/v7-m/nofp/libgcc.a(_dvmd_tls.o)
                0x00000000080005e8                __aeabi_ldiv0
                0x00000000080005e8                __aeabi_idiv0
 .text          0x00000000080005ec       0xec /usr/lib/gcc/arm-none-eabi/9.2.1/../../../arm-none-eabi/lib/thumb/v7-m/nofp/libg_nano.a(lib_a-memcpy.o)
                0x00000000080005ec                memcpy
 .text          0x00000000080006d8       0x68 /usr/lib/gcc/arm-none-eabi/9.2.1/../../../arm-none-eabi/lib/thumb/v7-m/nofp/libg_nano.a(lib_a-printf.o)
                0x00000000080006d8                _printf_r
                0x00000000080006d8                _iprintf_r
                0x0000000008000708                printf
                0x0000000008000708                iprintf
 .text          0x0000000008000740       0x58 /usr/lib/gcc/arm-none-eabi/9.2.1/../../../arm-none-eabi/lib/thumb/v7-m/nofp/libg_nano.a(lib_a-putchar.o)
                0x0000000008000740                _putchar_r
                0x0000000008000764                putchar
 .text          0x0000000008000798       0xd4 /usr/lib/gcc/arm-none-eabi/9.2.1/../../../arm-none-eabi/lib/thumb/v7-m/nofp/libg_nano.a(lib_a-puts.o)
                0x0000000008000798                _puts_r
                0x000000000800085c                puts
 .text          0x000000000800086c      0x108 /usr/lib/gcc/arm-none-eabi/9.2.1/../../../arm-none-eabi/lib/thumb/v7-m/nofp/libg_nano.a(lib_a-snprintf.o)
                0x000000000800086c                _sniprintf_r
                0x000000000800086c                _snprintf_r
                0x00000000080008ec                snprintf
                0x00000000080008ec                sniprintf
 .text          0x0000000008000974       0x5c /usr/lib/gcc/arm-none-eabi/9.2.1/../../../arm-none-eabi/lib/thumb/v7-m/nofp/libg_nano.a(lib_a-strlen-stub.o)
                0x0000000008000974                strlen
 .text          0x00000000080009d0       0xc0 /usr/lib/gcc/arm-none-eabi/9.2.1/../../../arm-none-eabi/lib/thumb/v7-m/nofp/libg_nano.a(lib_a-wbuf.o)
                0x00000000080009d0                __swbuf_r
                0x0000000008000a80                __swbuf
 .text          0x0000000008000a90      0x100 /usr/lib/gcc/arm-none-eabi/9.2.1/../../../arm-none-eabi/lib/thumb/v7-m/nofp/libg_nano.a(lib_a-wsetup.o)
                0x0000000008000a90                __swsetup_r
 .text          0x0000000008000b90      0x1b0 /usr/lib/gcc/arm-none-eabi/9.2.1/../../../arm-none-eabi/lib/thumb/v7-m/nofp/libg_nano.a(lib_a-fflush.o)
                0x0000000008000b90                __sflush_r
                0x0000000008000cbc                _fflush_r
                0x0000000008000d1c                fflush
 .text          0x0000000008000d40      0x210 /usr/lib/gcc/arm-none-eabi/9.2.1/../../../arm-none-eabi/lib/thumb/v7-m/nofp/libg_nano.a(lib_a-findfp.o)
                0x0000000008000d44                _cleanup_r
                0x0000000008000d54                __sfmoreglue
                0x0000000008000d84                __sfp
                0x0000000008000efc                _cleanup
                0x0000000008000f10                __sinit
                0x0000000008000f18                __sfp_lock_acquire
                0x0000000008000f1c                __sfp_lock_release
                0x0000000008000f20                __sinit_lock_acquire
                0x0000000008000f24                __sinit_lock_release
                0x0000000008000f28                __fp_lock_all
                0x0000000008000f3c                __fp_unlock_all
 .text          0x0000000008000f50       0x98 /usr/lib/gcc/arm-none-eabi/9.2.1/../../../arm-none-eabi/lib/thumb/v7-m/nofp/libg_nano.a(lib_a-fwalk.o)
                0x0000000008000f50                _fwalk
                0x0000000008000f98                _fwalk_reent
 .text          0x0000000008000fe8       0xf0 /usr/lib/gcc/arm-none-eabi/9.2.1/../../../arm-none-eabi/lib/thumb/v7-m/nofp/libg_nano.a(lib_a-makebuf.o)
                0x0000000008000fe8                __swhatbuf_r
                0x0000000008001044                __smakebuf_r
 .text          0x00000000080010d8       0xa8 /usr/lib/gcc/arm-none-eabi/9.2.1/../../../arm-none-eabi/lib/thumb/v7-m/nofp/libg_nano.a(lib_a-nano-freer.o)
                0x00000000080010d8                _free_r
 .text          0x0000000008001180       0xc8 /usr/lib/gcc/arm-none-eabi/9.2.1/../../../arm-none-eabi/lib/thumb/v7-m/nofp/libg_nano.a(lib_a-nano-mallocr.o)
                0x0000000008001180                _malloc_r
 .text          0x0000000008001248      0x434 /usr/lib/gcc/arm-none-eabi/9.2.1/../../../arm-none-eabi/lib/thumb/v7-m/nofp/libg_nano.a(lib_a-nano-svfprintf.o)
                0x0000000008001248                __ssputs_r
                0x000000000800130c                __ssprint_r
                0x0000000008001404                _svfprintf_r
                0x0000000008001404                _svfiprintf_r
 .text          0x000000000800167c      0x364 /usr/lib/gcc/arm-none-eabi/9.2.1/../../../arm-none-eabi/lib/thumb/v7-m/nofp/libg_nano.a(lib_a-nano-vfprintf.o)
                0x00000000080016b4                __sfputs_r
                0x00000000080016e4                __sprint_r
                0x0000000008001700                _vfiprintf_r
                0x0000000008001700                _vfprintf_r
                0x00000000080019c8                vfiprintf
                0x00000000080019c8                vfprintf
 .text          0x00000000080019e0      0x3bc /usr/lib/gcc/arm-none-eabi/9.2.1/../../../arm-none-eabi/lib/thumb/v7-m/nofp/libg_nano.a(lib_a-nano-vfprintf_i.o)
                0x00000000080019e0                _printf_common
                0x0000000008001b08                _printf_i
 .text          0x0000000008001d9c      0x10c /usr/lib/gcc/arm-none-eabi/9.2.1/../../../arm-none-eabi/lib/thumb/v7-m/nofp/libg_nano.a(lib_a-putc.o)
                0x0000000008001d9c                _putc_r
                0x0000000008001e1c                putc
 .text          0x0000000008001ea8       0x24 /usr/lib/gcc/arm-none-eabi/9.2.1/../../../arm-none-eabi/lib/thumb/v7-m/nofp/libg_nano.a(lib_a-sbrkr.o)
                0x0000000008001ea8                _sbrk_r
 .text          0x0000000008001ecc       0x90 /usr/lib/gcc/arm-none-eabi/9.2.1/../../../arm-none-eabi/lib/thumb/v7-m/nofp/libg_nano.a(lib_a-stdio.o)
                0x0000000008001ecc                __sread
                0x0000000008001ef0                __seofread
                0x0000000008001ef4                __swrite
                0x0000000008001f34                __sseek
                0x0000000008001f54                __sclose
 .text          0x0000000008001f5c       0x2c /usr/lib/gcc/arm-none-eabi/9.2.1/../../../arm-none-eabi/lib/thumb/v7-m/nofp/libg_nano.a(lib_a-writer.o)
                0x0000000008001f5c                _write_r
 .text          0x0000000008001f88       0x24 /usr/lib/gcc/arm-none-eabi/9.2.1/../../../arm-none-eabi/lib/thumb/v7-m/nofp/libg_nano.a(lib_a-closer.o)
                0x0000000008001f88                _close_r
 .text          0x0000000008001fac       0x28 /usr/lib/gcc/arm-none-eabi/9.2.1/../../../arm-none-eabi/lib/thumb/v7-m/nofp/libg_nano.a(lib_a-fstatr.o)
                0x0000000008001fac                _fstat_r
 .text          0x0000000008001fd4      0x300 /usr/lib/gcc/arm-none-eabi/9.2.1/../../../arm-none-eabi/lib/thumb/v7-m/nofp/libg_nano.a(lib_a-fvwrite.o)
                0x0000000008001fd4                __sfvwrite_r
 .text          0x00000000080022d4       0x24 /usr/lib/gcc/arm-none-eabi/9.2.1/../../../arm-none-eabi/lib/thumb/v7-m/nofp/libg_nano.a(lib_a-isattyr.o)
                0x00000000080022d4                _isatty_r
 .text          0x00000000080022f8       0x2c /usr/lib/gcc/arm-none-eabi/9.2.1/../../../arm-none-eabi/lib/thumb/v7-m/nofp/libg_nano.a(lib_a-lseekr.o)
                0x00000000080022f8                _lseek_r
 .text          0x0000000008002324       0x8c /usr/lib/gcc/arm-none-eabi/9.2.1/../../../arm-none-eabi/lib/thumb/v7-m/nofp/libg_nano.a(lib_a-memchr-stub.o)
                0x0000000008002324                memchr
 .text          0x00000000080023b0       0xcc /usr/lib/gcc/arm-none-eabi/9.2.1/../../../arm-none-eabi/lib/thumb/v7-m/nofp/libg_nano.a(lib_a-memmove.o)
                0x00000000080023b0                memmove
 .text          0x000000000800247c        0x8 /usr/lib/gcc/arm-none-eabi/9.2.1/../../../arm-none-eabi/lib/thumb/v7-m/nofp/libg_nano.a(lib_a-mlock.o)
                0x000000000800247c                __malloc_lock
                0x0000000008002480                __malloc_unlock
 .text          0x0000000008002484       0x4c /usr/lib/gcc/arm-none-eabi/9.2.1/../../../arm-none-eabi/lib/thumb/v7-m/nofp/libg_nano.a(lib_a-nano-reallocr.o)
                0x0000000008002484                _realloc_r
 .text          0x00000000080024d0       0x2c /usr/lib/gcc/arm-none-eabi/9.2.1/../../../arm-none-eabi/lib/thumb/v7-m/nofp/libg_nano.a(lib_a-readr.o)
                0x00000000080024d0                _read_r
 .text          0x00000000080024fc       0x10 /usr/lib/gcc/arm-none-eabi/9.2.1/../../../arm-none-eabi/lib/thumb/v7-m/nofp/libg_nano.a(lib_a-nano-msizer.o)
                0x00000000080024fc                _malloc_usable_size_r
 *(.text*)
 .text.Reset_Handler
                0x000000000800250c       0x50 out_marble/board_support/marble_v2/startup_stm32f207xx.o
                0x000000000800250c                Reset_Handler
 .text.Default_Handler
                0x000000000800255c        0x2 out_marble/board_support/marble_v2/startup_stm32f207xx.o
                0x000000000800255c                RTC_Alarm_IRQHandler
                0x000000000800255c                HASH_RNG_IRQHandler
                0x000000000800255c                EXTI2_IRQHandler
                0x000000000800255c                TIM8_CC_IRQHandler
                0x000000000800255c                TIM1_CC_IRQHandler
                0x000000000800255c                DMA2_Stream5_IRQHandler
                0x000000000800255c                DMA1_Stream5_IRQHandler
                0x000000000800255c                PVD_IRQHandler
                0x000000000800255c                SDIO_IRQHandler
                0x000000000800255c                TAMP_STAMP_IRQHandler
                0x000000000800255c                CAN2_RX1_IRQHandler
                0x000000000800255c                EXTI3_IRQHandler
                0x000000000800255c                TIM8_TRG_COM_TIM14_IRQHandler
                0x000000000800255c                TIM1_UP_TIM10_IRQHandler
                0x000000000800255c                TIM8_UP_TIM13_IRQHandler
                0x000000000800255c                I2C3_ER_IRQHandler
                0x000000000800255c                I2C2_EV_IRQHandler
                0x000000000800255c                DMA1_Stream2_IRQHandler
                0x000000000800255c                CAN1_RX0_IRQHandler
                0x000000000800255c                OTG_HS_WKUP_IRQHandler
                0x000000000800255c                CAN2_SCE_IRQHandler
                0x000000000800255c                DMA2_Stream2_IRQHandler
                0x000000000800255c                SPI1_IRQHandler
                0x000000000800255c                TIM6_DAC_IRQHandler
                0x000000000800255c                TIM1_BRK_TIM9_IRQHandler
                0x000000000800255c                DCMI_IRQHandler
                0x000000000800255c                CAN2_RX0_IRQHandler
                0x000000000800255c                DMA2_Stream3_IRQHandler
                0x000000000800255c                USART6_IRQHandler
                0x000000000800255c                CAN1_RX1_IRQHandler
                0x000000000800255c                UART5_IRQHandler
                0x000000000800255c                DMA2_Stream0_IRQHandler
                0x000000000800255c                TIM4_IRQHandler
                0x000000000800255c                I2C1_EV_IRQHandler
                0x000000000800255c                DMA1_Stream6_IRQHandler
                0x000000000800255c                DMA1_Stream1_IRQHandler
                0x000000000800255c                UART4_IRQHandler
                0x000000000800255c                TIM3_IRQHandler
                0x000000000800255c                RCC_IRQHandler
                0x000000000800255c                TIM8_BRK_TIM12_IRQHandler
                0x000000000800255c                Default_Handler
                0x000000000800255c                EXTI15_10_IRQHandler
                0x000000000800255c                ADC_IRQHandler
                0x000000000800255c                DMA1_Stream7_IRQHandler
                0x000000000800255c                TIM7_IRQHandler
                0x000000000800255c                CAN2_TX_IRQHandler
                0x000000000800255c                TIM5_IRQHandler
                0x000000000800255c                DMA2_Stream7_IRQHandler
                0x000000000800255c                I2C3_EV_IRQHandler
                0x000000000800255c                EXTI9_5_IRQHandler
                0x000000000800255c                RTC_WKUP_IRQHandler
                0x000000000800255c                ETH_WKUP_IRQHandler
                0x000000000800255c                SPI2_IRQHandler
                0x000000000800255c                OTG_HS_EP1_IN_IRQHandler
                0x000000000800255c                DMA1_Stream0_IRQHandler
                0x000000000800255c                CAN1_TX_IRQHandler
                0x000000000800255c                EXTI4_IRQHandler
                0x000000000800255c                FSMC_IRQHandler
                0x000000000800255c                ETH_IRQHandler
                0x000000000800255c                OTG_HS_EP1_OUT_IRQHandler
                0x000000000800255c                WWDG_IRQHandler
                0x000000000800255c                TIM2_IRQHandler
                0x000000000800255c                OTG_FS_WKUP_IRQHandler
                0x000000000800255c                TIM1_TRG_COM_TIM11_IRQHandler
                0x000000000800255c                OTG_HS_IRQHandler
                0x000000000800255c                EXTI1_IRQHandler
                0x000000000800255c                I2C2_ER_IRQHandler
                0x000000000800255c                DMA2_Stream1_IRQHandler
                0x000000000800255c                CAN1_SCE_IRQHandler
                0x000000000800255c                FLASH_IRQHandler
                0x000000000800255c                DMA2_Stream4_IRQHandler
                0x000000000800255c                OTG_FS_IRQHandler
                0x000000000800255c                SPI3_IRQHandler
                0x000000000800255c                DMA1_Stream4_IRQHandler
                0x000000000800255c                I2C1_ER_IRQHandler
                0x000000000800255c                DMA2_Stream6_IRQHandler
                0x000000000800255c                DMA1_Stream3_IRQHandler
 *fill*         0x000000000800255e        0x2 
 .text.HAL_MspInit
                0x0000000008002560       0x38 out_marble/board_support/marble_v2/stm32f2xx_hal_msp.o
                0x0000000008002560                HAL_MspInit
 .text.HAL_ETH_MspInit
                0x0000000008002598       0xec out_marble/board_support/marble_v2/stm32f2xx_hal_msp.o
                0x0000000008002598                HAL_ETH_MspInit
 .text.HAL_I2C_MspInit
                0x0000000008002684      0x104 out_marble/board_support/marble_v2/stm32f2xx_hal_msp.o
                0x0000000008002684                HAL_I2C_MspInit
 .text.HAL_SPI_MspInit
                0x0000000008002788      0x118 out_marble/board_support/marble_v2/stm32f2xx_hal_msp.o
                0x0000000008002788                HAL_SPI_MspInit
 .text.HAL_UART_MspInit
                0x00000000080028a0      0x150 out_marble/board_support/marble_v2/stm32f2xx_hal_msp.o
                0x00000000080028a0                HAL_UART_MspInit
 .text.NMI_Handler
                0x00000000080029f0        0x2 out_marble/board_support/marble_v2/stm32f2xx_it.o
                0x00000000080029f0                NMI_Handler
 .text.HardFault_Handler
                0x00000000080029f2        0x2 out_marble/board_support/marble_v2/stm32f2xx_it.o
                0x00000000080029f2                HardFault_Handler
 .text.MemManage_Handler
                0x00000000080029f4        0x2 out_marble/board_support/marble_v2/stm32f2xx_it.o
                0x00000000080029f4                MemManage_Handler
 .text.BusFault_Handler
                0x00000000080029f6        0x2 out_marble/board_support/marble_v2/stm32f2xx_it.o
                0x00000000080029f6                BusFault_Handler
 .text.UsageFault_Handler
                0x00000000080029f8        0x2 out_marble/board_support/marble_v2/stm32f2xx_it.o
                0x00000000080029f8                UsageFault_Handler
 .text.SVC_Handler
                0x00000000080029fa        0x2 out_marble/board_support/marble_v2/stm32f2xx_it.o
                0x00000000080029fa                SVC_Handler
 .text.DebugMon_Handler
                0x00000000080029fc        0x2 out_marble/board_support/marble_v2/stm32f2xx_it.o
                0x00000000080029fc                DebugMon_Handler
 .text.PendSV_Handler
                0x00000000080029fe        0x2 out_marble/board_support/marble_v2/stm32f2xx_it.o
                0x00000000080029fe                PendSV_Handler
 .text.USART1_IRQHandler
                0x0000000008002a00        0xc out_marble/board_support/marble_v2/stm32f2xx_it.o
                0x0000000008002a00                USART1_IRQHandler
 .text.USART2_IRQHandler
                0x0000000008002a0c        0xc out_marble/board_support/marble_v2/stm32f2xx_it.o
                0x0000000008002a0c                USART2_IRQHandler
 .text.USART3_IRQHandler
                0x0000000008002a18        0xc out_marble/board_support/marble_v2/stm32f2xx_it.o
                0x0000000008002a18                USART3_IRQHandler
 .text.SystemInit
                0x0000000008002a24       0x40 out_marble/board_support/marble_v2/system_stm32f2xx.o
                0x0000000008002a24                SystemInit
 .text.SPI_CSB_SET
                0x0000000008002a64       0x24 out_marble/board_support/marble_v2/marble_board.o
 .text.SysTick_Handler_dummy
                0x0000000008002a88        0x2 out_marble/board_support/marble_v2/marble_board.o
                0x0000000008002a88                SysTick_Handler_dummy
 .text.FPGA_DONE_dummy
                0x0000000008002a8a        0x2 out_marble/board_support/marble_v2/marble_board.o
                0x0000000008002a8a                FPGA_DONE_dummy
 .text.marble_UART_init
                0x0000000008002a8c       0x50 out_marble/board_support/marble_v2/marble_board.o
                0x0000000008002a8c                marble_UART_init
 .text.marble_UART_send
                0x0000000008002adc       0x18 out_marble/board_support/marble_v2/marble_board.o
                0x0000000008002adc                marble_UART_send
 .text.marble_UART_recv
                0x0000000008002af4       0x28 out_marble/board_support/marble_v2/marble_board.o
                0x0000000008002af4                marble_UART_recv
 .text.marble_LED_set
                0x0000000008002b1c       0x1c out_marble/board_support/marble_v2/marble_board.o
                0x0000000008002b1c                marble_LED_set
 .text.marble_LED_toggle
                0x0000000008002b38       0x18 out_marble/board_support/marble_v2/marble_board.o
                0x0000000008002b38                marble_LED_toggle
 .text.marble_FMC_pwr
                0x0000000008002b50       0x28 out_marble/board_support/marble_v2/marble_board.o
                0x0000000008002b50                marble_FMC_pwr
 .text.marble_FMC_status
                0x0000000008002b78       0x58 out_marble/board_support/marble_v2/marble_board.o
                0x0000000008002b78                marble_FMC_status
 .text.marble_PWR_status
                0x0000000008002bd0       0x40 out_marble/board_support/marble_v2/marble_board.o
                0x0000000008002bd0                marble_PWR_status
 .text.reset_fpga
                0x0000000008002c10       0x28 out_marble/board_support/marble_v2/marble_board.o
                0x0000000008002c10                reset_fpga
 .text.EXTI0_IRQHandler
                0x0000000008002c38        0x6 out_marble/board_support/marble_v2/marble_board.o
                0x0000000008002c38                EXTI0_IRQHandler
 *fill*         0x0000000008002c3e        0x2 
 .text.HAL_GPIO_EXTI_Callback
                0x0000000008002c40       0x10 out_marble/board_support/marble_v2/marble_board.o
                0x0000000008002c40                HAL_GPIO_EXTI_Callback
 .text.marble_GPIOint_init
                0x0000000008002c50       0x38 out_marble/board_support/marble_v2/marble_board.o
                0x0000000008002c50                marble_GPIOint_init
 .text.marble_GPIOint_handlers
                0x0000000008002c88        0xc out_marble/board_support/marble_v2/marble_board.o
                0x0000000008002c88                marble_GPIOint_handlers
 .text.marble_MGTMUX_set
                0x0000000008002c94       0x20 out_marble/board_support/marble_v2/marble_board.o
                0x0000000008002c94                marble_MGTMUX_set
 .text.marble_MGTMUX_status
                0x0000000008002cb4       0x38 out_marble/board_support/marble_v2/marble_board.o
                0x0000000008002cb4                marble_MGTMUX_status
 .text.marble_I2C_probe
                0x0000000008002cec        0xc out_marble/board_support/marble_v2/marble_board.o
                0x0000000008002cec                marble_I2C_probe
 .text.marble_I2C_send
                0x0000000008002cf8       0x12 out_marble/board_support/marble_v2/marble_board.o
                0x0000000008002cf8                marble_I2C_send
 .text.marble_I2C_cmdsend
                0x0000000008002d0a       0x1a out_marble/board_support/marble_v2/marble_board.o
                0x0000000008002d0a                marble_I2C_cmdsend
 .text.marble_I2C_recv
                0x0000000008002d24       0x12 out_marble/board_support/marble_v2/marble_board.o
                0x0000000008002d24                marble_I2C_recv
 .text.marble_I2C_cmdrecv
                0x0000000008002d36       0x1a out_marble/board_support/marble_v2/marble_board.o
                0x0000000008002d36                marble_I2C_cmdrecv
 .text.marble_I2C_cmdsend_a2
                0x0000000008002d50       0x1a out_marble/board_support/marble_v2/marble_board.o
                0x0000000008002d50                marble_I2C_cmdsend_a2
 .text.marble_I2C_cmdrecv_a2
                0x0000000008002d6a       0x1a out_marble/board_support/marble_v2/marble_board.o
                0x0000000008002d6a                marble_I2C_cmdrecv_a2
 .text.marble_SSP_write16
                0x0000000008002d84       0x2a out_marble/board_support/marble_v2/marble_board.o
                0x0000000008002d84                marble_SSP_write16
 .text.marble_SSP_exch16
                0x0000000008002dae       0x32 out_marble/board_support/marble_v2/marble_board.o
                0x0000000008002dae                marble_SSP_exch16
 .text.marble_MDIO_read
                0x0000000008002de0       0x24 out_marble/board_support/marble_v2/marble_board.o
                0x0000000008002de0                marble_MDIO_read
 .text.SysTick_Handler
                0x0000000008002e04       0x1c out_marble/board_support/marble_v2/marble_board.o
                0x0000000008002e04                SysTick_Handler
 .text.marble_SYSTIMER_handler
                0x0000000008002e20        0xc out_marble/board_support/marble_v2/marble_board.o
                0x0000000008002e20                marble_SYSTIMER_handler
 .text.marble_SYSTIMER_ms
                0x0000000008002e2c       0x48 out_marble/board_support/marble_v2/marble_board.o
                0x0000000008002e2c                marble_SYSTIMER_ms
 .text.marble_SLEEP_ms
                0x0000000008002e74        0x4 out_marble/board_support/marble_v2/marble_board.o
                0x0000000008002e74                marble_SLEEP_ms
 .text.SystemClock_Config
                0x0000000008002e78       0x60 out_marble/board_support/marble_v2/marble_board.o
                0x0000000008002e78                SystemClock_Config
 .text.SystemClock_Config_HSI
                0x0000000008002ed8       0x5e out_marble/board_support/marble_v2/marble_board.o
                0x0000000008002ed8                SystemClock_Config_HSI
 *fill*         0x0000000008002f36        0x2 
 .text.marble_PSU_pwr
                0x0000000008002f38       0x38 out_marble/board_support/marble_v2/marble_board.o
                0x0000000008002f38                marble_PSU_pwr
 .text.marble_init
                0x0000000008002f70      0x314 out_marble/board_support/marble_v2/marble_board.o
                0x0000000008002f70                marble_init
 .text.HAL_InitTick
                0x0000000008003284       0x28 out_marble/board_support/marble_v2/STM32F2xx_HAL_Driver/Src/stm32f2xx_hal.o
                0x0000000008003284                HAL_InitTick
 .text.HAL_Init
                0x00000000080032ac       0x34 out_marble/board_support/marble_v2/STM32F2xx_HAL_Driver/Src/stm32f2xx_hal.o
                0x00000000080032ac                HAL_Init
 .text.HAL_IncTick
                0x00000000080032e0       0x10 out_marble/board_support/marble_v2/STM32F2xx_HAL_Driver/Src/stm32f2xx_hal.o
                0x00000000080032e0                HAL_IncTick
 .text.HAL_GetTick
                0x00000000080032f0        0xc out_marble/board_support/marble_v2/STM32F2xx_HAL_Driver/Src/stm32f2xx_hal.o
                0x00000000080032f0                HAL_GetTick
 .text.HAL_Delay
                0x00000000080032fc       0x20 out_marble/board_support/marble_v2/STM32F2xx_HAL_Driver/Src/stm32f2xx_hal.o
                0x00000000080032fc                HAL_Delay
 .text.HAL_NVIC_SetPriorityGrouping
                0x000000000800331c       0x24 out_marble/board_support/marble_v2/STM32F2xx_HAL_Driver/Src/stm32f2xx_hal_cortex.o
                0x000000000800331c                HAL_NVIC_SetPriorityGrouping
 .text.HAL_NVIC_SetPriority
                0x0000000008003340       0x64 out_marble/board_support/marble_v2/STM32F2xx_HAL_Driver/Src/stm32f2xx_hal_cortex.o
                0x0000000008003340                HAL_NVIC_SetPriority
 .text.HAL_NVIC_EnableIRQ
                0x00000000080033a4       0x18 out_marble/board_support/marble_v2/STM32F2xx_HAL_Driver/Src/stm32f2xx_hal_cortex.o
                0x00000000080033a4                HAL_NVIC_EnableIRQ
 .text.HAL_SYSTICK_Config
                0x00000000080033bc       0x28 out_marble/board_support/marble_v2/STM32F2xx_HAL_Driver/Src/stm32f2xx_hal_cortex.o
                0x00000000080033bc                HAL_SYSTICK_Config
 .text.UART_EndRxTransfer
                0x00000000080033e4       0x1a out_marble/board_support/marble_v2/STM32F2xx_HAL_Driver/Src/stm32f2xx_hal_uart.o
 *fill*         0x00000000080033fe        0x2 
 .text.UART_SetConfig
                0x0000000008003400      0x25c out_marble/board_support/marble_v2/STM32F2xx_HAL_Driver/Src/stm32f2xx_hal_uart.o
 .text.UART_WaitOnFlagUntilTimeout.constprop.0
                0x000000000800365c       0x50 out_marble/board_support/marble_v2/STM32F2xx_HAL_Driver/Src/stm32f2xx_hal_uart.o
 .text.HAL_UART_Init
                0x00000000080036ac       0x5c out_marble/board_support/marble_v2/STM32F2xx_HAL_Driver/Src/stm32f2xx_hal_uart.o
                0x00000000080036ac                HAL_UART_Init
 .text.HAL_UART_Transmit
                0x0000000008003708       0xb6 out_marble/board_support/marble_v2/STM32F2xx_HAL_Driver/Src/stm32f2xx_hal_uart.o
                0x0000000008003708                HAL_UART_Transmit
 .text.HAL_UART_Receive
                0x00000000080037be       0xbe out_marble/board_support/marble_v2/STM32F2xx_HAL_Driver/Src/stm32f2xx_hal_uart.o
                0x00000000080037be                HAL_UART_Receive
 .text.HAL_UART_TxCpltCallback
                0x000000000800387c        0x2 out_marble/board_support/marble_v2/STM32F2xx_HAL_Driver/Src/stm32f2xx_hal_uart.o
                0x000000000800387c                HAL_UART_TxCpltCallback
 .text.HAL_UART_RxCpltCallback
                0x000000000800387e        0x2 out_marble/board_support/marble_v2/STM32F2xx_HAL_Driver/Src/stm32f2xx_hal_uart.o
                0x000000000800387e                HAL_UART_RxCpltCallback
 .text.UART_Receive_IT.isra.0
                0x0000000008003880       0x68 out_marble/board_support/marble_v2/STM32F2xx_HAL_Driver/Src/stm32f2xx_hal_uart.o
 .text.HAL_UART_ErrorCallback
                0x00000000080038e8        0x2 out_marble/board_support/marble_v2/STM32F2xx_HAL_Driver/Src/stm32f2xx_hal_uart.o
                0x00000000080038e8                HAL_UART_ErrorCallback
 *fill*         0x00000000080038ea        0x2 
 .text.HAL_UART_IRQHandler
                0x00000000080038ec      0x140 out_marble/board_support/marble_v2/STM32F2xx_HAL_Driver/Src/stm32f2xx_hal_uart.o
                0x00000000080038ec                HAL_UART_IRQHandler
 .text.UART_DMAAbortOnError
                0x0000000008003a2c       0x10 out_marble/board_support/marble_v2/STM32F2xx_HAL_Driver/Src/stm32f2xx_hal_uart.o
 .text.HAL_GPIO_Init
                0x0000000008003a3c      0x1d8 out_marble/board_support/marble_v2/STM32F2xx_HAL_Driver/Src/stm32f2xx_hal_gpio.o
                0x0000000008003a3c                HAL_GPIO_Init
 .text.HAL_GPIO_ReadPin
                0x0000000008003c14        0xc out_marble/board_support/marble_v2/STM32F2xx_HAL_Driver/Src/stm32f2xx_hal_gpio.o
                0x0000000008003c14                HAL_GPIO_ReadPin
 .text.HAL_GPIO_WritePin
                0x0000000008003c20        0xa out_marble/board_support/marble_v2/STM32F2xx_HAL_Driver/Src/stm32f2xx_hal_gpio.o
                0x0000000008003c20                HAL_GPIO_WritePin
 .text.HAL_GPIO_TogglePin
                0x0000000008003c2a        0x8 out_marble/board_support/marble_v2/STM32F2xx_HAL_Driver/Src/stm32f2xx_hal_gpio.o
                0x0000000008003c2a                HAL_GPIO_TogglePin
 *fill*         0x0000000008003c32        0x2 
 .text.HAL_GPIO_EXTI_IRQHandler
                0x0000000008003c34       0x18 out_marble/board_support/marble_v2/STM32F2xx_HAL_Driver/Src/stm32f2xx_hal_gpio.o
                0x0000000008003c34                HAL_GPIO_EXTI_IRQHandler
 .text.HAL_RCC_OscConfig
                0x0000000008003c4c      0x2d0 out_marble/board_support/marble_v2/STM32F2xx_HAL_Driver/Src/stm32f2xx_hal_rcc.o
                0x0000000008003c4c                HAL_RCC_OscConfig
 .text.HAL_RCC_GetSysClockFreq
                0x0000000008003f1c       0x5c out_marble/board_support/marble_v2/STM32F2xx_HAL_Driver/Src/stm32f2xx_hal_rcc.o
                0x0000000008003f1c                HAL_RCC_GetSysClockFreq
 .text.HAL_RCC_ClockConfig
                0x0000000008003f78      0x138 out_marble/board_support/marble_v2/STM32F2xx_HAL_Driver/Src/stm32f2xx_hal_rcc.o
                0x0000000008003f78                HAL_RCC_ClockConfig
 .text.HAL_RCC_GetHCLKFreq
                0x00000000080040b0        0xc out_marble/board_support/marble_v2/STM32F2xx_HAL_Driver/Src/stm32f2xx_hal_rcc.o
                0x00000000080040b0                HAL_RCC_GetHCLKFreq
 .text.HAL_RCC_GetPCLK1Freq
                0x00000000080040bc       0x30 out_marble/board_support/marble_v2/STM32F2xx_HAL_Driver/Src/stm32f2xx_hal_rcc.o
                0x00000000080040bc                HAL_RCC_GetPCLK1Freq
 .text.HAL_RCC_GetPCLK2Freq
                0x00000000080040ec       0x30 out_marble/board_support/marble_v2/STM32F2xx_HAL_Driver/Src/stm32f2xx_hal_rcc.o
                0x00000000080040ec                HAL_RCC_GetPCLK2Freq
 .text.I2C_IsAcknowledgeFailed
                0x000000000800411c       0x28 out_marble/board_support/marble_v2/STM32F2xx_HAL_Driver/Src/stm32f2xx_hal_i2c.o
 .text.I2C_WaitOnFlagUntilTimeout
                0x0000000008004144       0x5c out_marble/board_support/marble_v2/STM32F2xx_HAL_Driver/Src/stm32f2xx_hal_i2c.o
 .text.I2C_WaitOnMasterAddressFlagUntilTimeout
                0x00000000080041a0       0x6a out_marble/board_support/marble_v2/STM32F2xx_HAL_Driver/Src/stm32f2xx_hal_i2c.o
 .text.I2C_WaitOnRXNEFlagUntilTimeout
                0x000000000800420a       0x5a out_marble/board_support/marble_v2/STM32F2xx_HAL_Driver/Src/stm32f2xx_hal_i2c.o
 .text.I2C_WaitOnBTFFlagUntilTimeout
                0x0000000008004264       0x4c out_marble/board_support/marble_v2/STM32F2xx_HAL_Driver/Src/stm32f2xx_hal_i2c.o
 .text.I2C_WaitOnTXEFlagUntilTimeout
                0x00000000080042b0       0x4c out_marble/board_support/marble_v2/STM32F2xx_HAL_Driver/Src/stm32f2xx_hal_i2c.o
 .text.I2C_RequestMemoryWrite
                0x00000000080042fc       0xac out_marble/board_support/marble_v2/STM32F2xx_HAL_Driver/Src/stm32f2xx_hal_i2c.o
 .text.I2C_RequestMemoryRead
                0x00000000080043a8       0xfc out_marble/board_support/marble_v2/STM32F2xx_HAL_Driver/Src/stm32f2xx_hal_i2c.o
 .text.HAL_I2C_Init
                0x00000000080044a4       0xdc out_marble/board_support/marble_v2/STM32F2xx_HAL_Driver/Src/stm32f2xx_hal_i2c.o
                0x00000000080044a4                HAL_I2C_Init
 .text.HAL_I2C_Master_Transmit
                0x0000000008004580      0x1b4 out_marble/board_support/marble_v2/STM32F2xx_HAL_Driver/Src/stm32f2xx_hal_i2c.o
                0x0000000008004580                HAL_I2C_Master_Transmit
 .text.HAL_I2C_Master_Receive
                0x0000000008004734      0x2cc out_marble/board_support/marble_v2/STM32F2xx_HAL_Driver/Src/stm32f2xx_hal_i2c.o
                0x0000000008004734                HAL_I2C_Master_Receive
 .text.HAL_I2C_Mem_Write
                0x0000000008004a00      0x12c out_marble/board_support/marble_v2/STM32F2xx_HAL_Driver/Src/stm32f2xx_hal_i2c.o
                0x0000000008004a00                HAL_I2C_Mem_Write
 .text.HAL_I2C_Mem_Read
                0x0000000008004b2c      0x214 out_marble/board_support/marble_v2/STM32F2xx_HAL_Driver/Src/stm32f2xx_hal_i2c.o
                0x0000000008004b2c                HAL_I2C_Mem_Read
 .text.HAL_I2C_IsDeviceReady
                0x0000000008004d40      0x160 out_marble/board_support/marble_v2/STM32F2xx_HAL_Driver/Src/stm32f2xx_hal_i2c.o
                0x0000000008004d40                HAL_I2C_IsDeviceReady
 .text.ETH_MACDMAConfig
                0x0000000008004ea0       0xec out_marble/board_support/marble_v2/STM32F2xx_HAL_Driver/Src/stm32f2xx_hal_eth.o
 .text.HAL_ETH_ReadPHYRegister
                0x0000000008004f8c       0x74 out_marble/board_support/marble_v2/STM32F2xx_HAL_Driver/Src/stm32f2xx_hal_eth.o
                0x0000000008004f8c                HAL_ETH_ReadPHYRegister
 .text.HAL_ETH_WritePHYRegister
                0x0000000008005000       0x6e out_marble/board_support/marble_v2/STM32F2xx_HAL_Driver/Src/stm32f2xx_hal_eth.o
                0x0000000008005000                HAL_ETH_WritePHYRegister
 *fill*         0x000000000800506e        0x2 
 .text.HAL_ETH_Init
                0x0000000008005070      0x1e4 out_marble/board_support/marble_v2/STM32F2xx_HAL_Driver/Src/stm32f2xx_hal_eth.o
                0x0000000008005070                HAL_ETH_Init
 .text.SPI_WaitFlagStateUntilTimeout
                0x0000000008005254       0x8c out_marble/board_support/marble_v2/STM32F2xx_HAL_Driver/Src/stm32f2xx_hal_spi.o
 .text.SPI_CheckFlag_BSY
                0x00000000080052e0       0x20 out_marble/board_support/marble_v2/STM32F2xx_HAL_Driver/Src/stm32f2xx_hal_spi.o
 .text.HAL_SPI_Init
                0x0000000008005300       0x7a out_marble/board_support/marble_v2/STM32F2xx_HAL_Driver/Src/stm32f2xx_hal_spi.o
                0x0000000008005300                HAL_SPI_Init
 .text.HAL_SPI_Transmit
                0x000000000800537a      0x15e out_marble/board_support/marble_v2/STM32F2xx_HAL_Driver/Src/stm32f2xx_hal_spi.o
                0x000000000800537a                HAL_SPI_Transmit
 .text.HAL_SPI_TransmitReceive
                0x00000000080054d8      0x1e4 out_marble/board_support/marble_v2/STM32F2xx_HAL_Driver/Src/stm32f2xx_hal_spi.o
                0x00000000080054d8                HAL_SPI_TransmitReceive
 .text.HAL_DMA_Abort_IT
                0x00000000080056bc       0x24 out_marble/board_support/marble_v2/STM32F2xx_HAL_Driver/Src/stm32f2xx_hal_dma.o
                0x00000000080056bc                HAL_DMA_Abort_IT
 .text.get_max6639_reg
                0x00000000080056e0       0x28 out_marble/src/i2c_pm.o
 .text.xrp_reg_write
                0x0000000008005708       0x40 out_marble/src/i2c_pm.o
 .text.xrp_reg_write_check
                0x0000000008005748       0x68 out_marble/src/i2c_pm.o
 .text.I2C_PM_scan
                0x00000000080057b0       0x4c out_marble/src/i2c_pm.o
                0x00000000080057b0                I2C_PM_scan
 .text.print_max6639
                0x00000000080057fc       0x64 out_marble/src/i2c_pm.o
                0x00000000080057fc                print_max6639
 .text.LM75_read
                0x0000000008005860       0x5c out_marble/src/i2c_pm.o
                0x0000000008005860                LM75_read
 .text.LM75_write
                0x00000000080058bc       0x64 out_marble/src/i2c_pm.o
                0x00000000080058bc                LM75_write
 .text.LM75_print
                0x0000000008005920       0xa4 out_marble/src/i2c_pm.o
                0x0000000008005920                LM75_print
 .text.I2C_PM_probe
                0x00000000080059c4       0xb4 out_marble/src/i2c_pm.o
                0x00000000080059c4                I2C_PM_probe
 .text.xrp_set2
                0x0000000008005a78       0x84 out_marble/src/i2c_pm.o
                0x0000000008005a78                xrp_set2
 .text.xrp_read2
                0x0000000008005afc       0x3c out_marble/src/i2c_pm.o
                0x0000000008005afc                xrp_read2
 .text.xrp_process_flash
                0x0000000008005b38      0x12c out_marble/src/i2c_pm.o
 .text.xrp_dump
                0x0000000008005c64       0x84 out_marble/src/i2c_pm.o
                0x0000000008005c64                xrp_dump
 .text.xrp_ch_status
                0x0000000008005ce8       0x38 out_marble/src/i2c_pm.o
                0x0000000008005ce8                xrp_ch_status
 .text.xrp_push_low
                0x0000000008005d20      0x180 out_marble/src/i2c_pm.o
                0x0000000008005d20                xrp_push_low
 .text.xrp_flash
                0x0000000008005ea0       0xf4 out_marble/src/i2c_pm.o
                0x0000000008005ea0                xrp_flash
 .text.xrp_go   0x0000000008005f94       0x74 out_marble/src/i2c_pm.o
                0x0000000008005f94                xrp_go
 .text.xrp_hex_in
                0x0000000008006008       0x80 out_marble/src/i2c_pm.o
                0x0000000008006008                xrp_hex_in
 .text.wireReadRegister
                0x0000000008006088       0x50 out_marble/src/i2c_fpga.o
 .text.switch_i2c_bus.part.0
                0x00000000080060d8       0x24 out_marble/src/i2c_fpga.o
 .text.switch_i2c_bus
                0x00000000080060fc        0xa out_marble/src/i2c_fpga.o
                0x00000000080060fc                switch_i2c_bus
 *fill*         0x0000000008006106        0x2 
 .text.I2C_FPGA_scan
                0x0000000008006108       0x70 out_marble/src/i2c_fpga.o
                0x0000000008006108                I2C_FPGA_scan
 .text.ina219_debug
                0x0000000008006178       0x70 out_marble/src/i2c_fpga.o
                0x0000000008006178                ina219_debug
 .text.adn4600_init
                0x00000000080061e8      0x144 out_marble/src/i2c_fpga.o
                0x00000000080061e8                adn4600_init
 .text.adn4600_printStatus
                0x000000000800632c       0x3c out_marble/src/i2c_fpga.o
                0x000000000800632c                adn4600_printStatus
 .text.pca9555_status
                0x0000000008006368       0x5c out_marble/src/i2c_fpga.o
                0x0000000008006368                pca9555_status
 .text.pca9555_config
                0x00000000080063c4      0x114 out_marble/src/i2c_fpga.o
                0x00000000080063c4                pca9555_config
 .text.mbox_set_page
                0x00000000080064d8       0x24 out_marble/src/mailbox.o
 .text.mbox_read_page
                0x00000000080064fc       0x3c out_marble/src/mailbox.o
 .text.mbox_update
                0x0000000008006538      0x158 out_marble/src/mailbox.o
                0x0000000008006538                mbox_update
 .text.mbox_peek
                0x0000000008006690       0x64 out_marble/src/mailbox.o
                0x0000000008006690                mbox_peek
 .text.push_fpga_mac_ip
                0x00000000080066f4       0x70 out_marble/src/mailbox.o
                0x00000000080066f4                push_fpga_mac_ip
 .text.phy_print
                0x0000000008006764       0x24 out_marble/src/phy_mdio.o
                0x0000000008006764                phy_print
 .text.xrp_srecord
                0x0000000008006788       0xd8 out_marble/src/hexrec.o
                0x0000000008006788                xrp_srecord
 .text.xrp_program_static
                0x0000000008006860       0x34 out_marble/src/hexrec.o
                0x0000000008006860                xrp_program_static
 .text.xrp_file
                0x0000000008006894       0xdc out_marble/src/hexrec.o
                0x0000000008006894                xrp_file
 .text._read    0x0000000008006970       0x1a out_marble/src/syscalls.o
                0x0000000008006970                _read
 .text._write   0x000000000800698a       0x1a out_marble/src/syscalls.o
                0x000000000800698a                _write
 .text._sbrk    0x00000000080069a4       0x34 out_marble/src/syscalls.o
                0x00000000080069a4                _sbrk
 .text._close   0x00000000080069d8        0x6 out_marble/src/syscalls.o
                0x00000000080069d8                _close
 .text._fstat   0x00000000080069de        0xa out_marble/src/syscalls.o
                0x00000000080069de                _fstat
 .text._isatty  0x00000000080069e8        0x4 out_marble/src/syscalls.o
                0x00000000080069e8                _isatty
 .text._lseek   0x00000000080069ec        0x4 out_marble/src/syscalls.o
                0x00000000080069ec                _lseek
 .text.fpga_done_handler
                0x00000000080069f0       0x18 out_marble/src/main.o
 .text.timer_int_handler
                0x0000000008006a08       0x70 out_marble/src/main.o
 .text.xrp_boot
                0x0000000008006a78       0x3c out_marble/src/main.o
 .text.print_mac_ip.constprop.0
                0x0000000008006ab4       0x78 out_marble/src/main.o
 .text.startup.main
                0x0000000008006b2c      0x38c out_marble/src/main.o
                0x0000000008006b2c                main
 .text.__io_putchar
                0x0000000008006eb8       0x14 out_marble/src/main.o
                0x0000000008006eb8                __io_putchar
 *(.glue_7)
 .glue_7        0x0000000008006ecc        0x0 linker stubs
 *(.glue_7t)
 .glue_7t       0x0000000008006ecc        0x0 linker stubs
 *(.eh_frame)
 .eh_frame      0x0000000008006ecc        0x0 /usr/lib/gcc/arm-none-eabi/9.2.1/thumb/v7-m/nofp/crtbegin.o
 *(.init)
 .init          0x0000000008006ecc        0x4 /usr/lib/gcc/arm-none-eabi/9.2.1/thumb/v7-m/nofp/crti.o
                0x0000000008006ecc                _init
 .init          0x0000000008006ed0        0x8 /usr/lib/gcc/arm-none-eabi/9.2.1/thumb/v7-m/nofp/crtn.o
 *(.fini)
 .fini          0x0000000008006ed8        0x4 /usr/lib/gcc/arm-none-eabi/9.2.1/thumb/v7-m/nofp/crti.o
                0x0000000008006ed8                _fini
 .fini          0x0000000008006edc        0x8 /usr/lib/gcc/arm-none-eabi/9.2.1/thumb/v7-m/nofp/crtn.o
                0x0000000008006ee4                . = ALIGN (0x4)
                0x0000000008006ee4                _etext = .

.vfp11_veneer   0x0000000008006ee4        0x0
 .vfp11_veneer  0x0000000008006ee4        0x0 linker stubs

.v4_bx          0x0000000008006ee4        0x0
 .v4_bx         0x0000000008006ee4        0x0 linker stubs

.iplt           0x0000000008006ee4        0x0
 .iplt          0x0000000008006ee4        0x0 /usr/lib/gcc/arm-none-eabi/9.2.1/thumb/v7-m/nofp/crtbegin.o

.rodata         0x0000000008006ee4     0x1330
                0x0000000008006ee4                . = ALIGN (0x4)
 *(.rodata)
 .rodata        0x0000000008006ee4        0x4 /usr/lib/gcc/arm-none-eabi/9.2.1/../../../arm-none-eabi/lib/thumb/v7-m/nofp/libc_nano.a(lib_a-impure.o)
                0x0000000008006ee4                _global_impure_ptr
 .rodata        0x0000000008006ee8      0x251 out_marble/src/i2c_pm.o
 *fill*         0x0000000008007139        0x3 
 .rodata        0x000000000800713c      0x344 out_marble/src/hexrec.o
 .rodata        0x0000000008007480       0x60 /usr/lib/gcc/arm-none-eabi/9.2.1/../../../arm-none-eabi/lib/thumb/v7-m/nofp/libg_nano.a(lib_a-findfp.o)
                0x0000000008007480                __sf_fake_stderr
                0x00000000080074a0                __sf_fake_stdout
                0x00000000080074c0                __sf_fake_stdin
 *(.rodata*)
 .rodata.AHBPrescTable
                0x00000000080074e0       0x10 out_marble/board_support/marble_v2/system_stm32f2xx.o
                0x00000000080074e0                AHBPrescTable
 .rodata.APBPrescTable
                0x00000000080074f0        0x8 out_marble/board_support/marble_v2/system_stm32f2xx.o
                0x00000000080074f0                APBPrescTable
 .rodata.marble_MDIO_read.str1.1
                0x00000000080074f8       0x15 out_marble/board_support/marble_v2/marble_board.o
 .rodata.marble_init.str1.1
                0x000000000800750d       0x18 out_marble/board_support/marble_v2/marble_board.o
 .rodata.ledpins
                0x0000000008007525        0x3 out_marble/board_support/marble_v2/marble_board.o
 .rodata.mgtmux_pins
                0x0000000008007528        0x6 out_marble/board_support/marble_v2/marble_board.o
 .rodata.str1.1
                0x000000000800752e       0xd8 out_marble/src/i2c_pm.o
                                         0xdf (size before relaxing)
 .rodata.xrp_reg_write.str1.1
                0x0000000008007606       0x2c out_marble/src/i2c_pm.o
 .rodata.xrp_reg_write_check.str1.1
                0x0000000008007632       0x42 out_marble/src/i2c_pm.o
 .rodata.I2C_PM_scan.str1.1
                0x0000000008007674       0x1d out_marble/src/i2c_pm.o
                                         0x1f (size before relaxing)
 .rodata.print_max6639.str1.1
                0x0000000008007691       0x22 out_marble/src/i2c_pm.o
                                         0x25 (size before relaxing)
 .rodata.LM75_print.str1.1
                0x00000000080076b3       0x2e out_marble/src/i2c_pm.o
 .rodata.xrp_set2.str1.1
                0x00000000080076e1       0x61 out_marble/src/i2c_pm.o
 .rodata.xrp_read2.str1.1
                0x0000000008007742       0x24 out_marble/src/i2c_pm.o
 .rodata.xrp_process_flash.str1.1
                0x0000000008007766       0x98 out_marble/src/i2c_pm.o
 .rodata.xrp_dump.str1.1
                0x00000000080077fe       0x5c out_marble/src/i2c_pm.o
 .rodata.xrp_push_low.str1.1
                0x000000000800785a       0x9e out_marble/src/i2c_pm.o
                                         0xa2 (size before relaxing)
 .rodata.xrp_flash.str1.1
                0x00000000080078f8       0xc4 out_marble/src/i2c_pm.o
 .rodata.xrp_go.str1.1
                0x00000000080079bc       0x5f out_marble/src/i2c_pm.o
 .rodata.xrp_hex_in.str1.1
                0x0000000008007a1b       0x7b out_marble/src/i2c_pm.o
 .rodata.i2c_list
                0x0000000008007a96        0x4 out_marble/src/i2c_pm.o
 .rodata.i2c_nok
                0x0000000008007a9a       0x1c out_marble/src/i2c_pm.o
                0x0000000008007a9a                i2c_nok
 .rodata.i2c_ok
                0x0000000008007ab6       0x18 out_marble/src/i2c_pm.o
                0x0000000008007ab6                i2c_ok
 .rodata.i2c_ret
                0x0000000008007ace        0x7 out_marble/src/i2c_pm.o
                0x0000000008007ace                i2c_ret
 .rodata.rlist.5109
                0x0000000008007ad5        0x4 out_marble/src/i2c_pm.o
 .rodata.I2C_FPGA_scan.str1.1
                0x0000000008007ad9       0x30 out_marble/src/i2c_fpga.o
                                         0x39 (size before relaxing)
 .rodata.ina219_debug.str1.1
                0x0000000008007b09       0x44 out_marble/src/i2c_fpga.o
 .rodata.adn4600_init.str1.1
                0x0000000008007b4d       0xa1 out_marble/src/i2c_fpga.o
 .rodata.adn4600_printStatus.str1.1
                0x0000000008007bee       0x3e out_marble/src/i2c_fpga.o
 .rodata.pca9555_status.str1.1
                0x0000000008007c2c       0x38 out_marble/src/i2c_fpga.o
 .rodata.pca9555_config.str1.1
                0x0000000008007c64       0x61 out_marble/src/i2c_fpga.o
 .rodata.mbox_update.str1.1
                0x0000000008007cc5       0x4a out_marble/src/mailbox.o
                                         0x53 (size before relaxing)
 .rodata.mbox_peek.str1.1
                0x0000000008007d0f       0x20 out_marble/src/mailbox.o
 .rodata.phy_print.str1.1
                0x0000000008007d2f       0x18 out_marble/src/phy_mdio.o
 .rodata.xrp_srecord.str1.1
                0x0000000008007d47       0x65 out_marble/src/hexrec.o
                                         0x69 (size before relaxing)
 .rodata.xrp_file.str1.1
                0x0000000008007dac       0x31 out_marble/src/hexrec.o
 .rodata.xrp_boot.str1.1
                0x0000000008007ddd       0x26 out_marble/src/main.o
 .rodata.print_mac_ip.constprop.0.str1.1
                0x0000000008007e03       0x1b out_marble/src/main.o
                                         0x1d (size before relaxing)
 .rodata.main.str1.1
                0x0000000008007e1e      0x1bd out_marble/src/main.o
                                        0x1c6 (size before relaxing)
 .rodata.str1.1
                0x0000000008007fdb      0x1d4 out_marble/src/main.o
                                        0x1d7 (size before relaxing)
 .rodata.demo_str
                0x00000000080081af       0x16 out_marble/src/main.o
                0x00000000080081af                demo_str
 .rodata.unk_str
                0x00000000080081c5       0x13 out_marble/src/main.o
                0x00000000080081c5                unk_str
 .rodata.str1.4
                0x00000000080081d8       0x13 /usr/lib/gcc/arm-none-eabi/9.2.1/../../../arm-none-eabi/lib/thumb/v7-m/nofp/libg_nano.a(lib_a-nano-svfprintf.o)
 .rodata.str1.4
                0x00000000080081eb       0x13 /usr/lib/gcc/arm-none-eabi/9.2.1/../../../arm-none-eabi/lib/thumb/v7-m/nofp/libg_nano.a(lib_a-nano-vfprintf.o)
 *fill*         0x00000000080081eb        0x1 
 .rodata.str1.4
                0x00000000080081ec       0x25 /usr/lib/gcc/arm-none-eabi/9.2.1/../../../arm-none-eabi/lib/thumb/v7-m/nofp/libg_nano.a(lib_a-nano-vfprintf_i.o)
                0x0000000008008214                . = ALIGN (0x4)
 *fill*         0x0000000008008211        0x3 

.ARM.extab
 *(.ARM.extab* .gnu.linkonce.armextab.*)

.ARM            0x0000000008008214        0x8
                0x0000000008008214                __exidx_start = .
 *(.ARM.exidx*)
 .ARM.exidx     0x0000000008008214        0x8 /usr/lib/gcc/arm-none-eabi/9.2.1/thumb/v7-m/nofp/libgcc.a(_udivmoddi4.o)
                0x000000000800821c                __exidx_end = .

.rel.dyn        0x000000000800821c        0x0
 .rel.iplt      0x000000000800821c        0x0 /usr/lib/gcc/arm-none-eabi/9.2.1/thumb/v7-m/nofp/crtbegin.o

.preinit_array  0x000000000800821c        0x0
                0x000000000800821c                PROVIDE (__preinit_array_start = .)
 *(.preinit_array*)
                0x000000000800821c                PROVIDE (__preinit_array_end = .)

.init_array     0x000000000800821c        0x4
                0x000000000800821c                PROVIDE (__init_array_start = .)
 *(SORT_BY_NAME(.init_array.*))
 *(.init_array*)
 .init_array    0x000000000800821c        0x4 /usr/lib/gcc/arm-none-eabi/9.2.1/thumb/v7-m/nofp/crtbegin.o
                0x0000000008008220                PROVIDE (__init_array_end = .)

.fini_array     0x0000000008008220        0x4
                0x0000000008008220                PROVIDE (__fini_array_start = .)
 *(SORT_BY_NAME(.fini_array.*))
 *(.fini_array*)
 .fini_array    0x0000000008008220        0x4 /usr/lib/gcc/arm-none-eabi/9.2.1/thumb/v7-m/nofp/crtbegin.o
                0x0000000008008224                PROVIDE (__fini_array_end = .)
                0x0000000008008224                _sidata = LOADADDR (.data)

.data           0x0000000020000000       0xe4 load address 0x0000000008008224
                0x0000000020000000                . = ALIGN (0x4)
                0x0000000020000000                _sdata = .
 *(.data)
 .data          0x0000000020000000       0x64 /usr/lib/gcc/arm-none-eabi/9.2.1/../../../arm-none-eabi/lib/thumb/v7-m/nofp/libc_nano.a(lib_a-impure.o)
                0x0000000020000000                _impure_ptr
 *(.data*)
 .data.SystemCoreClock
                0x0000000020000064        0x4 out_marble/board_support/marble_v2/system_stm32f2xx.o
                0x0000000020000064                SystemCoreClock
 .data.marble_FPGA_DONE_handler
                0x0000000020000068        0x4 out_marble/board_support/marble_v2/marble_board.o
                0x0000000020000068                marble_FPGA_DONE_handler
 .data.marble_SysTick_Handler
                0x000000002000006c        0x4 out_marble/board_support/marble_v2/marble_board.o
                0x000000002000006c                marble_SysTick_Handler
 .data.mac_ip_data
                0x0000000020000070        0xa out_marble/src/main.o
                0x0000000020000070                mac_ip_data
 *fill*         0x000000002000007a        0x2 
 .data.menu_str
                0x000000002000007c       0x64 out_marble/src/main.o
                0x000000002000007c                menu_str
 .data.systimer_ms
                0x00000000200000e0        0x4 out_marble/src/main.o
                0x00000000200000e4                . = ALIGN (0x4)
                0x00000000200000e4                _edata = .

.tm_clone_table
                0x00000000200000e4        0x0 load address 0x0000000008008308
 .tm_clone_table
                0x00000000200000e4        0x0 /usr/lib/gcc/arm-none-eabi/9.2.1/thumb/v7-m/nofp/crtbegin.o
 .tm_clone_table
                0x00000000200000e4        0x0 /usr/lib/gcc/arm-none-eabi/9.2.1/thumb/v7-m/nofp/crtend.o

.igot.plt       0x00000000200000e4        0x0 load address 0x0000000008008308
 .igot.plt      0x00000000200000e4        0x0 /usr/lib/gcc/arm-none-eabi/9.2.1/thumb/v7-m/nofp/crtbegin.o
                0x00000000200000e4                . = ALIGN (0x4)

.bss            0x00000000200000e4      0x2bc load address 0x0000000008008308
                0x00000000200000e4                _sbss = .
                0x00000000200000e4                __bss_start__ = _sbss
 *(.bss)
 .bss           0x00000000200000e4       0x1c /usr/lib/gcc/arm-none-eabi/9.2.1/thumb/v7-m/nofp/crtbegin.o
 .bss           0x0000000020000100        0x8 /usr/lib/gcc/arm-none-eabi/9.2.1/../../../arm-none-eabi/lib/thumb/v7-m/nofp/libg_nano.a(lib_a-nano-mallocr.o)
                0x0000000020000100                __malloc_free_list
                0x0000000020000104                __malloc_sbrk_start
 *(.bss*)
 .bss.I2C_FPGA  0x0000000020000108        0x4 out_marble/board_support/marble_v2/marble_board.o
                0x0000000020000108                I2C_FPGA
 .bss.I2C_PM    0x000000002000010c        0x4 out_marble/board_support/marble_v2/marble_board.o
                0x000000002000010c                I2C_PM
 .bss.SSP_FPGA  0x0000000020000110        0x4 out_marble/board_support/marble_v2/marble_board.o
                0x0000000020000110                SSP_FPGA
 .bss.SSP_PMOD  0x0000000020000114        0x4 out_marble/board_support/marble_v2/marble_board.o
                0x0000000020000114                SSP_PMOD
 .bss.heth      0x0000000020000118       0x48 out_marble/board_support/marble_v2/marble_board.o
                0x0000000020000118                heth
 .bss.hi2c1     0x0000000020000160       0x54 out_marble/board_support/marble_v2/marble_board.o
                0x0000000020000160                hi2c1
 .bss.hi2c3     0x00000000200001b4       0x54 out_marble/board_support/marble_v2/marble_board.o
                0x00000000200001b4                hi2c3
 .bss.hspi1     0x0000000020000208       0x58 out_marble/board_support/marble_v2/marble_board.o
                0x0000000020000208                hspi1
 .bss.hspi2     0x0000000020000260       0x58 out_marble/board_support/marble_v2/marble_board.o
                0x0000000020000260                hspi2
 .bss.huart1    0x00000000200002b8       0x40 out_marble/board_support/marble_v2/marble_board.o
                0x00000000200002b8                huart1
 .bss.huart2    0x00000000200002f8       0x40 out_marble/board_support/marble_v2/marble_board.o
                0x00000000200002f8                huart2
 .bss.huart3    0x0000000020000338       0x40 out_marble/board_support/marble_v2/marble_board.o
                0x0000000020000338                huart3
 .bss.uwTick    0x0000000020000378        0x4 out_marble/board_support/marble_v2/STM32F2xx_HAL_Driver/Src/stm32f2xx_hal.o
                0x0000000020000378                uwTick
 .bss.count.5012
                0x000000002000037c        0x2 out_marble/src/mailbox.o
 *fill*         0x000000002000037e        0x2 
 .bss.heap_end.0
                0x0000000020000380        0x4 out_marble/src/syscalls.o
 .bss.fpga_net_prog_pend
                0x0000000020000384        0x4 out_marble/src/main.o
                0x0000000020000384                fpga_net_prog_pend
 .bss.fpga_prog_cnt
                0x0000000020000388        0x4 out_marble/src/main.o
                0x0000000020000388                fpga_prog_cnt
 .bss.led_cnt.5184
                0x000000002000038c        0x2 out_marble/src/main.o
 *fill*         0x000000002000038e        0x2 
 .bss.live_cnt  0x0000000020000390        0x4 out_marble/src/main.o
                0x0000000020000390                live_cnt
 .bss.spi_ms_cnt.5185
                0x0000000020000394        0x4 out_marble/src/main.o
 .bss.spi_update
                0x0000000020000398        0x1 out_marble/src/main.o
 *(COMMON)
 *fill*         0x0000000020000399        0x3 
 COMMON         0x000000002000039c        0x4 /usr/lib/gcc/arm-none-eabi/9.2.1/../../../arm-none-eabi/lib/thumb/v7-m/nofp/libg_nano.a(lib_a-reent.o)
                0x000000002000039c                errno
                0x00000000200003a0                . = ALIGN (0x4)
                0x00000000200003a0                _ebss = .
                0x00000000200003a0                __bss_end__ = _ebss

._user_heap_stack
                0x00000000200003a0      0x600 load address 0x0000000008008308
                0x00000000200003a0                . = ALIGN (0x8)
                0x00000000200003a0                PROVIDE (end = .)
                [!provide]                        PROVIDE (_end = .)
                0x00000000200005a0                . = (. + _Min_Heap_Size)
 *fill*         0x00000000200003a0      0x200 
                0x00000000200009a0                . = (. + _Min_Stack_Size)
 *fill*         0x00000000200005a0      0x400 
                0x00000000200009a0                . = ALIGN (0x8)

/DISCARD/
 libc.a(*)
 libm.a(*)
 libgcc.a(*)

.ARM.attributes
                0x0000000000000000       0x29
 *(.ARM.attributes)
 .ARM.attributes
                0x0000000000000000       0x1d /usr/lib/gcc/arm-none-eabi/9.2.1/thumb/v7-m/nofp/crti.o
 .ARM.attributes
                0x000000000000001d       0x2d /usr/lib/gcc/arm-none-eabi/9.2.1/thumb/v7-m/nofp/crtbegin.o
 .ARM.attributes
                0x000000000000004a       0x2d /usr/lib/gcc/arm-none-eabi/9.2.1/../../../arm-none-eabi/lib/thumb/v7-m/nofp/libc_nano.a(lib_a-impure.o)
 .ARM.attributes
                0x0000000000000077       0x2d /usr/lib/gcc/arm-none-eabi/9.2.1/../../../arm-none-eabi/lib/thumb/v7-m/nofp/libc_nano.a(lib_a-init.o)
 .ARM.attributes
                0x00000000000000a4       0x2d /usr/lib/gcc/arm-none-eabi/9.2.1/../../../arm-none-eabi/lib/thumb/v7-m/nofp/libc_nano.a(lib_a-memset.o)
 .ARM.attributes
                0x00000000000000d1       0x21 out_marble/board_support/marble_v2/startup_stm32f207xx.o
 .ARM.attributes
                0x00000000000000f2       0x2d out_marble/board_support/marble_v2/stm32f2xx_hal_msp.o
 .ARM.attributes
                0x000000000000011f       0x2d out_marble/board_support/marble_v2/stm32f2xx_it.o
 .ARM.attributes
                0x000000000000014c       0x2d out_marble/board_support/marble_v2/system_stm32f2xx.o
 .ARM.attributes
                0x0000000000000179       0x2d out_marble/board_support/marble_v2/marble_board.o
 .ARM.attributes
                0x00000000000001a6       0x2d out_marble/board_support/marble_v2/STM32F2xx_HAL_Driver/Src/stm32f2xx_hal.o
 .ARM.attributes
                0x00000000000001d3       0x2d out_marble/board_support/marble_v2/STM32F2xx_HAL_Driver/Src/stm32f2xx_hal_cortex.o
 .ARM.attributes
                0x0000000000000200       0x2d out_marble/board_support/marble_v2/STM32F2xx_HAL_Driver/Src/stm32f2xx_hal_uart.o
 .ARM.attributes
                0x000000000000022d       0x2d out_marble/board_support/marble_v2/STM32F2xx_HAL_Driver/Src/stm32f2xx_hal_gpio.o
 .ARM.attributes
                0x000000000000025a       0x2d out_marble/board_support/marble_v2/STM32F2xx_HAL_Driver/Src/stm32f2xx_hal_rcc.o
 .ARM.attributes
                0x0000000000000287       0x2d out_marble/board_support/marble_v2/STM32F2xx_HAL_Driver/Src/stm32f2xx_hal_i2c.o
 .ARM.attributes
                0x00000000000002b4       0x2d out_marble/board_support/marble_v2/STM32F2xx_HAL_Driver/Src/stm32f2xx_hal_eth.o
 .ARM.attributes
                0x00000000000002e1       0x2d out_marble/board_support/marble_v2/STM32F2xx_HAL_Driver/Src/stm32f2xx_hal_spi.o
 .ARM.attributes
                0x000000000000030e       0x2d out_marble/board_support/marble_v2/STM32F2xx_HAL_Driver/Src/stm32f2xx_hal_dma.o
 .ARM.attributes
                0x000000000000033b       0x2d out_marble/src/i2c_pm.o
 .ARM.attributes
                0x0000000000000368       0x2d out_marble/src/i2c_fpga.o
 .ARM.attributes
                0x0000000000000395       0x2d out_marble/src/mailbox.o
 .ARM.attributes
                0x00000000000003c2       0x2d out_marble/src/phy_mdio.o
 .ARM.attributes
                0x00000000000003ef       0x2d out_marble/src/hexrec.o
 .ARM.attributes
                0x000000000000041c       0x2d out_marble/src/syscalls.o
 .ARM.attributes
                0x0000000000000449       0x2d out_marble/src/main.o
 .ARM.attributes
                0x0000000000000476       0x1d /usr/lib/gcc/arm-none-eabi/9.2.1/thumb/v7-m/nofp/libgcc.a(_aeabi_uldivmod.o)
 .ARM.attributes
                0x0000000000000493       0x2d /usr/lib/gcc/arm-none-eabi/9.2.1/thumb/v7-m/nofp/libgcc.a(_udivmoddi4.o)
 .ARM.attributes
                0x00000000000004c0       0x1d /usr/lib/gcc/arm-none-eabi/9.2.1/thumb/v7-m/nofp/libgcc.a(_dvmd_tls.o)
 .ARM.attributes
                0x00000000000004dd       0x1b /usr/lib/gcc/arm-none-eabi/9.2.1/../../../arm-none-eabi/lib/thumb/v7-m/nofp/libg_nano.a(lib_a-memcpy.o)
 .ARM.attributes
                0x00000000000004f8       0x2d /usr/lib/gcc/arm-none-eabi/9.2.1/../../../arm-none-eabi/lib/thumb/v7-m/nofp/libg_nano.a(lib_a-printf.o)
 .ARM.attributes
                0x0000000000000525       0x2d /usr/lib/gcc/arm-none-eabi/9.2.1/../../../arm-none-eabi/lib/thumb/v7-m/nofp/libg_nano.a(lib_a-putchar.o)
 .ARM.attributes
                0x0000000000000552       0x2d /usr/lib/gcc/arm-none-eabi/9.2.1/../../../arm-none-eabi/lib/thumb/v7-m/nofp/libg_nano.a(lib_a-puts.o)
 .ARM.attributes
                0x000000000000057f       0x2d /usr/lib/gcc/arm-none-eabi/9.2.1/../../../arm-none-eabi/lib/thumb/v7-m/nofp/libg_nano.a(lib_a-reent.o)
 .ARM.attributes
                0x00000000000005ac       0x2d /usr/lib/gcc/arm-none-eabi/9.2.1/../../../arm-none-eabi/lib/thumb/v7-m/nofp/libg_nano.a(lib_a-snprintf.o)
 .ARM.attributes
                0x00000000000005d9       0x2d /usr/lib/gcc/arm-none-eabi/9.2.1/../../../arm-none-eabi/lib/thumb/v7-m/nofp/libg_nano.a(lib_a-strlen-stub.o)
 .ARM.attributes
                0x0000000000000606       0x2d /usr/lib/gcc/arm-none-eabi/9.2.1/../../../arm-none-eabi/lib/thumb/v7-m/nofp/libg_nano.a(lib_a-wbuf.o)
 .ARM.attributes
                0x0000000000000633       0x2d /usr/lib/gcc/arm-none-eabi/9.2.1/../../../arm-none-eabi/lib/thumb/v7-m/nofp/libg_nano.a(lib_a-wsetup.o)
 .ARM.attributes
                0x0000000000000660       0x2d /usr/lib/gcc/arm-none-eabi/9.2.1/../../../arm-none-eabi/lib/thumb/v7-m/nofp/libg_nano.a(lib_a-fflush.o)
 .ARM.attributes
                0x000000000000068d       0x2d /usr/lib/gcc/arm-none-eabi/9.2.1/../../../arm-none-eabi/lib/thumb/v7-m/nofp/libg_nano.a(lib_a-findfp.o)
 .ARM.attributes
                0x00000000000006ba       0x2d /usr/lib/gcc/arm-none-eabi/9.2.1/../../../arm-none-eabi/lib/thumb/v7-m/nofp/libg_nano.a(lib_a-fwalk.o)
 .ARM.attributes
                0x00000000000006e7       0x2d /usr/lib/gcc/arm-none-eabi/9.2.1/../../../arm-none-eabi/lib/thumb/v7-m/nofp/libg_nano.a(lib_a-makebuf.o)
 .ARM.attributes
                0x0000000000000714       0x2d /usr/lib/gcc/arm-none-eabi/9.2.1/../../../arm-none-eabi/lib/thumb/v7-m/nofp/libg_nano.a(lib_a-nano-freer.o)
 .ARM.attributes
                0x0000000000000741       0x2d /usr/lib/gcc/arm-none-eabi/9.2.1/../../../arm-none-eabi/lib/thumb/v7-m/nofp/libg_nano.a(lib_a-nano-mallocr.o)
 .ARM.attributes
                0x000000000000076e       0x2d /usr/lib/gcc/arm-none-eabi/9.2.1/../../../arm-none-eabi/lib/thumb/v7-m/nofp/libg_nano.a(lib_a-nano-svfprintf.o)
 .ARM.attributes
                0x000000000000079b       0x2d /usr/lib/gcc/arm-none-eabi/9.2.1/../../../arm-none-eabi/lib/thumb/v7-m/nofp/libg_nano.a(lib_a-nano-vfprintf.o)
 .ARM.attributes
                0x00000000000007c8       0x2d /usr/lib/gcc/arm-none-eabi/9.2.1/../../../arm-none-eabi/lib/thumb/v7-m/nofp/libg_nano.a(lib_a-nano-vfprintf_i.o)
 .ARM.attributes
                0x00000000000007f5       0x2d /usr/lib/gcc/arm-none-eabi/9.2.1/../../../arm-none-eabi/lib/thumb/v7-m/nofp/libg_nano.a(lib_a-putc.o)
 .ARM.attributes
                0x0000000000000822       0x2d /usr/lib/gcc/arm-none-eabi/9.2.1/../../../arm-none-eabi/lib/thumb/v7-m/nofp/libg_nano.a(lib_a-sbrkr.o)
 .ARM.attributes
                0x000000000000084f       0x2d /usr/lib/gcc/arm-none-eabi/9.2.1/../../../arm-none-eabi/lib/thumb/v7-m/nofp/libg_nano.a(lib_a-stdio.o)
 .ARM.attributes
                0x000000000000087c       0x2d /usr/lib/gcc/arm-none-eabi/9.2.1/../../../arm-none-eabi/lib/thumb/v7-m/nofp/libg_nano.a(lib_a-writer.o)
 .ARM.attributes
                0x00000000000008a9       0x2d /usr/lib/gcc/arm-none-eabi/9.2.1/../../../arm-none-eabi/lib/thumb/v7-m/nofp/libg_nano.a(lib_a-closer.o)
 .ARM.attributes
                0x00000000000008d6       0x2d /usr/lib/gcc/arm-none-eabi/9.2.1/../../../arm-none-eabi/lib/thumb/v7-m/nofp/libg_nano.a(lib_a-fstatr.o)
 .ARM.attributes
                0x0000000000000903       0x2d /usr/lib/gcc/arm-none-eabi/9.2.1/../../../arm-none-eabi/lib/thumb/v7-m/nofp/libg_nano.a(lib_a-fvwrite.o)
 .ARM.attributes
                0x0000000000000930       0x2d /usr/lib/gcc/arm-none-eabi/9.2.1/../../../arm-none-eabi/lib/thumb/v7-m/nofp/libg_nano.a(lib_a-isattyr.o)
 .ARM.attributes
                0x000000000000095d       0x2d /usr/lib/gcc/arm-none-eabi/9.2.1/../../../arm-none-eabi/lib/thumb/v7-m/nofp/libg_nano.a(lib_a-lseekr.o)
 .ARM.attributes
                0x000000000000098a       0x2d /usr/lib/gcc/arm-none-eabi/9.2.1/../../../arm-none-eabi/lib/thumb/v7-m/nofp/libg_nano.a(lib_a-memchr-stub.o)
 .ARM.attributes
                0x00000000000009b7       0x2d /usr/lib/gcc/arm-none-eabi/9.2.1/../../../arm-none-eabi/lib/thumb/v7-m/nofp/libg_nano.a(lib_a-memmove.o)
 .ARM.attributes
                0x00000000000009e4       0x2d /usr/lib/gcc/arm-none-eabi/9.2.1/../../../arm-none-eabi/lib/thumb/v7-m/nofp/libg_nano.a(lib_a-mlock.o)
 .ARM.attributes
                0x0000000000000a11       0x2d /usr/lib/gcc/arm-none-eabi/9.2.1/../../../arm-none-eabi/lib/thumb/v7-m/nofp/libg_nano.a(lib_a-nano-reallocr.o)
 .ARM.attributes
                0x0000000000000a3e       0x2d /usr/lib/gcc/arm-none-eabi/9.2.1/../../../arm-none-eabi/lib/thumb/v7-m/nofp/libg_nano.a(lib_a-readr.o)
 .ARM.attributes
                0x0000000000000a6b       0x2d /usr/lib/gcc/arm-none-eabi/9.2.1/../../../arm-none-eabi/lib/thumb/v7-m/nofp/libg_nano.a(lib_a-nano-msizer.o)
 .ARM.attributes
                0x0000000000000a98       0x2d /usr/lib/gcc/arm-none-eabi/9.2.1/thumb/v7-m/nofp/crtend.o
 .ARM.attributes
                0x0000000000000ac5       0x1d /usr/lib/gcc/arm-none-eabi/9.2.1/thumb/v7-m/nofp/crtn.o
OUTPUT(out_marble/STM32F2.elf elf32-littlearm)
LOAD linker stubs
LOAD /usr/lib/gcc/arm-none-eabi/9.2.1/../../../arm-none-eabi/lib/thumb/v7-m/nofp/libc.a
LOAD /usr/lib/gcc/arm-none-eabi/9.2.1/../../../arm-none-eabi/lib/thumb/v7-m/nofp/libm.a
LOAD /usr/lib/gcc/arm-none-eabi/9.2.1/thumb/v7-m/nofp/libgcc.a

.comment        0x0000000000000000       0xf0
 .comment       0x0000000000000000       0x59 /usr/lib/gcc/arm-none-eabi/9.2.1/thumb/v7-m/nofp/crtbegin.o
                                         0x5a (size before relaxing)
 .comment       0x0000000000000059       0x4e /usr/lib/gcc/arm-none-eabi/9.2.1/../../../arm-none-eabi/lib/thumb/v7-m/nofp/libc_nano.a(lib_a-impure.o)
                                         0x4f (size before relaxing)
 .comment       0x00000000000000a7       0x4f /usr/lib/gcc/arm-none-eabi/9.2.1/../../../arm-none-eabi/lib/thumb/v7-m/nofp/libc_nano.a(lib_a-init.o)
 .comment       0x00000000000000a7       0x4f /usr/lib/gcc/arm-none-eabi/9.2.1/../../../arm-none-eabi/lib/thumb/v7-m/nofp/libc_nano.a(lib_a-memset.o)
 .comment       0x00000000000000a7       0x49 out_marble/board_support/marble_v2/stm32f2xx_hal_msp.o
                                         0x4a (size before relaxing)
 .comment       0x00000000000000f0       0x4a out_marble/board_support/marble_v2/stm32f2xx_it.o
 .comment       0x00000000000000f0       0x4a out_marble/board_support/marble_v2/system_stm32f2xx.o
 .comment       0x00000000000000f0       0x4a out_marble/board_support/marble_v2/marble_board.o
 .comment       0x00000000000000f0       0x4a out_marble/board_support/marble_v2/STM32F2xx_HAL_Driver/Src/stm32f2xx_hal.o
 .comment       0x00000000000000f0       0x4a out_marble/board_support/marble_v2/STM32F2xx_HAL_Driver/Src/stm32f2xx_hal_cortex.o
 .comment       0x00000000000000f0       0x4a out_marble/board_support/marble_v2/STM32F2xx_HAL_Driver/Src/stm32f2xx_hal_uart.o
 .comment       0x00000000000000f0       0x4a out_marble/board_support/marble_v2/STM32F2xx_HAL_Driver/Src/stm32f2xx_hal_gpio.o
 .comment       0x00000000000000f0       0x4a out_marble/board_support/marble_v2/STM32F2xx_HAL_Driver/Src/stm32f2xx_hal_rcc.o
 .comment       0x00000000000000f0       0x4a out_marble/board_support/marble_v2/STM32F2xx_HAL_Driver/Src/stm32f2xx_hal_i2c.o
 .comment       0x00000000000000f0       0x4a out_marble/board_support/marble_v2/STM32F2xx_HAL_Driver/Src/stm32f2xx_hal_eth.o
 .comment       0x00000000000000f0       0x4a out_marble/board_support/marble_v2/STM32F2xx_HAL_Driver/Src/stm32f2xx_hal_spi.o
 .comment       0x00000000000000f0       0x4a out_marble/board_support/marble_v2/STM32F2xx_HAL_Driver/Src/stm32f2xx_hal_dma.o
 .comment       0x00000000000000f0       0x5a out_marble/src/i2c_pm.o
 .comment       0x00000000000000f0       0x5a out_marble/src/i2c_fpga.o
 .comment       0x00000000000000f0       0x5a out_marble/src/mailbox.o
 .comment       0x00000000000000f0       0x4a out_marble/src/phy_mdio.o
 .comment       0x00000000000000f0       0x5a out_marble/src/hexrec.o
 .comment       0x00000000000000f0       0x4a out_marble/src/syscalls.o
 .comment       0x00000000000000f0       0x5a out_marble/src/main.o
 .comment       0x00000000000000f0       0x5a /usr/lib/gcc/arm-none-eabi/9.2.1/thumb/v7-m/nofp/libgcc.a(_udivmoddi4.o)
 .comment       0x00000000000000f0       0x4f /usr/lib/gcc/arm-none-eabi/9.2.1/../../../arm-none-eabi/lib/thumb/v7-m/nofp/libg_nano.a(lib_a-printf.o)
 .comment       0x00000000000000f0       0x4f /usr/lib/gcc/arm-none-eabi/9.2.1/../../../arm-none-eabi/lib/thumb/v7-m/nofp/libg_nano.a(lib_a-putchar.o)
 .comment       0x00000000000000f0       0x4f /usr/lib/gcc/arm-none-eabi/9.2.1/../../../arm-none-eabi/lib/thumb/v7-m/nofp/libg_nano.a(lib_a-puts.o)
 .comment       0x00000000000000f0       0x4f /usr/lib/gcc/arm-none-eabi/9.2.1/../../../arm-none-eabi/lib/thumb/v7-m/nofp/libg_nano.a(lib_a-reent.o)
 .comment       0x00000000000000f0       0x4f /usr/lib/gcc/arm-none-eabi/9.2.1/../../../arm-none-eabi/lib/thumb/v7-m/nofp/libg_nano.a(lib_a-snprintf.o)
 .comment       0x00000000000000f0       0x4f /usr/lib/gcc/arm-none-eabi/9.2.1/../../../arm-none-eabi/lib/thumb/v7-m/nofp/libg_nano.a(lib_a-strlen-stub.o)
 .comment       0x00000000000000f0       0x4f /usr/lib/gcc/arm-none-eabi/9.2.1/../../../arm-none-eabi/lib/thumb/v7-m/nofp/libg_nano.a(lib_a-wbuf.o)
 .comment       0x00000000000000f0       0x4f /usr/lib/gcc/arm-none-eabi/9.2.1/../../../arm-none-eabi/lib/thumb/v7-m/nofp/libg_nano.a(lib_a-wsetup.o)
 .comment       0x00000000000000f0       0x4f /usr/lib/gcc/arm-none-eabi/9.2.1/../../../arm-none-eabi/lib/thumb/v7-m/nofp/libg_nano.a(lib_a-fflush.o)
 .comment       0x00000000000000f0       0x4f /usr/lib/gcc/arm-none-eabi/9.2.1/../../../arm-none-eabi/lib/thumb/v7-m/nofp/libg_nano.a(lib_a-findfp.o)
 .comment       0x00000000000000f0       0x4f /usr/lib/gcc/arm-none-eabi/9.2.1/../../../arm-none-eabi/lib/thumb/v7-m/nofp/libg_nano.a(lib_a-fwalk.o)
 .comment       0x00000000000000f0       0x4f /usr/lib/gcc/arm-none-eabi/9.2.1/../../../arm-none-eabi/lib/thumb/v7-m/nofp/libg_nano.a(lib_a-makebuf.o)
 .comment       0x00000000000000f0       0x4f /usr/lib/gcc/arm-none-eabi/9.2.1/../../../arm-none-eabi/lib/thumb/v7-m/nofp/libg_nano.a(lib_a-nano-freer.o)
 .comment       0x00000000000000f0       0x4f /usr/lib/gcc/arm-none-eabi/9.2.1/../../../arm-none-eabi/lib/thumb/v7-m/nofp/libg_nano.a(lib_a-nano-mallocr.o)
 .comment       0x00000000000000f0       0x4f /usr/lib/gcc/arm-none-eabi/9.2.1/../../../arm-none-eabi/lib/thumb/v7-m/nofp/libg_nano.a(lib_a-nano-svfprintf.o)
 .comment       0x00000000000000f0       0x4f /usr/lib/gcc/arm-none-eabi/9.2.1/../../../arm-none-eabi/lib/thumb/v7-m/nofp/libg_nano.a(lib_a-nano-vfprintf.o)
 .comment       0x00000000000000f0       0x4f /usr/lib/gcc/arm-none-eabi/9.2.1/../../../arm-none-eabi/lib/thumb/v7-m/nofp/libg_nano.a(lib_a-nano-vfprintf_i.o)
 .comment       0x00000000000000f0       0x4f /usr/lib/gcc/arm-none-eabi/9.2.1/../../../arm-none-eabi/lib/thumb/v7-m/nofp/libg_nano.a(lib_a-putc.o)
 .comment       0x00000000000000f0       0x4f /usr/lib/gcc/arm-none-eabi/9.2.1/../../../arm-none-eabi/lib/thumb/v7-m/nofp/libg_nano.a(lib_a-sbrkr.o)
 .comment       0x00000000000000f0       0x4f /usr/lib/gcc/arm-none-eabi/9.2.1/../../../arm-none-eabi/lib/thumb/v7-m/nofp/libg_nano.a(lib_a-stdio.o)
 .comment       0x00000000000000f0       0x4f /usr/lib/gcc/arm-none-eabi/9.2.1/../../../arm-none-eabi/lib/thumb/v7-m/nofp/libg_nano.a(lib_a-writer.o)
 .comment       0x00000000000000f0       0x4f /usr/lib/gcc/arm-none-eabi/9.2.1/../../../arm-none-eabi/lib/thumb/v7-m/nofp/libg_nano.a(lib_a-closer.o)
 .comment       0x00000000000000f0       0x4f /usr/lib/gcc/arm-none-eabi/9.2.1/../../../arm-none-eabi/lib/thumb/v7-m/nofp/libg_nano.a(lib_a-fstatr.o)
 .comment       0x00000000000000f0       0x4f /usr/lib/gcc/arm-none-eabi/9.2.1/../../../arm-none-eabi/lib/thumb/v7-m/nofp/libg_nano.a(lib_a-fvwrite.o)
 .comment       0x00000000000000f0       0x4f /usr/lib/gcc/arm-none-eabi/9.2.1/../../../arm-none-eabi/lib/thumb/v7-m/nofp/libg_nano.a(lib_a-isattyr.o)
 .comment       0x00000000000000f0       0x4f /usr/lib/gcc/arm-none-eabi/9.2.1/../../../arm-none-eabi/lib/thumb/v7-m/nofp/libg_nano.a(lib_a-lseekr.o)
 .comment       0x00000000000000f0       0x4f /usr/lib/gcc/arm-none-eabi/9.2.1/../../../arm-none-eabi/lib/thumb/v7-m/nofp/libg_nano.a(lib_a-memchr-stub.o)
 .comment       0x00000000000000f0       0x4f /usr/lib/gcc/arm-none-eabi/9.2.1/../../../arm-none-eabi/lib/thumb/v7-m/nofp/libg_nano.a(lib_a-memmove.o)
 .comment       0x00000000000000f0       0x4f /usr/lib/gcc/arm-none-eabi/9.2.1/../../../arm-none-eabi/lib/thumb/v7-m/nofp/libg_nano.a(lib_a-mlock.o)
 .comment       0x00000000000000f0       0x4f /usr/lib/gcc/arm-none-eabi/9.2.1/../../../arm-none-eabi/lib/thumb/v7-m/nofp/libg_nano.a(lib_a-nano-reallocr.o)
 .comment       0x00000000000000f0       0x4f /usr/lib/gcc/arm-none-eabi/9.2.1/../../../arm-none-eabi/lib/thumb/v7-m/nofp/libg_nano.a(lib_a-readr.o)
 .comment       0x00000000000000f0       0x4f /usr/lib/gcc/arm-none-eabi/9.2.1/../../../arm-none-eabi/lib/thumb/v7-m/nofp/libg_nano.a(lib_a-nano-msizer.o)
 .comment       0x00000000000000f0       0x5a /usr/lib/gcc/arm-none-eabi/9.2.1/thumb/v7-m/nofp/crtend.o

.debug_info     0x0000000000000000    0x3777a
 .debug_info    0x0000000000000000      0x92a /usr/lib/gcc/arm-none-eabi/9.2.1/../../../arm-none-eabi/lib/thumb/v7-m/nofp/libc_nano.a(lib_a-impure.o)
 .debug_info    0x000000000000092a      0x11a /usr/lib/gcc/arm-none-eabi/9.2.1/../../../arm-none-eabi/lib/thumb/v7-m/nofp/libc_nano.a(lib_a-init.o)
 .debug_info    0x0000000000000a44      0xf21 /usr/lib/gcc/arm-none-eabi/9.2.1/../../../arm-none-eabi/lib/thumb/v7-m/nofp/libc_nano.a(lib_a-memset.o)
 .debug_info    0x0000000000001965       0x22 out_marble/board_support/marble_v2/startup_stm32f207xx.o
 .debug_info    0x0000000000001987     0x1e46 out_marble/board_support/marble_v2/stm32f2xx_hal_msp.o
 .debug_info    0x00000000000037cd      0x667 out_marble/board_support/marble_v2/stm32f2xx_it.o
 .debug_info    0x0000000000003e34      0x535 out_marble/board_support/marble_v2/system_stm32f2xx.o
 .debug_info    0x0000000000004369     0x360a out_marble/board_support/marble_v2/marble_board.o
 .debug_info    0x0000000000007973      0x96b out_marble/board_support/marble_v2/STM32F2xx_HAL_Driver/Src/stm32f2xx_hal.o
 .debug_info    0x00000000000082de     0x1073 out_marble/board_support/marble_v2/STM32F2xx_HAL_Driver/Src/stm32f2xx_hal_cortex.o
 .debug_info    0x0000000000009351     0x192e out_marble/board_support/marble_v2/STM32F2xx_HAL_Driver/Src/stm32f2xx_hal_uart.o
 .debug_info    0x000000000000ac7f      0x7a9 out_marble/board_support/marble_v2/STM32F2xx_HAL_Driver/Src/stm32f2xx_hal_gpio.o
 .debug_info    0x000000000000b428      0xe5e out_marble/board_support/marble_v2/STM32F2xx_HAL_Driver/Src/stm32f2xx_hal_rcc.o
 .debug_info    0x000000000000c286     0x33c1 out_marble/board_support/marble_v2/STM32F2xx_HAL_Driver/Src/stm32f2xx_hal_i2c.o
 .debug_info    0x000000000000f647     0x1ac7 out_marble/board_support/marble_v2/STM32F2xx_HAL_Driver/Src/stm32f2xx_hal_eth.o
 .debug_info    0x000000000001110e     0x19ed out_marble/board_support/marble_v2/STM32F2xx_HAL_Driver/Src/stm32f2xx_hal_spi.o
 .debug_info    0x0000000000012afb      0xb53 out_marble/board_support/marble_v2/STM32F2xx_HAL_Driver/Src/stm32f2xx_hal_dma.o
 .debug_info    0x000000000001364e     0x35f2 out_marble/src/i2c_pm.o
 .debug_info    0x0000000000016c40     0x192b out_marble/src/i2c_fpga.o
 .debug_info    0x000000000001856b     0x121a out_marble/src/mailbox.o
 .debug_info    0x0000000000019785      0x133 out_marble/src/phy_mdio.o
 .debug_info    0x00000000000198b8      0xe8a out_marble/src/hexrec.o
 .debug_info    0x000000000001a742      0x7fc out_marble/src/syscalls.o
 .debug_info    0x000000000001af3e     0x177f out_marble/src/main.o
 .debug_info    0x000000000001c6bd       0x26 /usr/lib/gcc/arm-none-eabi/9.2.1/thumb/v7-m/nofp/libgcc.a(_aeabi_uldivmod.o)
 .debug_info    0x000000000001c6e3      0xd7c /usr/lib/gcc/arm-none-eabi/9.2.1/thumb/v7-m/nofp/libgcc.a(_udivmoddi4.o)
 .debug_info    0x000000000001d45f       0x26 /usr/lib/gcc/arm-none-eabi/9.2.1/thumb/v7-m/nofp/libgcc.a(_dvmd_tls.o)
 .debug_info    0x000000000001d485       0x26 /usr/lib/gcc/arm-none-eabi/9.2.1/../../../arm-none-eabi/lib/thumb/v7-m/nofp/libg_nano.a(lib_a-memcpy.o)
 .debug_info    0x000000000001d4ab      0xc67 /usr/lib/gcc/arm-none-eabi/9.2.1/../../../arm-none-eabi/lib/thumb/v7-m/nofp/libg_nano.a(lib_a-printf.o)
 .debug_info    0x000000000001e112      0xbf0 /usr/lib/gcc/arm-none-eabi/9.2.1/../../../arm-none-eabi/lib/thumb/v7-m/nofp/libg_nano.a(lib_a-putchar.o)
 .debug_info    0x000000000001ed02      0xd20 /usr/lib/gcc/arm-none-eabi/9.2.1/../../../arm-none-eabi/lib/thumb/v7-m/nofp/libg_nano.a(lib_a-puts.o)
 .debug_info    0x000000000001fa22      0xb0f /usr/lib/gcc/arm-none-eabi/9.2.1/../../../arm-none-eabi/lib/thumb/v7-m/nofp/libg_nano.a(lib_a-reent.o)
 .debug_info    0x0000000000020531      0xd4a /usr/lib/gcc/arm-none-eabi/9.2.1/../../../arm-none-eabi/lib/thumb/v7-m/nofp/libg_nano.a(lib_a-snprintf.o)
 .debug_info    0x000000000002127b      0x941 /usr/lib/gcc/arm-none-eabi/9.2.1/../../../arm-none-eabi/lib/thumb/v7-m/nofp/libg_nano.a(lib_a-strlen-stub.o)
 .debug_info    0x0000000000021bbc      0xc90 /usr/lib/gcc/arm-none-eabi/9.2.1/../../../arm-none-eabi/lib/thumb/v7-m/nofp/libg_nano.a(lib_a-wbuf.o)
 .debug_info    0x000000000002284c      0xbfa /usr/lib/gcc/arm-none-eabi/9.2.1/../../../arm-none-eabi/lib/thumb/v7-m/nofp/libg_nano.a(lib_a-wsetup.o)
 .debug_info    0x0000000000023446      0xd7d /usr/lib/gcc/arm-none-eabi/9.2.1/../../../arm-none-eabi/lib/thumb/v7-m/nofp/libg_nano.a(lib_a-fflush.o)
 .debug_info    0x00000000000241c3     0x11a8 /usr/lib/gcc/arm-none-eabi/9.2.1/../../../arm-none-eabi/lib/thumb/v7-m/nofp/libg_nano.a(lib_a-findfp.o)
 .debug_info    0x000000000002536b      0xca4 /usr/lib/gcc/arm-none-eabi/9.2.1/../../../arm-none-eabi/lib/thumb/v7-m/nofp/libg_nano.a(lib_a-fwalk.o)
 .debug_info    0x000000000002600f      0xf68 /usr/lib/gcc/arm-none-eabi/9.2.1/../../../arm-none-eabi/lib/thumb/v7-m/nofp/libg_nano.a(lib_a-makebuf.o)
 .debug_info    0x0000000000026f77      0xb85 /usr/lib/gcc/arm-none-eabi/9.2.1/../../../arm-none-eabi/lib/thumb/v7-m/nofp/libg_nano.a(lib_a-nano-freer.o)
 .debug_info    0x0000000000027afc      0xc5a /usr/lib/gcc/arm-none-eabi/9.2.1/../../../arm-none-eabi/lib/thumb/v7-m/nofp/libg_nano.a(lib_a-nano-mallocr.o)
 .debug_info    0x0000000000028756     0x17e4 /usr/lib/gcc/arm-none-eabi/9.2.1/../../../arm-none-eabi/lib/thumb/v7-m/nofp/libg_nano.a(lib_a-nano-svfprintf.o)
 .debug_info    0x0000000000029f3a     0x176a /usr/lib/gcc/arm-none-eabi/9.2.1/../../../arm-none-eabi/lib/thumb/v7-m/nofp/libg_nano.a(lib_a-nano-vfprintf.o)
 .debug_info    0x000000000002b6a4     0x1592 /usr/lib/gcc/arm-none-eabi/9.2.1/../../../arm-none-eabi/lib/thumb/v7-m/nofp/libg_nano.a(lib_a-nano-vfprintf_i.o)
 .debug_info    0x000000000002cc36      0xd09 /usr/lib/gcc/arm-none-eabi/9.2.1/../../../arm-none-eabi/lib/thumb/v7-m/nofp/libg_nano.a(lib_a-putc.o)
 .debug_info    0x000000000002d93f      0x9fb /usr/lib/gcc/arm-none-eabi/9.2.1/../../../arm-none-eabi/lib/thumb/v7-m/nofp/libg_nano.a(lib_a-sbrkr.o)
 .debug_info    0x000000000002e33a      0xe67 /usr/lib/gcc/arm-none-eabi/9.2.1/../../../arm-none-eabi/lib/thumb/v7-m/nofp/libg_nano.a(lib_a-stdio.o)
 .debug_info    0x000000000002f1a1      0xa2c /usr/lib/gcc/arm-none-eabi/9.2.1/../../../arm-none-eabi/lib/thumb/v7-m/nofp/libg_nano.a(lib_a-writer.o)
 .debug_info    0x000000000002fbcd      0x9d8 /usr/lib/gcc/arm-none-eabi/9.2.1/../../../arm-none-eabi/lib/thumb/v7-m/nofp/libg_nano.a(lib_a-closer.o)
 .debug_info    0x00000000000305a5      0xc23 /usr/lib/gcc/arm-none-eabi/9.2.1/../../../arm-none-eabi/lib/thumb/v7-m/nofp/libg_nano.a(lib_a-fstatr.o)
 .debug_info    0x00000000000311c8      0xf1c /usr/lib/gcc/arm-none-eabi/9.2.1/../../../arm-none-eabi/lib/thumb/v7-m/nofp/libg_nano.a(lib_a-fvwrite.o)
 .debug_info    0x00000000000320e4      0x9d8 /usr/lib/gcc/arm-none-eabi/9.2.1/../../../arm-none-eabi/lib/thumb/v7-m/nofp/libg_nano.a(lib_a-isattyr.o)
 .debug_info    0x0000000000032abc      0xa0d /usr/lib/gcc/arm-none-eabi/9.2.1/../../../arm-none-eabi/lib/thumb/v7-m/nofp/libg_nano.a(lib_a-lseekr.o)
 .debug_info    0x00000000000334c9      0x9e3 /usr/lib/gcc/arm-none-eabi/9.2.1/../../../arm-none-eabi/lib/thumb/v7-m/nofp/libg_nano.a(lib_a-memchr-stub.o)
 .debug_info    0x0000000000033eac      0xf2b /usr/lib/gcc/arm-none-eabi/9.2.1/../../../arm-none-eabi/lib/thumb/v7-m/nofp/libg_nano.a(lib_a-memmove.o)
 .debug_info    0x0000000000034dd7      0x961 /usr/lib/gcc/arm-none-eabi/9.2.1/../../../arm-none-eabi/lib/thumb/v7-m/nofp/libg_nano.a(lib_a-mlock.o)
 .debug_info    0x0000000000035738      0xb77 /usr/lib/gcc/arm-none-eabi/9.2.1/../../../arm-none-eabi/lib/thumb/v7-m/nofp/libg_nano.a(lib_a-nano-reallocr.o)
 .debug_info    0x00000000000362af      0xa25 /usr/lib/gcc/arm-none-eabi/9.2.1/../../../arm-none-eabi/lib/thumb/v7-m/nofp/libg_nano.a(lib_a-readr.o)
 .debug_info    0x0000000000036cd4      0xaa6 /usr/lib/gcc/arm-none-eabi/9.2.1/../../../arm-none-eabi/lib/thumb/v7-m/nofp/libg_nano.a(lib_a-nano-msizer.o)

.debug_abbrev   0x0000000000000000     0x9244
 .debug_abbrev  0x0000000000000000      0x17a /usr/lib/gcc/arm-none-eabi/9.2.1/../../../arm-none-eabi/lib/thumb/v7-m/nofp/libc_nano.a(lib_a-impure.o)
 .debug_abbrev  0x000000000000017a       0xcc /usr/lib/gcc/arm-none-eabi/9.2.1/../../../arm-none-eabi/lib/thumb/v7-m/nofp/libc_nano.a(lib_a-init.o)
 .debug_abbrev  0x0000000000000246      0x1d9 /usr/lib/gcc/arm-none-eabi/9.2.1/../../../arm-none-eabi/lib/thumb/v7-m/nofp/libc_nano.a(lib_a-memset.o)
 .debug_abbrev  0x000000000000041f       0x12 out_marble/board_support/marble_v2/startup_stm32f207xx.o
 .debug_abbrev  0x0000000000000431      0x289 out_marble/board_support/marble_v2/stm32f2xx_hal_msp.o
 .debug_abbrev  0x00000000000006ba      0x18e out_marble/board_support/marble_v2/stm32f2xx_it.o
 .debug_abbrev  0x0000000000000848      0x11c out_marble/board_support/marble_v2/system_stm32f2xx.o
 .debug_abbrev  0x0000000000000964      0x598 out_marble/board_support/marble_v2/marble_board.o
 .debug_abbrev  0x0000000000000efc      0x28e out_marble/board_support/marble_v2/STM32F2xx_HAL_Driver/Src/stm32f2xx_hal.o
 .debug_abbrev  0x000000000000118a      0x367 out_marble/board_support/marble_v2/STM32F2xx_HAL_Driver/Src/stm32f2xx_hal_cortex.o
 .debug_abbrev  0x00000000000014f1      0x366 out_marble/board_support/marble_v2/STM32F2xx_HAL_Driver/Src/stm32f2xx_hal_uart.o
 .debug_abbrev  0x0000000000001857      0x1f0 out_marble/board_support/marble_v2/STM32F2xx_HAL_Driver/Src/stm32f2xx_hal_gpio.o
 .debug_abbrev  0x0000000000001a47      0x34d out_marble/board_support/marble_v2/STM32F2xx_HAL_Driver/Src/stm32f2xx_hal_rcc.o
 .debug_abbrev  0x0000000000001d94      0x3b8 out_marble/board_support/marble_v2/STM32F2xx_HAL_Driver/Src/stm32f2xx_hal_i2c.o
 .debug_abbrev  0x000000000000214c      0x3a9 out_marble/board_support/marble_v2/STM32F2xx_HAL_Driver/Src/stm32f2xx_hal_eth.o
 .debug_abbrev  0x00000000000024f5      0x34b out_marble/board_support/marble_v2/STM32F2xx_HAL_Driver/Src/stm32f2xx_hal_spi.o
 .debug_abbrev  0x0000000000002840      0x343 out_marble/board_support/marble_v2/STM32F2xx_HAL_Driver/Src/stm32f2xx_hal_dma.o
 .debug_abbrev  0x0000000000002b83      0x5b0 out_marble/src/i2c_pm.o
 .debug_abbrev  0x0000000000003133      0x500 out_marble/src/i2c_fpga.o
 .debug_abbrev  0x0000000000003633      0x3a6 out_marble/src/mailbox.o
 .debug_abbrev  0x00000000000039d9       0xbe out_marble/src/phy_mdio.o
 .debug_abbrev  0x0000000000003a97      0x34f out_marble/src/hexrec.o
 .debug_abbrev  0x0000000000003de6      0x1ea out_marble/src/syscalls.o
 .debug_abbrev  0x0000000000003fd0      0x40e out_marble/src/main.o
 .debug_abbrev  0x00000000000043de       0x14 /usr/lib/gcc/arm-none-eabi/9.2.1/thumb/v7-m/nofp/libgcc.a(_aeabi_uldivmod.o)
 .debug_abbrev  0x00000000000043f2      0x1c2 /usr/lib/gcc/arm-none-eabi/9.2.1/thumb/v7-m/nofp/libgcc.a(_udivmoddi4.o)
 .debug_abbrev  0x00000000000045b4       0x14 /usr/lib/gcc/arm-none-eabi/9.2.1/thumb/v7-m/nofp/libgcc.a(_dvmd_tls.o)
 .debug_abbrev  0x00000000000045c8       0x14 /usr/lib/gcc/arm-none-eabi/9.2.1/../../../arm-none-eabi/lib/thumb/v7-m/nofp/libg_nano.a(lib_a-memcpy.o)
 .debug_abbrev  0x00000000000045dc      0x29f /usr/lib/gcc/arm-none-eabi/9.2.1/../../../arm-none-eabi/lib/thumb/v7-m/nofp/libg_nano.a(lib_a-printf.o)
 .debug_abbrev  0x000000000000487b      0x268 /usr/lib/gcc/arm-none-eabi/9.2.1/../../../arm-none-eabi/lib/thumb/v7-m/nofp/libg_nano.a(lib_a-putchar.o)
 .debug_abbrev  0x0000000000004ae3      0x2de /usr/lib/gcc/arm-none-eabi/9.2.1/../../../arm-none-eabi/lib/thumb/v7-m/nofp/libg_nano.a(lib_a-puts.o)
 .debug_abbrev  0x0000000000004dc1      0x268 /usr/lib/gcc/arm-none-eabi/9.2.1/../../../arm-none-eabi/lib/thumb/v7-m/nofp/libg_nano.a(lib_a-reent.o)
 .debug_abbrev  0x0000000000005029      0x27c /usr/lib/gcc/arm-none-eabi/9.2.1/../../../arm-none-eabi/lib/thumb/v7-m/nofp/libg_nano.a(lib_a-snprintf.o)
 .debug_abbrev  0x00000000000052a5      0x194 /usr/lib/gcc/arm-none-eabi/9.2.1/../../../arm-none-eabi/lib/thumb/v7-m/nofp/libg_nano.a(lib_a-strlen-stub.o)
 .debug_abbrev  0x0000000000005439      0x285 /usr/lib/gcc/arm-none-eabi/9.2.1/../../../arm-none-eabi/lib/thumb/v7-m/nofp/libg_nano.a(lib_a-wbuf.o)
 .debug_abbrev  0x00000000000056be      0x23a /usr/lib/gcc/arm-none-eabi/9.2.1/../../../arm-none-eabi/lib/thumb/v7-m/nofp/libg_nano.a(lib_a-wsetup.o)
 .debug_abbrev  0x00000000000058f8      0x2e4 /usr/lib/gcc/arm-none-eabi/9.2.1/../../../arm-none-eabi/lib/thumb/v7-m/nofp/libg_nano.a(lib_a-fflush.o)
 .debug_abbrev  0x0000000000005bdc      0x3dc /usr/lib/gcc/arm-none-eabi/9.2.1/../../../arm-none-eabi/lib/thumb/v7-m/nofp/libg_nano.a(lib_a-findfp.o)
 .debug_abbrev  0x0000000000005fb8      0x210 /usr/lib/gcc/arm-none-eabi/9.2.1/../../../arm-none-eabi/lib/thumb/v7-m/nofp/libg_nano.a(lib_a-fwalk.o)